Microchip MPLAB XC8 Compiler V1.32 ()

Linker command line:

--edf=C:\Program Files (x86)\Microchip\xc8\v1.32 - PRO\dat\en_msgs.txt -cs \
  -h+dist/PIC12F1840_SIM_PRO/production\PIC12-DS1307-AT24C32.X.production.sym \
  --cmf=dist/PIC12F1840_SIM_PRO/production\PIC12-DS1307-AT24C32.X.production.cmf \
  -z -Q12F1840 -oD:\TEMP\s52o.6 \
  -Mdist/PIC12F1840_SIM_PRO/production/PIC12-DS1307-AT24C32.X.production.map \
  -E1 -ver=XC8 -ASTACK=02072h-020efh -pstack=STACK -ACONST=00h-0FFhx16 \
  -ACODE=00h-07FFhx2 -ASTRCODE=00h-0FFFh -AENTRY=00h-0FFhx16 \
  -ASTRING=00h-0FFhx16 -ACOMMON=070h-07Fh -ABANK0=020h-06Fh \
  -ABANK1=0A0h-0EFh -ABANK2=0120h-016Fh -ABIGRAM=02000h-020EFh \
  -ARAM=020h-06Fh,0A0h-0EFh,0120h-016Fh \
  -AABS1=020h-07Fh,0A0h-0EFh,0120h-016Fh -ASFR0=00h-01Fh -ASFR1=080h-09Fh \
  -ASFR2=0100h-011Fh -ASFR3=0180h-01EFh -ASFR4=0200h-026Fh \
  -ASFR5=0280h-02EFh -ASFR6=0300h-036Fh -ASFR7=0380h-03EFh \
  -ASFR8=0400h-046Fh -ASFR9=0480h-04EFh -ASFR10=0500h-056Fh \
  -ASFR11=0580h-05EFh -ASFR12=0600h-066Fh -ASFR13=0680h-06EFh \
  -ASFR14=0700h-076Fh -ASFR15=0780h-07EFh -ASFR16=0800h-086Fh \
  -ASFR17=0880h-08EFh -ASFR18=0900h-096Fh -ASFR19=0980h-09EFh \
  -ASFR20=0A00h-0A6Fh -ASFR21=0A80h-0AEFh -ASFR22=0B00h-0B6Fh \
  -ASFR23=0B80h-0BEFh -ASFR24=0C00h-0C6Fh -ASFR25=0C80h-0CEFh \
  -ASFR26=0D00h-0D6Fh -ASFR27=0D80h-0DEFh -ASFR28=0E00h-0E6Fh \
  -ASFR29=0E80h-0EEFh -ASFR30=0F00h-0F6Fh -ASFR31=0F80h-0FEFh \
  -preset_vec=00h,intentry=04h,init,end_init -ppowerup=CODE -pcinit=CODE \
  -pfunctab=CODE -ACONFIG=08007h-08008h -pconfig=CONFIG -DCONFIG=2 \
  -AIDLOC=08000h-08003h -pidloc=IDLOC -DIDLOC=2 -AEEDATA=00h-0FFh/0F000h \
  -peeprom_data=EEDATA -DEEDATA=2 -DCODE=2 -DSTRCODE=2 -DSTRING=2 -DCONST=2 \
  -DENTRY=2 -k D:\TEMP\s52o.obj \
  dist/PIC12F1840_SIM_PRO/production\PIC12-DS1307-AT24C32.X.production.obj 

Object code version is 3.11

Machine type is 12F1840



                Name                               Link     Load   Length Selector   Space Scale
D:\TEMP\s52o.obj
                end_init                             A6       A6        2        8       0
                reset_vec                             0        0        2        0       0
                config                             8007     8007        2    1000E       0
dist/PIC12F1840_SIM_PRO/production\PIC12-DS1307-AT24C32.X.production.obj
                cinit                                A8       A8      270        8       0
                intentry                              4        4       A2        8       0
                text76                              318      318      3FD        8       0
                text60                              7AE      7AE       1E        8       0
                text37                              F84      F84       7C     1F08       0
                text29                              715      715       99        8       0
                text28                              7CC      7CC        8        8       0
                cstackBANK0                          20       20       2A       20       1
                cstackCOMMON                         70       70        E       70       1
                cstackBANK1                          B1       B1       11       A0       1
                clrtext                             7D4      7D4        6        8       0
                bssBANK1                             A0       A0       11       A0       1
                bssBANK0                             4A       4A        5       20       1
                stringtext                          800      800       49       10       0

TOTAL           Name                               Link     Load   Length     Space
        CLASS   STACK          

        CLASS   CONST          

        CLASS   CODE           
                end_init                             A6       A6        2         0
                cinit                                A8       A8      270         0
                intentry                              4        4       A2         0
                reset_vec                             0        0        2         0
                text76                              318      318      3FD         0
                text60                              7AE      7AE       1E         0
                text37                              F84      F84       7C         0
                text29                              715      715       99         0
                text28                              7CC      7CC        8         0
                clrtext                             7D4      7D4        6         0

        CLASS   STRCODE        
                stringtext                          800      800       49         0

        CLASS   ENTRY          

        CLASS   STRING         

        CLASS   COMMON         
                cstackCOMMON                         70       70        E         1

        CLASS   BANK0          
                cstackBANK0                          20       20       2A         1
                bssBANK0                             4A       4A        5         1

        CLASS   BANK1          
                cstackBANK1                          B1       B1       11         1
                bssBANK1                             A0       A0       11         1

        CLASS   BANK2          

        CLASS   BIGRAM         

        CLASS   RAM            

        CLASS   ABS1           
                abs_s1                               7E       7E        2         1

        CLASS   SFR0           

        CLASS   SFR1           

        CLASS   SFR2           

        CLASS   SFR3           

        CLASS   SFR4           

        CLASS   SFR5           

        CLASS   SFR6           

        CLASS   SFR7           

        CLASS   SFR8           

        CLASS   SFR9           

        CLASS   SFR10          

        CLASS   SFR11          

        CLASS   SFR12          

        CLASS   SFR13          

        CLASS   SFR14          

        CLASS   SFR15          

        CLASS   SFR16          

        CLASS   SFR17          

        CLASS   SFR18          

        CLASS   SFR19          

        CLASS   SFR20          

        CLASS   SFR21          

        CLASS   SFR22          

        CLASS   SFR23          

        CLASS   SFR24          

        CLASS   SFR25          

        CLASS   SFR26          

        CLASS   SFR27          

        CLASS   SFR28          

        CLASS   SFR29          

        CLASS   SFR30          

        CLASS   SFR31          

        CLASS   CONFIG         
                config                             8007     8007        2         0

        CLASS   IDLOC          

        CLASS   EEDATA         

        CLASS   BANK31         

        CLASS   BANK30         

        CLASS   BANK29         

        CLASS   BANK28         

        CLASS   BANK27         

        CLASS   BANK26         

        CLASS   BANK25         

        CLASS   BANK24         

        CLASS   BANK23         

        CLASS   BANK22         

        CLASS   BANK21         

        CLASS   BANK20         

        CLASS   BANK19         

        CLASS   BANK18         

        CLASS   BANK17         

        CLASS   BANK16         

        CLASS   BANK15         

        CLASS   BANK14         

        CLASS   BANK13         

        CLASS   BANK12         

        CLASS   BANK11         

        CLASS   BANK10         

        CLASS   BANK9          

        CLASS   BANK8          

        CLASS   BANK7          

        CLASS   BANK6          

        CLASS   BANK5          

        CLASS   BANK4          

        CLASS   BANK3          



SEGMENTS        Name                           Load    Length   Top    Selector   Space  Class     Delta

                reset_vec                      000000  000002  000002         0       0  CODE        2
                intentry                       000004  0007D6  0007DA         8       0  CODE        2
                cstackBANK0                    000020  00002F  00004F        20       1  BANK0       1
                cstackCOMMON                   000070  00000E  00007E        70       1  COMMON      1
                bssBANK1                       0000A0  000022  0000C2        A0       1  BANK1       1
                stringtext                     000800  000049  000849        10       0  STRCODE     2
                text37                         000F84  00007C  001000      1F08       0  CODE        2
                config                         008007  000002  008009     1000E       0  CONFIG      2


UNUSED ADDRESS RANGES

        Name                Unused          Largest block    Delta
        BANK0            0004F-0006F              21           1
        BANK1            000C2-000EF              2E           1
        BANK2            00120-0016F              50           1
        BIGRAM           02000-020EF              F0           1
        CODE             00002-00003               2           2
                         007DA-007FF              26
                         00849-00F83             73B
        CONST            00002-00003               2           2
                         007DA-007FF              26
                         00849-00F83             100
        EEDATA           0F000-0F0FF             100           2
        ENTRY            00002-00003               2           2
                         007DA-007FF              26
                         00849-00F83             100
        IDLOC            08000-08003               4           2
        RAM              0004F-0006F              21           1
                         000C2-000EF              2E
                         00120-0016F              50
        SFR0             00000-0001F              20           1
        SFR1             00080-0009F              20           1
        SFR10            00500-0056F              70           1
        SFR11            00580-005EF              70           1
        SFR12            00600-0066F              70           1
        SFR13            00680-006EF              70           1
        SFR14            00700-0076F              70           1
        SFR15            00780-007EF              70           1
        SFR16            00800-0086F              70           1
        SFR17            00880-008EF              70           1
        SFR18            00900-0096F              70           1
        SFR19            00980-009EF              70           1
        SFR2             00100-0011F              20           1
        SFR20            00A00-00A6F              70           1
        SFR21            00A80-00AEF              70           1
        SFR22            00B00-00B6F              70           1
        SFR23            00B80-00BEF              70           1
        SFR24            00C00-00C6F              70           1
        SFR25            00C80-00CEF              70           1
        SFR26            00D00-00D6F              70           1
        SFR27            00D80-00DEF              70           1
        SFR28            00E00-00E6F              70           1
        SFR29            00E80-00EEF              70           1
        SFR3             00180-001EF              70           1
        SFR30            00F00-00F6F              70           1
        SFR31            00F80-00FEF              70           1
        SFR4             00200-0026F              70           1
        SFR5             00280-002EF              70           1
        SFR6             00300-0036F              70           1
        SFR7             00380-003EF              70           1
        SFR8             00400-0046F              70           1
        SFR9             00480-004EF              70           1
        STACK            02072-020EF              7E           1
        STRCODE          00002-00003               2           2
                         007DA-007FF              26
                         00849-00F83             73B
        STRING           00002-00003               2           2
                         007DA-007FF              26
                         00849-00F83             100

                                  Symbol Table

?___lldiv                          cstackBANK1  000B1
?___lwdiv                          cstackCOMMON 00070
?___lwmod                          cstackCOMMON 00077
?_sprintf                          cstackBANK0  00020
PL10                               text76       006FE
PL12                               text76       00703
PL2                                text76       006D9
PL4                                text76       006E6
PL6                                text76       006F2
PL8                                text76       006F8
_ANSELAbits                        (abs)        0018C
_INTCONbits                        (abs)        0000B
_LCDPort                           bssBANK1     000AF
_OSCCONbits                        (abs)        00099
_PIE1bits                          (abs)        00091
_PIR1bits                          (abs)        00011
_SSP1CON2                          (abs)        00216
_SSP1CON2bits                      (abs)        00216
_SSPADD                            (abs)        00212
_SSPBUF                            (abs)        00211
_SSPCON1                           (abs)        00215
_SSPCON2                           (abs)        00216
_SSPSTATbits                       (abs)        00214
_T1CONbits                         (abs)        00018
_TMR1H                             (abs)        00017
_TMR1L                             (abs)        00016
_TRISAbits                         (abs)        0008C
__CFG_BOREN$ON                     (abs)        00000
__CFG_BORV$LO                      (abs)        00000
__CFG_CLKOUTEN$OFF                 (abs)        00000
__CFG_CP$OFF                       (abs)        00000
__CFG_CPD$OFF                      (abs)        00000
__CFG_FCMEN$ON                     (abs)        00000
__CFG_FOSC$INTOSC                  (abs)        00000
__CFG_IESO$OFF                     (abs)        00000
__CFG_LVP$OFF                      (abs)        00000
__CFG_MCLRE$OFF                    (abs)        00000
__CFG_PLLEN$OFF                    (abs)        00000
__CFG_PWRTE$ON                     (abs)        00000
__CFG_STVREN$ON                    (abs)        00000
__CFG_WDTE$OFF                     (abs)        00000
__CFG_WRT$OFF                      (abs)        00000
__Habs1                            abs1         00000
__Hbank0                           bank0        00000
__Hbank1                           bank1        00000
__Hbank10                          bank10       00000
__Hbank11                          bank11       00000
__Hbank12                          bank12       00000
__Hbank13                          bank13       00000
__Hbank14                          bank14       00000
__Hbank15                          bank15       00000
__Hbank16                          bank16       00000
__Hbank17                          bank17       00000
__Hbank18                          bank18       00000
__Hbank19                          bank19       00000
__Hbank2                           bank2        00000
__Hbank20                          bank20       00000
__Hbank21                          bank21       00000
__Hbank22                          bank22       00000
__Hbank23                          bank23       00000
__Hbank24                          bank24       00000
__Hbank25                          bank25       00000
__Hbank26                          bank26       00000
__Hbank27                          bank27       00000
__Hbank28                          bank28       00000
__Hbank29                          bank29       00000
__Hbank3                           bank3        00000
__Hbank30                          bank30       00000
__Hbank31                          bank31       00000
__Hbank4                           bank4        00000
__Hbank5                           bank5        00000
__Hbank6                           bank6        00000
__Hbank7                           bank7        00000
__Hbank8                           bank8        00000
__Hbank9                           bank9        00000
__Hbigram                          bigram       00000
__HbssBANK0                        bssBANK0     00000
__HbssBANK1                        bssBANK1     00000
__Hcinit                           cinit        00318
__Hclrtext                         clrtext      00000
__Hcode                            code         00000
__Hcommon                          common       00000
__Hconfig                          config       08009
__HcstackBANK0                     cstackBANK0  00000
__HcstackBANK1                     cstackBANK1  00000
__HcstackCOMMON                    cstackCOMMON 00000
__Heeprom_data                     eeprom_data  00000
__Hend_init                        end_init     000A8
__Hfunctab                         functab      00000
__Hidloc                           idloc        00000
__Hinit                            init         000A6
__Hintentry                        intentry     000A6
__Hmaintext                        maintext     00000
__Hpa_nodes                        pa_nodes     00000
__Hpowerup                         powerup      00000
__Hram                             ram          00000
__Hreset_vec                       reset_vec    00002
__Hsfr0                            sfr0         00000
__Hsfr1                            sfr1         00000
__Hsfr10                           sfr10        00000
__Hsfr11                           sfr11        00000
__Hsfr12                           sfr12        00000
__Hsfr13                           sfr13        00000
__Hsfr14                           sfr14        00000
__Hsfr15                           sfr15        00000
__Hsfr16                           sfr16        00000
__Hsfr17                           sfr17        00000
__Hsfr18                           sfr18        00000
__Hsfr19                           sfr19        00000
__Hsfr2                            sfr2         00000
__Hsfr20                           sfr20        00000
__Hsfr21                           sfr21        00000
__Hsfr22                           sfr22        00000
__Hsfr23                           sfr23        00000
__Hsfr24                           sfr24        00000
__Hsfr25                           sfr25        00000
__Hsfr26                           sfr26        00000
__Hsfr27                           sfr27        00000
__Hsfr28                           sfr28        00000
__Hsfr29                           sfr29        00000
__Hsfr3                            sfr3         00000
__Hsfr30                           sfr30        00000
__Hsfr31                           sfr31        00000
__Hsfr4                            sfr4         00000
__Hsfr5                            sfr5         00000
__Hsfr6                            sfr6         00000
__Hsfr7                            sfr7         00000
__Hsfr8                            sfr8         00000
__Hsfr9                            sfr9         00000
__Hspace_0                         (abs)        08009
__Hspace_1                         (abs)        000C2
__Hspace_2                         (abs)        00000
__Hspace_3                         (abs)        00000
__Hstack                           stack        00000
__Hstrings                         strings      00000
__Hstringtext                      stringtext   00000
__Htext                            text         00000
__Labs1                            abs1         00000
__Lbank0                           bank0        00000
__Lbank1                           bank1        00000
__Lbank10                          bank10       00000
__Lbank11                          bank11       00000
__Lbank12                          bank12       00000
__Lbank13                          bank13       00000
__Lbank14                          bank14       00000
__Lbank15                          bank15       00000
__Lbank16                          bank16       00000
__Lbank17                          bank17       00000
__Lbank18                          bank18       00000
__Lbank19                          bank19       00000
__Lbank2                           bank2        00000
__Lbank20                          bank20       00000
__Lbank21                          bank21       00000
__Lbank22                          bank22       00000
__Lbank23                          bank23       00000
__Lbank24                          bank24       00000
__Lbank25                          bank25       00000
__Lbank26                          bank26       00000
__Lbank27                          bank27       00000
__Lbank28                          bank28       00000
__Lbank29                          bank29       00000
__Lbank3                           bank3        00000
__Lbank30                          bank30       00000
__Lbank31                          bank31       00000
__Lbank4                           bank4        00000
__Lbank5                           bank5        00000
__Lbank6                           bank6        00000
__Lbank7                           bank7        00000
__Lbank8                           bank8        00000
__Lbank9                           bank9        00000
__Lbigram                          bigram       00000
__LbssBANK0                        bssBANK0     00000
__LbssBANK1                        bssBANK1     00000
__Lcinit                           cinit        000A8
__Lclrtext                         clrtext      00000
__Lcode                            code         00000
__Lcommon                          common       00000
__Lconfig                          config       08007
__LcstackBANK0                     cstackBANK0  00000
__LcstackBANK1                     cstackBANK1  00000
__LcstackCOMMON                    cstackCOMMON 00000
__Leeprom_data                     eeprom_data  00000
__Lend_init                        end_init     000A6
__Lfunctab                         functab      00000
__Lidloc                           idloc        00000
__Linit                            init         000A6
__Lintentry                        intentry     00004
__Lmaintext                        maintext     00000
__Lpa_nodes                        pa_nodes     00000
__Lpowerup                         powerup      00000
__Lram                             ram          00000
__Lreset_vec                       reset_vec    00000
__Lsfr0                            sfr0         00000
__Lsfr1                            sfr1         00000
__Lsfr10                           sfr10        00000
__Lsfr11                           sfr11        00000
__Lsfr12                           sfr12        00000
__Lsfr13                           sfr13        00000
__Lsfr14                           sfr14        00000
__Lsfr15                           sfr15        00000
__Lsfr16                           sfr16        00000
__Lsfr17                           sfr17        00000
__Lsfr18                           sfr18        00000
__Lsfr19                           sfr19        00000
__Lsfr2                            sfr2         00000
__Lsfr20                           sfr20        00000
__Lsfr21                           sfr21        00000
__Lsfr22                           sfr22        00000
__Lsfr23                           sfr23        00000
__Lsfr24                           sfr24        00000
__Lsfr25                           sfr25        00000
__Lsfr26                           sfr26        00000
__Lsfr27                           sfr27        00000
__Lsfr28                           sfr28        00000
__Lsfr29                           sfr29        00000
__Lsfr3                            sfr3         00000
__Lsfr30                           sfr30        00000
__Lsfr31                           sfr31        00000
__Lsfr4                            sfr4         00000
__Lsfr5                            sfr5         00000
__Lsfr6                            sfr6         00000
__Lsfr7                            sfr7         00000
__Lsfr8                            sfr8         00000
__Lsfr9                            sfr9         00000
__Lspace_0                         (abs)        00000
__Lspace_1                         (abs)        00000
__Lspace_2                         (abs)        00000
__Lspace_3                         (abs)        00000
__Lstack                           stack        00000
__Lstrings                         strings      00000
__Lstringtext                      stringtext   00000
__Ltext                            text         00000
__S0                               (abs)        08009
__S1                               (abs)        000C2
__S2                               (abs)        00000
__S3                               (abs)        00000
___bmul                            text76       005AF
___bmul@multiplicand               cstackCOMMON 00070
___bmul@multiplier                 cstackCOMMON 00072
___bmul@product                    cstackCOMMON 00071
___int_sp                          stack        00000
___latbits                         (abs)        00001
___lbdiv                           text37       00FE8
___lbdiv@counter                   cstackCOMMON 00072
___lbdiv@dividend                  cstackCOMMON 00071
___lbdiv@divisor                   cstackCOMMON 00070
___lbdiv@quotient                  cstackCOMMON 00073
___lbmod                           text37       00FD0
___lbmod@counter                   cstackCOMMON 00073
___lbmod@dividend                  cstackCOMMON 00072
___lbmod@divisor                   cstackCOMMON 00070
___lbmod@rem                       cstackCOMMON 00074
___lldiv                           cinit        0028E
___lldiv@counter                   cstackBANK1  000BD
___lldiv@dividend                  cstackBANK1  000B5
___lldiv@divisor                   cstackBANK1  000B1
___lldiv@quotient                  cstackBANK1  000B9
___lwdiv                           text76       00694
___lwdiv@counter                   cstackCOMMON 00076
___lwdiv@dividend                  cstackCOMMON 00072
___lwdiv@divisor                   cstackCOMMON 00070
___lwdiv@quotient                  cstackCOMMON 00074
___lwmod                           text76       006B9
___lwmod@counter                   cstackCOMMON 0007B
___lwmod@dividend                  cstackCOMMON 00079
___lwmod@divisor                   cstackCOMMON 00077
___sp                              stack        00000
__end_ofPL10                       text76       00703
__end_ofPL12                       text76       00707
__end_ofPL2                        text76       006E6
__end_ofPL4                        text76       006F2
__end_ofPL6                        text76       006F8
__end_ofPL8                        text76       006FE
__end_of___bmul                    text76       005BB
__end_of___lbdiv                   text37       01000
__end_of___lbmod                   text37       00FE8
__end_of___lldiv                   cinit        002CD
__end_of___lwdiv                   text76       006B9
__end_of___lwmod                   text76       006D9
__end_of__initialization           cinit        000B5
__end_of__send_byte                cinit        00305
__end_of__send_nibble              cinit        001EE
__end_of__set_4bit_interface       cinit        001C8
__end_of__stringdata               stringtext   00849
__end_of_adjust_val                text76       004A4
__end_of_bcd_to_dec                text76       00517
__end_of_dec_to_bcd                text37       00FD0
__end_of_dpowers                   stringtext   0080A
__end_of_ds1307_date_formatted     text76       0032F
__end_of_ds1307_get_clock          cinit        00224
__end_of_ds1307_get_day_of_month   text76       0068E
__end_of_ds1307_get_hours          text76       004B8
__end_of_ds1307_get_minutes        text76       004BB
__end_of_ds1307_get_month          text76       00691
__end_of_ds1307_get_seconds        text76       004BF
__end_of_ds1307_get_year           text76       00694
__end_of_ds1307_init               cinit        00253
__end_of_ds1307_is_12hr_mode       text76       004A9
__end_of_ds1307_is_pm              text76       004D3
__end_of_ds1307_read_addr          text76       00629
__end_of_ds1307_set_clock          text76       005F6
__end_of_ds1307_set_day_of_month   text37       00FB2
__end_of_ds1307_set_hours          text76       004F4
__end_of_ds1307_set_hr_mode        text76       004FF
__end_of_ds1307_set_minutes        text37       00F98
__end_of_ds1307_set_month          text37       00FA5
__end_of_ds1307_set_pm_am          text76       0050D
__end_of_ds1307_set_seconds        text37       00FC1
__end_of_ds1307_set_year           text37       00F8E
__end_of_ds1307_start_clock        text76       0033A
__end_of_ds1307_stop_clock         text76       0068A
__end_of_ds1307_switch_to_12hr     text76       0035B
__end_of_ds1307_switch_to_24hr     text76       0037D
__end_of_ds1307_time_formatted     text76       003C1
__end_of_ds1307_write_addr         text76       005CA
__end_of_i2c_init                  cinit        0028E
__end_of_i2c_read_data             cinit        0022C
__end_of_i2c_restart               cinit        0024F
__end_of_i2c_send_ack              cinit        00237
__end_of_i2c_send_address          cinit        00249
__end_of_i2c_send_data             cinit        001FA
__end_of_i2c_start                 cinit        0024C
__end_of_i2c_stop                  cinit        00252
__end_of_i2c_wait                  cinit        0023F
__end_of_init                      cinit        002F5
__end_of_isdigit                   text76       00715
__end_of_keypad_init               cinit        000EB
__end_of_keypad_read_key           text60       007C9
__end_of_keypad_scan               text60       007CC
__end_of_lcd_backlight             cinit        002FC
__end_of_lcd_command               cinit        001AA
__end_of_lcd_data                  text29       0076D
__end_of_lcd_flags_set             cinit        0019A
__end_of_lcd_goto                  text29       0073D
__end_of_lcd_initialize            cinit        0015F
__end_of_lcd_write                 text29       0075F
__end_of_main                      cinit        000DB
__end_of_mcp23017_init             cinit        00308
__end_of_mcp23017_ioa_send_byte    cinit        001F2
__end_of_mcp23017_read_reg         text76       0060F
__end_of_mcp23017_set_slave_addr   cinit        00318
__end_of_mcp23017_write_reg        cinit        001BB
__end_of_sprintf                   text76       005AF
__end_of_tmr_isr                   intentry     000A6
__end_of_update_clock              text76       00489
__end_of_write_t1                  cinit        00314
__end_ofi1__send_byte              text29       00784
__end_ofi1__send_nibble            text29       007A8
__end_ofi1_ds1307_get_clock        text76       00651
__end_ofi1_i2c_read_data           text76       00658
__end_ofi1_i2c_restart             text76       0066C
__end_ofi1_i2c_send_ack            text76       00669
__end_ofi1_i2c_send_address        text76       00660
__end_ofi1_i2c_send_data           text76       00679
__end_ofi1_i2c_start               text76       0067C
__end_ofi1_i2c_stop                text76       0067F
__end_ofi1_i2c_wait                text76       00674
__end_ofi1_lcd_backlight           text29       0071D
__end_ofi1_lcd_command             text29       0077B
__end_ofi1_mcp23017_ioa_send_byte  text29       007AE
__end_ofi1_mcp23017_write_reg      text76       005DA
__end_ofi1_write_t1                text28       007D4
__initialization                   cinit        000A8
__pbssBANK0                        bssBANK0     0004A
__pbssBANK1                        bssBANK1     000A0
__pcstackBANK0                     cstackBANK0  00020
__pcstackBANK1                     cstackBANK1  000B1
__pcstackCOMMON                    cstackCOMMON 00070
__pintentry                        intentry     00004
__pmaintext                        cinit        000B8
__pstringtext                      stringtext   00800
__ptext1                           cinit        00305
__ptext10                          cinit        001EE
__ptext11                          cinit        000DB
__ptext12                          cinit        001AA
__ptext13                          cinit        002CD
__ptext14                          cinit        00308
__ptext15                          cinit        00253
__ptext16                          cinit        0028E
__ptext17                          cinit        00252
__ptext18                          cinit        001FA
__ptext19                          cinit        0024F
__ptext2                           cinit        00314
__ptext20                          cinit        00249
__ptext21                          cinit        001F2
__ptext22                          cinit        0023F
__ptext23                          cinit        0022C
__ptext24                          cinit        0024C
__ptext25                          cinit        00224
__ptext26                          cinit        00237
__ptext28                          text28       007CC
__ptext29                          text29       00715
__ptext3                           cinit        000EB
__ptext30                          text76       003C1
__ptext31                          text76       00629
__ptext32                          text76       0035B
__ptext33                          text76       0033A
__ptext34                          text76       004FF
__ptext35                          text76       004F4
__ptext36                          text76       004D3
__ptext37                          text37       00F84
__ptext38                          text37       00FB2
__ptext39                          text37       00F98
__ptext4                           cinit        0015F
__ptext40                          text37       00F8E
__ptext41                          text37       00FA5
__ptext42                          text37       00FC1
__ptext43                          text37       00FD0
__ptext44                          text37       00FE8
__ptext45                          text76       005DA
__ptext46                          text76       0067F
__ptext47                          text76       0032F
__ptext48                          text76       005BB
__ptext49                          text76       0060F
__ptext5                           cinit        0019A
__ptext50                          text76       00660
__ptext51                          text76       00489
__ptext52                          text29       0073D
__ptext53                          text29       0075F
__ptext54                          text29       0071D
__ptext55                          text29       0076D
__ptext56                          text29       0077B
__ptext57                          text29       00784
__ptext58                          text29       007A8
__ptext59                          text76       005CA
__ptext6                           cinit        002FC
__ptext60                          text60       007AE
__ptext61                          text60       007C9
__ptext62                          text76       005F6
__ptext63                          text76       0067C
__ptext64                          text76       00679
__ptext65                          text76       00674
__ptext66                          text76       00658
__ptext67                          text76       00669
__ptext68                          text76       00651
__ptext69                          text76       0066C
__ptext7                           cinit        002F5
__ptext70                          text76       0037D
__ptext71                          text76       004BF
__ptext72                          text76       004A9
__ptext73                          text76       004A4
__ptext74                          text76       004BB
__ptext75                          text76       004B8
__ptext76                          text76       00318
__ptext77                          text76       00517
__ptext78                          text76       00707
__ptext79                          text76       006B9
__ptext8                           cinit        001BB
__ptext80                          text76       00694
__ptext81                          text76       00691
__ptext82                          text76       0068E
__ptext83                          text76       0068A
__ptext84                          text76       0050D
__ptext85                          text76       005AF
__ptext9                           cinit        001C8
__send_byte                        cinit        002FC
__send_byte@data                   cstackBANK1  000B8
__send_nibble                      cinit        001C8
__send_nibble@data                 cstackBANK1  000B7
__set_4bit_interface               cinit        001BB
__size_of___bmul                   (abs)        00000
__size_of___lbdiv                  (abs)        00000
__size_of___lbmod                  (abs)        00000
__size_of___lldiv                  (abs)        00000
__size_of___lwdiv                  (abs)        00000
__size_of___lwmod                  (abs)        00000
__size_of__send_byte               (abs)        00000
__size_of__send_nibble             (abs)        00000
__size_of__set_4bit_interface      (abs)        00000
__size_of_adjust_val               (abs)        00000
__size_of_bcd_to_dec               (abs)        00000
__size_of_dec_to_bcd               (abs)        00000
__size_of_ds1307_date_formatted    (abs)        00000
__size_of_ds1307_get_clock         (abs)        00000
__size_of_ds1307_get_day_of_month  (abs)        00000
__size_of_ds1307_get_hours         (abs)        00000
__size_of_ds1307_get_minutes       (abs)        00000
__size_of_ds1307_get_month         (abs)        00000
__size_of_ds1307_get_seconds       (abs)        00000
__size_of_ds1307_get_year          (abs)        00000
__size_of_ds1307_init              (abs)        00000
__size_of_ds1307_is_12hr_mode      (abs)        00000
__size_of_ds1307_is_pm             (abs)        00000
__size_of_ds1307_read_addr         (abs)        00000
__size_of_ds1307_set_clock         (abs)        00000
__size_of_ds1307_set_day_of_month  (abs)        00000
__size_of_ds1307_set_hours         (abs)        00000
__size_of_ds1307_set_hr_mode       (abs)        00000
__size_of_ds1307_set_minutes       (abs)        00000
__size_of_ds1307_set_month         (abs)        00000
__size_of_ds1307_set_pm_am         (abs)        00000
__size_of_ds1307_set_seconds       (abs)        00000
__size_of_ds1307_set_year          (abs)        00000
__size_of_ds1307_start_clock       (abs)        00000
__size_of_ds1307_stop_clock        (abs)        00000
__size_of_ds1307_switch_to_12hr    (abs)        00000
__size_of_ds1307_switch_to_24hr    (abs)        00000
__size_of_ds1307_time_formatted    (abs)        00000
__size_of_ds1307_write_addr        (abs)        00000
__size_of_i2c_init                 (abs)        00000
__size_of_i2c_read_data            (abs)        00000
__size_of_i2c_restart              (abs)        00000
__size_of_i2c_send_ack             (abs)        00000
__size_of_i2c_send_address         (abs)        00000
__size_of_i2c_send_data            (abs)        00000
__size_of_i2c_start                (abs)        00000
__size_of_i2c_stop                 (abs)        00000
__size_of_i2c_wait                 (abs)        00000
__size_of_init                     (abs)        00000
__size_of_isdigit                  (abs)        00000
__size_of_keypad_init              (abs)        00000
__size_of_keypad_read_key          (abs)        00000
__size_of_keypad_scan              (abs)        00000
__size_of_lcd_backlight            (abs)        00000
__size_of_lcd_command              (abs)        00000
__size_of_lcd_data                 (abs)        00000
__size_of_lcd_flags_set            (abs)        00000
__size_of_lcd_goto                 (abs)        00000
__size_of_lcd_initialize           (abs)        00000
__size_of_lcd_write                (abs)        00000
__size_of_main                     (abs)        00000
__size_of_mcp23017_init            (abs)        00000
__size_of_mcp23017_ioa_send_byte   (abs)        00000
__size_of_mcp23017_read_reg        (abs)        00000
__size_of_mcp23017_set_slave_addr  (abs)        00000
__size_of_mcp23017_write_reg       (abs)        00000
__size_of_sprintf                  (abs)        00000
__size_of_tmr_isr                  (abs)        00000
__size_of_update_clock             (abs)        00000
__size_of_write_t1                 (abs)        00000
__size_ofi1__send_byte             (abs)        00000
__size_ofi1__send_nibble           (abs)        00000
__size_ofi1_ds1307_get_clock       (abs)        00000
__size_ofi1_i2c_read_data          (abs)        00000
__size_ofi1_i2c_restart            (abs)        00000
__size_ofi1_i2c_send_ack           (abs)        00000
__size_ofi1_i2c_send_address       (abs)        00000
__size_ofi1_i2c_send_data          (abs)        00000
__size_ofi1_i2c_start              (abs)        00000
__size_ofi1_i2c_stop               (abs)        00000
__size_ofi1_i2c_wait               (abs)        00000
__size_ofi1_lcd_backlight          (abs)        00000
__size_ofi1_lcd_command            (abs)        00000
__size_ofi1_mcp23017_ioa_send_byte (abs)        00000
__size_ofi1_mcp23017_write_reg     (abs)        00000
__size_ofi1_write_t1               (abs)        00000
__stringdata                       stringtext   0080A
_adjust_val                        text76       00489
_bcd_to_dec                        text76       0050D
_dec_to_bcd                        text37       00FC1
_display_config                    bssBANK1     000A7
_dpowers                           stringtext   00800
_ds1307_date_formatted             text76       00318
_ds1307_get_clock                  cinit        001FA
_ds1307_get_day_of_month           text76       0068A
_ds1307_get_hours                  text76       004A9
_ds1307_get_minutes                text76       004B8
_ds1307_get_month                  text76       0068E
_ds1307_get_seconds                text76       004BB
_ds1307_get_year                   text76       00691
_ds1307_init                       cinit        00252
_ds1307_is_12hr_mode               text76       004A4
_ds1307_is_pm                      text76       004BF
_ds1307_read_addr                  text76       0060F
_ds1307_set_clock                  text76       005DA
_ds1307_set_day_of_month           text37       00FA5
_ds1307_set_hours                  text76       004D3
_ds1307_set_hr_mode                text76       004F4
_ds1307_set_minutes                text37       00F8E
_ds1307_set_month                  text37       00F98
_ds1307_set_pm_am                  text76       004FF
_ds1307_set_seconds                text37       00FB2
_ds1307_set_year                   text37       00F84
_ds1307_start_clock                text76       0032F
_ds1307_stop_clock                 text76       0067F
_ds1307_switch_to_12hr             text76       0033A
_ds1307_switch_to_24hr             text76       0035B
_ds1307_time_formatted             text76       0037D
_ds1307_write_addr                 text76       005BB
_g_bl                              bssBANK0     0004A
_g_clk_pos                         bssBANK0     0004B
_g_counter1                        bssBANK0     0004C
_g_last_valid_key                  bssBANK0     0004D
_g_old_key                         bssBANK0     0004E
_g_reg_data                        bssBANK1     000A0
_g_reload_value                    bssBANK1     000AD
_g_slave_address_7b                bssBANK1     000B0
_i2c_init                          cinit        00253
_i2c_read_data                     cinit        00224
_i2c_restart                       cinit        0024C
_i2c_send_ack                      cinit        0022C
_i2c_send_address                  cinit        0023F
_i2c_send_data                     cinit        001F2
_i2c_start                         cinit        00249
_i2c_stop                          cinit        0024F
_i2c_wait                          cinit        00237
_init                              cinit        002CD
_isdigit                           text76       00707
_isdigit$1061                      cstackCOMMON 00070
_keypad_init                       cinit        000DB
_keypad_read_key                   text60       007AE
_keypad_scan                       text60       007C9
_lcd_backlight                     cinit        002F5
_lcd_command                       cinit        0019A
_lcd_data                          text29       0075F
_lcd_flags_set                     cinit        0015F
_lcd_goto                          text29       0071D
_lcd_initialize                    cinit        000EB
_lcd_write                         text29       0073D
_main                              cinit        000B8
_mcp23017_init                     cinit        00305
_mcp23017_ioa_send_byte            cinit        001EE
_mcp23017_read_reg                 text76       005F6
_mcp23017_set_slave_addr           cinit        00314
_mcp23017_write_reg                cinit        001AA
_sprintf                           text76       00517
_tmr_isr                           intentry     00004
_update_clock                      text76       003C1
_write_t1                          cinit        00308
adjust_val@lim_dwn                 cstackCOMMON 00070
adjust_val@lim_up                  cstackCOMMON 00071
adjust_val@up_down                 cstackCOMMON 00072
adjust_val@value                   cstackCOMMON 00073
bcd_to_dec@bcd                     cstackCOMMON 00074
btemp                              (abs)        0007E
clear_ram0                         clrtext      007D4
dec_to_bcd@dec                     cstackCOMMON 00076
ds1307_date_formatted@p_str_date   cstackCOMMON 0007C
ds1307_get_clock@r                 cstackBANK1  000B3
ds1307_get_hours@hours             cstackCOMMON 00075
ds1307_is_pm@is_pm                 cstackCOMMON 00077
ds1307_read_addr@addr              cstackCOMMON 00072
ds1307_read_addr@read_value        cstackCOMMON 00073
ds1307_set_clock@r                 cstackCOMMON 00075
ds1307_set_day_of_month@dom        cstackCOMMON 00077
ds1307_set_hours@hours             cstackCOMMON 00078
ds1307_set_hr_mode@mode            cstackCOMMON 00070
ds1307_set_minutes@min             cstackCOMMON 00077
ds1307_set_month@month             cstackCOMMON 00077
ds1307_set_pm_am@pm_am             cstackCOMMON 00070
ds1307_set_seconds@sec             cstackCOMMON 00078
ds1307_set_year@year               cstackCOMMON 00077
ds1307_start_clock@tsec            cstackCOMMON 00074
ds1307_stop_clock@tsec             cstackCOMMON 00074
ds1307_switch_to_12hr@hrs          cstackCOMMON 0007A
ds1307_switch_to_12hr@pm_am        cstackCOMMON 00079
ds1307_switch_to_24hr@hrs          cstackCOMMON 0007A
ds1307_switch_to_24hr@pm_am        cstackCOMMON 00079
ds1307_time_formatted@p_str_time   cstackCOMMON 0007C
ds1307_write_addr@addr             cstackCOMMON 00073
ds1307_write_addr@value            cstackCOMMON 00072
end_of_initialization              cinit        000B5
i1__send_byte                      text29       0077B
i1__send_byte@data                 cstackCOMMON 00077
i1__send_nibble                    text29       00784
i1__send_nibble@data               cstackCOMMON 00076
i1_ds1307_get_clock                text76       00629
i1_i2c_read_data                   text76       00651
i1_i2c_restart                     text76       00669
i1_i2c_send_ack                    text76       00660
i1_i2c_send_address                text76       00658
i1_i2c_send_data                   text76       00674
i1_i2c_start                       text76       00679
i1_i2c_stop                        text76       0067C
i1_i2c_wait                        text76       0066C
i1_lcd_backlight                   text29       00715
i1_lcd_command                     text29       0076D
i1_mcp23017_ioa_send_byte          text29       007A8
i1_mcp23017_write_reg              text76       005CA
i1_write_t1                        text28       007CC
i1ds1307_get_clock@r               cstackCOMMON 00072
i1i2c_read_data@read_data          cstackCOMMON 00070
i1i2c_send_ack@ack                 cstackCOMMON 00070
i1i2c_send_address@address         cstackCOMMON 00071
i1i2c_send_address@mode            cstackCOMMON 00070
i1i2c_send_data@data               cstackCOMMON 00070
i1lcd_backlight@state              cstackCOMMON 00074
i1lcd_command@command              cstackCOMMON 00079
i1mcp23017_write_reg@reg_address   cstackCOMMON 00073
i1mcp23017_write_reg@value         cstackCOMMON 00072
i1write_t1@value                   cstackCOMMON 00070
i2c_init@clock_hz                  cstackBANK1  000BE
i2c_read_data@read_data            cstackBANK1  000B1
i2c_send_ack@ack                   cstackBANK1  000B1
i2c_send_address@address           cstackBANK1  000B2
i2c_send_address@mode              cstackBANK1  000B1
i2c_send_data@data                 cstackBANK1  000B1
init@load_value                    cstackBANK1  000B3
init@prescaler                     cstackBANK1  000B5
intlevel0                          functab      00000
intlevel1                          functab      00000
intlevel2                          functab      00000
intlevel3                          functab      00000
intlevel4                          functab      00000
intlevel5                          functab      00000
isdigit@c                          cstackCOMMON 00071
keypad_read_key@key                cstackCOMMON 00074
lcd_backlight@state                cstackBANK1  000B5
lcd_command@command                cstackBANK1  000BA
lcd_data@data                      cstackCOMMON 00079
lcd_flags_set@flags                cstackBANK1  000BB
lcd_flags_set@index                cstackBANK1  000BE
lcd_flags_set@instruction          cstackBANK1  000BD
lcd_flags_set@value                cstackBANK1  000BC
lcd_goto@addr                      cstackCOMMON 0007C
lcd_goto@col                       cstackCOMMON 0007A
lcd_goto@row                       cstackCOMMON 0007B
lcd_initialize@i                   cstackBANK1  000C1
lcd_write@i                        cstackBANK0  00020
lcd_write@str                      cstackCOMMON 0007A
ltemp                              (abs)        0007E
ltemp0                             (abs)        0007E
ltemp1                             (abs)        00082
ltemp2                             (abs)        00086
ltemp3                             (abs)        00080
mcp23017_init@address_3b           cstackBANK1  000B2
mcp23017_read_reg@reg_address      cstackCOMMON 00072
mcp23017_read_reg@value            cstackCOMMON 00073
mcp23017_set_slave_addr@address_3b cstackBANK1  000B1
mcp23017_write_reg@reg_address     cstackBANK1  000B4
mcp23017_write_reg@value           cstackBANK1  000B3
pic14e$flags                       (abs)        0007E
reset_vec                          reset_vec    00000
sprintf@_val                       cstackBANK0  0002D
sprintf@ap                         cstackBANK0  0002C
sprintf@c                          cstackBANK0  00033
sprintf@f                          cstackBANK0  00020
sprintf@prec                       cstackBANK0  00032
sprintf@sp                         cstackBANK0  00031
stackhi                            (abs)        020EF
stacklo                            (abs)        02072
start                              init         000A6
start_initialization               cinit        000A8
tmr_isr@date                       cstackBANK0  00034
tmr_isr@pos                        cstackBANK0  00048
tmr_isr@time                       cstackBANK0  0003E
ttemp                              (abs)        0007E
ttemp0                             (abs)        0007E
ttemp1                             (abs)        00081
ttemp2                             (abs)        00084
ttemp3                             (abs)        00087
ttemp4                             (abs)        0007F
update_clock@pm                    cstackCOMMON 0007B
update_clock@up_down               cstackCOMMON 0007C
update_clock@val                   cstackCOMMON 0007D
write_t1@value                     cstackBANK1  000B1
wtemp                              (abs)        0007E
wtemp0                             (abs)        0007E
wtemp1                             (abs)        00080
wtemp2                             (abs)        00082
wtemp3                             (abs)        00084
wtemp4                             (abs)        00086
wtemp5                             (abs)        00088
wtemp6                             (abs)        0007F


FUNCTION INFORMATION:

 *************** function _main *****************
 Defined at:
		line 80 in file "main.c"
 Parameters:    Size  Location     Type
		None
 Auto vars:     Size  Location     Type
		None
 Return value:  Size  Location     Type
		None               void
 Registers used:
		wreg, fsr0l, fsr0h, fsr1l, fsr1h, status,2, status,0, pclath, cstack
 Tracked objects:
		On entry : 
		On exit  : 
		Unchanged: 
 Data sizes:     COMMON   BANK0   BANK1   BANK2
      Params:         0       0       0       0
      Locals:         0       0       0       0
      Temps:          0       0       0       0
      Totals:         0       0       0       0
Total ram usage:        0 bytes
 Hardware stack levels required when called:   18
 This function calls:
		_ds1307_init
		_i2c_init
		_init
		_keypad_init
		_lcd_initialize
		_mcp23017_init
 This function is called by:
		Startup code after reset
 This function uses a non-reentrant model


 *************** function _mcp23017_init *****************
 Defined at:
		line 50 in file "mcp23017.c"
 Parameters:    Size  Location     Type
  address_3b      1    wreg     unsigned char 
 Auto vars:     Size  Location     Type
  address_3b      1    1[BANK1 ] unsigned char 
 Return value:  Size  Location     Type
		None               void
 Registers used:
		wreg, status,2, status,0, pclath, cstack
 Tracked objects:
		On entry : 
		On exit  : 
		Unchanged: 
 Data sizes:     COMMON   BANK0   BANK1   BANK2
      Params:         0       0       0       0
      Locals:         0       0       1       0
      Temps:          0       0       0       0
      Totals:         0       0       1       0
Total ram usage:        1 bytes
 Hardware stack levels used:    1
 Hardware stack levels required when called:   10
 This function calls:
		_mcp23017_set_slave_addr
 This function is called by:
		_main
 This function uses a non-reentrant model


 *************** function _mcp23017_set_slave_addr *****************
 Defined at:
		line 55 in file "mcp23017.c"
 Parameters:    Size  Location     Type
  address_3b      1    wreg     unsigned char 
 Auto vars:     Size  Location     Type
  address_3b      1    0[BANK1 ] unsigned char 
 Return value:  Size  Location     Type
		None               void
 Registers used:
		wreg, status,2
 Tracked objects:
		On entry : 
		On exit  : 
		Unchanged: 
 Data sizes:     COMMON   BANK0   BANK1   BANK2
      Params:         0       0       0       0
      Locals:         0       0       1       0
      Temps:          0       0       0       0
      Totals:         0       0       1       0
Total ram usage:        1 bytes
 Hardware stack levels used:    1
 Hardware stack levels required when called:    9
 This function calls:
		Nothing
 This function is called by:
		_mcp23017_init
 This function uses a non-reentrant model


 *************** function _lcd_initialize *****************
 Defined at:
		line 144 in file "HD44780-IOE.c"
 Parameters:    Size  Location     Type
		None
 Auto vars:     Size  Location     Type
  i               1   16[BANK1 ] unsigned char 
 Return value:  Size  Location     Type
		None               void
 Registers used:
		wreg, fsr0l, fsr0h, fsr1l, fsr1h, status,2, status,0, pclath, cstack
 Tracked objects:
		On entry : 
		On exit  : 
		Unchanged: 
 Data sizes:     COMMON   BANK0   BANK1   BANK2
      Params:         0       0       0       0
      Locals:         0       0       1       0
      Temps:          0       0       2       0
      Totals:         0       0       3       0
Total ram usage:        3 bytes
 Hardware stack levels used:    1
 Hardware stack levels required when called:   17
 This function calls:
		__set_4bit_interface
		_lcd_backlight
		_lcd_command
		_lcd_flags_set
		_mcp23017_write_reg
 This function is called by:
		_main
 This function uses a non-reentrant model


 *************** function _lcd_flags_set *****************
 Defined at:
		line 193 in file "HD44780-IOE.c"
 Parameters:    Size  Location     Type
  instruction     1    wreg     unsigned char 
  flags           1   10[BANK1 ] unsigned char 
  value           1   11[BANK1 ] unsigned char 
 Auto vars:     Size  Location     Type
  instruction     1   12[BANK1 ] unsigned char 
  index           1   13[BANK1 ] unsigned char 
 Return value:  Size  Location     Type
		None               void
 Registers used:
		wreg, fsr0l, fsr0h, fsr1l, fsr1h, status,2, status,0, pclath, cstack
 Tracked objects:
		On entry : 
		On exit  : 
		Unchanged: 
 Data sizes:     COMMON   BANK0   BANK1   BANK2
      Params:         0       0       2       0
      Locals:         0       0       2       0
      Temps:          0       0       0       0
      Totals:         0       0       4       0
Total ram usage:        4 bytes
 Hardware stack levels used:    1
 Hardware stack levels required when called:   16
 This function calls:
		_lcd_command
 This function is called by:
		_lcd_initialize
 This function uses a non-reentrant model


 *************** function _lcd_command *****************
 Defined at:
		line 177 in file "HD44780-IOE.c"
 Parameters:    Size  Location     Type
  command         1    wreg     unsigned char 
 Auto vars:     Size  Location     Type
  command         1    9[BANK1 ] unsigned char 
 Return value:  Size  Location     Type
		None               void
 Registers used:
		wreg, status,2, status,0, pclath, cstack
 Tracked objects:
		On entry : 
		On exit  : 
		Unchanged: 
 Data sizes:     COMMON   BANK0   BANK1   BANK2
      Params:         0       0       0       0
      Locals:         0       0       1       0
      Temps:          0       0       1       0
      Totals:         0       0       2       0
Total ram usage:        2 bytes
 Hardware stack levels used:    1
 Hardware stack levels required when called:   15
 This function calls:
		__send_byte
		_mcp23017_ioa_send_byte
 This function is called by:
		_lcd_initialize
		_lcd_flags_set
 This function uses a non-reentrant model


 *************** function __send_byte *****************
 Defined at:
		line 81 in file "HD44780-IOE.c"
 Parameters:    Size  Location     Type
  data            1    wreg     unsigned char 
 Auto vars:     Size  Location     Type
  data            1    7[BANK1 ] unsigned char 
 Return value:  Size  Location     Type
		None               void
 Registers used:
		wreg, status,2, status,0, pclath, cstack
 Tracked objects:
		On entry : 
		On exit  : 
		Unchanged: 
 Data sizes:     COMMON   BANK0   BANK1   BANK2
      Params:         0       0       0       0
      Locals:         0       0       1       0
      Temps:          0       0       0       0
      Totals:         0       0       1       0
Total ram usage:        1 bytes
 Hardware stack levels used:    1
 Hardware stack levels required when called:   14
 This function calls:
		__send_nibble
 This function is called by:
		_lcd_command
 This function uses a non-reentrant model


 *************** function _lcd_backlight *****************
 Defined at:
		line 227 in file "HD44780-IOE.c"
 Parameters:    Size  Location     Type
  state           1    wreg     unsigned char 
 Auto vars:     Size  Location     Type
  state           1    4[BANK1 ] unsigned char 
 Return value:  Size  Location     Type
		None               void
 Registers used:
		wreg, status,2, status,0, pclath, cstack
 Tracked objects:
		On entry : 
		On exit  : 
		Unchanged: 
 Data sizes:     COMMON   BANK0   BANK1   BANK2
      Params:         0       0       0       0
      Locals:         0       0       1       0
      Temps:          0       0       0       0
      Totals:         0       0       1       0
Total ram usage:        1 bytes
 Hardware stack levels used:    1
 Hardware stack levels required when called:   13
 This function calls:
		_mcp23017_ioa_send_byte
 This function is called by:
		_lcd_initialize
 This function uses a non-reentrant model


 *************** function __set_4bit_interface *****************
 Defined at:
		line 86 in file "HD44780-IOE.c"
 Parameters:    Size  Location     Type
		None
 Auto vars:     Size  Location     Type
		None
 Return value:  Size  Location     Type
		None               void
 Registers used:
		wreg, status,2, status,0, pclath, cstack
 Tracked objects:
		On entry : 
		On exit  : 
		Unchanged: 
 Data sizes:     COMMON   BANK0   BANK1   BANK2
      Params:         0       0       0       0
      Locals:         0       0       0       0
      Temps:          0       0       1       0
      Totals:         0       0       1       0
Total ram usage:        1 bytes
 Hardware stack levels used:    1
 Hardware stack levels required when called:   14
 This function calls:
		__send_nibble
		_mcp23017_ioa_send_byte
 This function is called by:
		_lcd_initialize
 This function uses a non-reentrant model


 *************** function __send_nibble *****************
 Defined at:
		line 65 in file "HD44780-IOE.c"
 Parameters:    Size  Location     Type
  data            1    wreg     unsigned char 
 Auto vars:     Size  Location     Type
  data            1    6[BANK1 ] unsigned char 
 Return value:  Size  Location     Type
		None               void
 Registers used:
		wreg, status,2, status,0, pclath, cstack
 Tracked objects:
		On entry : 
		On exit  : 
		Unchanged: 
 Data sizes:     COMMON   BANK0   BANK1   BANK2
      Params:         0       0       0       0
      Locals:         0       0       1       0
      Temps:          0       0       2       0
      Totals:         0       0       3       0
Total ram usage:        3 bytes
 Hardware stack levels used:    1
 Hardware stack levels required when called:   13
 This function calls:
		_mcp23017_ioa_send_byte
 This function is called by:
		__send_byte
		__set_4bit_interface
 This function uses a non-reentrant model


 *************** function _mcp23017_ioa_send_byte *****************
 Defined at:
		line 59 in file "HD44780-IOE.c"
 Parameters:    Size  Location     Type
		None
 Auto vars:     Size  Location     Type
		None
 Return value:  Size  Location     Type
		None               void
 Registers used:
		wreg, status,2, status,0, pclath, cstack
 Tracked objects:
		On entry : 
		On exit  : 
		Unchanged: 
 Data sizes:     COMMON   BANK0   BANK1   BANK2
      Params:         0       0       0       0
      Locals:         0       0       0       0
      Temps:          0       0       0       0
      Totals:         0       0       0       0
Total ram usage:        0 bytes
 Hardware stack levels used:    1
 Hardware stack levels required when called:   12
 This function calls:
		_mcp23017_write_reg
 This function is called by:
		__send_nibble
		__set_4bit_interface
		_lcd_command
		_lcd_backlight
 This function uses a non-reentrant model


 *************** function _keypad_init *****************
 Defined at:
		line 57 in file "keypad.c"
 Parameters:    Size  Location     Type
		None
 Auto vars:     Size  Location     Type
		None
 Return value:  Size  Location     Type
		None               void
 Registers used:
		wreg, status,2, status,0, pclath, cstack
 Tracked objects:
		On entry : 
		On exit  : 
		Unchanged: 
 Data sizes:     COMMON   BANK0   BANK1   BANK2
      Params:         0       0       0       0
      Locals:         0       0       0       0
      Temps:          0       0       0       0
      Totals:         0       0       0       0
Total ram usage:        0 bytes
 Hardware stack levels used:    1
 Hardware stack levels required when called:   12
 This function calls:
		_mcp23017_write_reg
 This function is called by:
		_main
 This function uses a non-reentrant model


 *************** function _mcp23017_write_reg *****************
 Defined at:
		line 60 in file "mcp23017.c"
 Parameters:    Size  Location     Type
  reg_address     1    wreg     unsigned char 
  value           1    2[BANK1 ] unsigned char 
 Auto vars:     Size  Location     Type
  reg_address     1    3[BANK1 ] unsigned char 
 Return value:  Size  Location     Type
		None               void
 Registers used:
		wreg, status,2, status,0, pclath, cstack
 Tracked objects:
		On entry : 
		On exit  : 
		Unchanged: 
 Data sizes:     COMMON   BANK0   BANK1   BANK2
      Params:         0       0       1       0
      Locals:         0       0       1       0
      Temps:          0       0       0       0
      Totals:         0       0       2       0
Total ram usage:        2 bytes
 Hardware stack levels used:    1
 Hardware stack levels required when called:   11
 This function calls:
		_i2c_send_address
		_i2c_send_data
		_i2c_start
		_i2c_stop
 This function is called by:
		_mcp23017_ioa_send_byte
		_lcd_initialize
		_keypad_init
 This function uses a non-reentrant model


 *************** function _init *****************
 Defined at:
		line 96 in file "main.c"
 Parameters:    Size  Location     Type
  load_value      2    2[BANK1 ] unsigned int 
  prescaler       1    4[BANK1 ] unsigned char 
 Auto vars:     Size  Location     Type
		None
 Return value:  Size  Location     Type
		None               void
 Registers used:
		wreg, status,2, status,0, pclath, cstack
 Tracked objects:
		On entry : 
		On exit  : 
		Unchanged: 
 Data sizes:     COMMON   BANK0   BANK1   BANK2
      Params:         0       0       3       0
      Locals:         0       0       0       0
      Temps:          0       0       1       0
      Totals:         0       0       4       0
Total ram usage:        4 bytes
 Hardware stack levels used:    1
 Hardware stack levels required when called:   10
 This function calls:
		_write_t1
 This function is called by:
		_main
 This function uses a non-reentrant model


 *************** function _write_t1 *****************
 Defined at:
		line 116 in file "main.c"
 Parameters:    Size  Location     Type
  value           2    0[BANK1 ] unsigned int 
 Auto vars:     Size  Location     Type
		None
 Return value:  Size  Location     Type
		None               void
 Registers used:
		wreg
 Tracked objects:
		On entry : 
		On exit  : 
		Unchanged: 
 Data sizes:     COMMON   BANK0   BANK1   BANK2
      Params:         0       0       2       0
      Locals:         0       0       0       0
      Temps:          0       0       0       0
      Totals:         0       0       2       0
Total ram usage:        2 bytes
 Hardware stack levels used:    1
 Hardware stack levels required when called:    9
 This function calls:
		Nothing
 This function is called by:
		_init
 This function uses a non-reentrant model


 *************** function _i2c_init *****************
 Defined at:
		line 51 in file "pic12f1840_i2c.c"
 Parameters:    Size  Location     Type
  clock_hz        4   13[BANK1 ] unsigned long 
 Auto vars:     Size  Location     Type
		None
 Return value:  Size  Location     Type
		None               void
 Registers used:
		wreg, status,2, status,0, pclath, cstack
 Tracked objects:
		On entry : 
		On exit  : 
		Unchanged: 
 Data sizes:     COMMON   BANK0   BANK1   BANK2
      Params:         0       0       4       0
      Locals:         0       0       0       0
      Temps:          0       0       0       0
      Totals:         0       0       4       0
Total ram usage:        4 bytes
 Hardware stack levels used:    1
 Hardware stack levels required when called:   10
 This function calls:
		___lldiv
 This function is called by:
		_main
 This function uses a non-reentrant model


 *************** function ___lldiv *****************
 Defined at:
		line 6 in file "C:\Program Files (x86)\Microchip\xc8\v1.32 - PRO\sources\common\lldiv.c"
 Parameters:    Size  Location     Type
  divisor         4    0[BANK1 ] unsigned long 
  dividend        4    4[BANK1 ] unsigned long 
 Auto vars:     Size  Location     Type
  quotient        4    8[BANK1 ] unsigned long 
  counter         1   12[BANK1 ] unsigned char 
 Return value:  Size  Location     Type
                  4    0[BANK1 ] unsigned long 
 Registers used:
		wreg, status,2, status,0
 Tracked objects:
		On entry : 
		On exit  : 
		Unchanged: 
 Data sizes:     COMMON   BANK0   BANK1   BANK2
      Params:         0       0       8       0
      Locals:         0       0       5       0
      Temps:          0       0       0       0
      Totals:         0       0      13       0
Total ram usage:       13 bytes
 Hardware stack levels used:    1
 Hardware stack levels required when called:    9
 This function calls:
		Nothing
 This function is called by:
		_i2c_init
 This function uses a non-reentrant model


 *************** function _ds1307_init *****************
 Defined at:
		line 81 in file "ds1307.c"
 Parameters:    Size  Location     Type
		None
 Auto vars:     Size  Location     Type
		None
 Return value:  Size  Location     Type
		None               void
 Registers used:
		wreg, fsr1l, fsr1h, status,2, status,0, pclath, cstack
 Tracked objects:
		On entry : 
		On exit  : 
		Unchanged: 
 Data sizes:     COMMON   BANK0   BANK1   BANK2
      Params:         0       0       0       0
      Locals:         0       0       0       0
      Temps:          0       0       0       0
      Totals:         0       0       0       0
Total ram usage:        0 bytes
 Hardware stack levels used:    1
 Hardware stack levels required when called:   12
 This function calls:
		_ds1307_get_clock
 This function is called by:
		_main
 This function uses a non-reentrant model


 *************** function _ds1307_get_clock *****************
 Defined at:
		line 140 in file "ds1307.c"
 Parameters:    Size  Location     Type
		None
 Auto vars:     Size  Location     Type
  r               1    2[BANK1 ] unsigned char 
 Return value:  Size  Location     Type
		None               void
 Registers used:
		wreg, fsr1l, fsr1h, status,2, status,0, pclath, cstack
 Tracked objects:
		On entry : 
		On exit  : 
		Unchanged: 
 Data sizes:     COMMON   BANK0   BANK1   BANK2
      Params:         0       0       0       0
      Locals:         0       0       1       0
      Temps:          0       0       0       0
      Totals:         0       0       1       0
Total ram usage:        1 bytes
 Hardware stack levels used:    1
 Hardware stack levels required when called:   11
 This function calls:
		_i2c_read_data
		_i2c_restart
		_i2c_send_ack
		_i2c_send_address
		_i2c_send_data
		_i2c_start
		_i2c_stop
 This function is called by:
		_ds1307_init
 This function uses a non-reentrant model


 *************** function _i2c_stop *****************
 Defined at:
		line 92 in file "pic12f1840_i2c.c"
 Parameters:    Size  Location     Type
		None
 Auto vars:     Size  Location     Type
		None
 Return value:  Size  Location     Type
		None               void
 Registers used:
		wreg, status,2, status,0, pclath, cstack
 Tracked objects:
		On entry : 
		On exit  : 
		Unchanged: 
 Data sizes:     COMMON   BANK0   BANK1   BANK2
      Params:         0       0       0       0
      Locals:         0       0       0       0
      Temps:          0       0       0       0
      Totals:         0       0       0       0
Total ram usage:        0 bytes
 Hardware stack levels used:    1
 Hardware stack levels required when called:   10
 This function calls:
		_i2c_wait
 This function is called by:
		_mcp23017_write_reg
		_ds1307_get_clock
 This function uses a non-reentrant model


 *************** function _i2c_start *****************
 Defined at:
		line 82 in file "pic12f1840_i2c.c"
 Parameters:    Size  Location     Type
		None
 Auto vars:     Size  Location     Type
		None
 Return value:  Size  Location     Type
		None               void
 Registers used:
		wreg, status,2, status,0, pclath, cstack
 Tracked objects:
		On entry : 
		On exit  : 
		Unchanged: 
 Data sizes:     COMMON   BANK0   BANK1   BANK2
      Params:         0       0       0       0
      Locals:         0       0       0       0
      Temps:          0       0       0       0
      Totals:         0       0       0       0
Total ram usage:        0 bytes
 Hardware stack levels used:    1
 Hardware stack levels required when called:   10
 This function calls:
		_i2c_wait
 This function is called by:
		_mcp23017_write_reg
		_ds1307_get_clock
 This function uses a non-reentrant model


 *************** function _i2c_send_data *****************
 Defined at:
		line 115 in file "pic12f1840_i2c.c"
 Parameters:    Size  Location     Type
  data            1    wreg     unsigned char 
 Auto vars:     Size  Location     Type
  data            1    0[BANK1 ] unsigned char 
 Return value:  Size  Location     Type
		None               void
 Registers used:
		wreg, status,2, status,0, pclath, cstack
 Tracked objects:
		On entry : 
		On exit  : 
		Unchanged: 
 Data sizes:     COMMON   BANK0   BANK1   BANK2
      Params:         0       0       0       0
      Locals:         0       0       1       0
      Temps:          0       0       0       0
      Totals:         0       0       1       0
Total ram usage:        1 bytes
 Hardware stack levels used:    1
 Hardware stack levels required when called:   10
 This function calls:
		_i2c_wait
 This function is called by:
		_mcp23017_write_reg
		_ds1307_get_clock
 This function uses a non-reentrant model


 *************** function _i2c_send_address *****************
 Defined at:
		line 108 in file "pic12f1840_i2c.c"
 Parameters:    Size  Location     Type
  address         1    wreg     unsigned char 
  mode            1    0[BANK1 ] unsigned char 
 Auto vars:     Size  Location     Type
  address         1    1[BANK1 ] unsigned char 
 Return value:  Size  Location     Type
		None               void
 Registers used:
		wreg, status,2, status,0, pclath, cstack
 Tracked objects:
		On entry : 
		On exit  : 
		Unchanged: 
 Data sizes:     COMMON   BANK0   BANK1   BANK2
      Params:         0       0       1       0
      Locals:         0       0       1       0
      Temps:          0       0       0       0
      Totals:         0       0       2       0
Total ram usage:        2 bytes
 Hardware stack levels used:    1
 Hardware stack levels required when called:   10
 This function calls:
		_i2c_wait
 This function is called by:
		_mcp23017_write_reg
		_ds1307_get_clock
 This function uses a non-reentrant model


 *************** function _i2c_send_ack *****************
 Defined at:
		line 97 in file "pic12f1840_i2c.c"
 Parameters:    Size  Location     Type
  ack             1    wreg     unsigned char 
 Auto vars:     Size  Location     Type
  ack             1    0[BANK1 ] unsigned char 
 Return value:  Size  Location     Type
		None               void
 Registers used:
		wreg, status,2, status,0, pclath, cstack
 Tracked objects:
		On entry : 
		On exit  : 
		Unchanged: 
 Data sizes:     COMMON   BANK0   BANK1   BANK2
      Params:         0       0       0       0
      Locals:         0       0       1       0
      Temps:          0       0       0       0
      Totals:         0       0       1       0
Total ram usage:        1 bytes
 Hardware stack levels used:    1
 Hardware stack levels required when called:   10
 This function calls:
		_i2c_wait
 This function is called by:
		_ds1307_get_clock
 This function uses a non-reentrant model


 *************** function _i2c_restart *****************
 Defined at:
		line 87 in file "pic12f1840_i2c.c"
 Parameters:    Size  Location     Type
		None
 Auto vars:     Size  Location     Type
		None
 Return value:  Size  Location     Type
		None               void
 Registers used:
		wreg, status,2, status,0, pclath, cstack
 Tracked objects:
		On entry : 
		On exit  : 
		Unchanged: 
 Data sizes:     COMMON   BANK0   BANK1   BANK2
      Params:         0       0       0       0
      Locals:         0       0       0       0
      Temps:          0       0       0       0
      Totals:         0       0       0       0
Total ram usage:        0 bytes
 Hardware stack levels used:    1
 Hardware stack levels required when called:   10
 This function calls:
		_i2c_wait
 This function is called by:
		_ds1307_get_clock
 This function uses a non-reentrant model


 *************** function _i2c_read_data *****************
 Defined at:
		line 120 in file "pic12f1840_i2c.c"
 Parameters:    Size  Location     Type
		None
 Auto vars:     Size  Location     Type
  read_data       1    0[BANK1 ] unsigned char 
 Return value:  Size  Location     Type
                  1    wreg      unsigned char 
 Registers used:
		wreg, status,2, status,0, pclath, cstack
 Tracked objects:
		On entry : 
		On exit  : 
		Unchanged: 
 Data sizes:     COMMON   BANK0   BANK1   BANK2
      Params:         0       0       0       0
      Locals:         0       0       1       0
      Temps:          0       0       0       0
      Totals:         0       0       1       0
Total ram usage:        1 bytes
 Hardware stack levels used:    1
 Hardware stack levels required when called:   10
 This function calls:
		_i2c_wait
 This function is called by:
		_ds1307_get_clock
 This function uses a non-reentrant model


 *************** function _i2c_wait *****************
 Defined at:
		line 76 in file "pic12f1840_i2c.c"
 Parameters:    Size  Location     Type
		None
 Auto vars:     Size  Location     Type
		None
 Return value:  Size  Location     Type
		None               void
 Registers used:
		wreg, status,2
 Tracked objects:
		On entry : 
		On exit  : 
		Unchanged: 
 Data sizes:     COMMON   BANK0   BANK1   BANK2
      Params:         0       0       0       0
      Locals:         0       0       0       0
      Temps:          0       0       0       0
      Totals:         0       0       0       0
Total ram usage:        0 bytes
 Hardware stack levels used:    1
 Hardware stack levels required when called:    9
 This function calls:
		Nothing
 This function is called by:
		_i2c_start
		_i2c_restart
		_i2c_stop
		_i2c_send_ack
		_i2c_send_address
		_i2c_send_data
		_i2c_read_data
 This function uses a non-reentrant model


 *************** function _tmr_isr *****************
 Defined at:
		line 208 in file "main.c"
 Parameters:    Size  Location     Type
		None
 Auto vars:     Size  Location     Type
  time           10   30[BANK0 ] unsigned char [10]
  date           10   20[BANK0 ] unsigned char [10]
  pos             2   40[BANK0 ] unsigned char [2]
 Return value:  Size  Location     Type
		None               void
 Registers used:
		wreg, fsr0l, fsr0h, fsr1l, fsr1h, status,2, status,0, pclath, cstack
 Tracked objects:
		On entry : 
		On exit  : 
		Unchanged: 
 Data sizes:     COMMON   BANK0   BANK1   BANK2
      Params:         0       0       0       0
      Locals:         0      22       0       0
      Temps:          0       0       0       0
      Totals:         0      22       0       0
Total ram usage:       22 bytes
 Hardware stack levels used:    1
 Hardware stack levels required when called:    8
 This function calls:
		_ds1307_date_formatted
		_ds1307_time_formatted
		_keypad_read_key
		_lcd_goto
		_lcd_write
		_sprintf
		_update_clock
		i1_ds1307_get_clock
		i1_lcd_backlight
		i1_write_t1
[...]
      Temps:          0       0       0       0
      Totals:         1       0       0       0
Total ram usage:        1 bytes
 Hardware stack levels used:    1
 Hardware stack levels required when called:    2
 This function calls:
		_bcd_to_dec
		_ds1307_is_12hr_mode
 This function is called by:
		_update_clock
		_ds1307_is_pm
		_ds1307_switch_to_12hr
		_ds1307_switch_to_24hr
		_ds1307_time_formatted
 This function uses a non-reentrant model


 *************** function _ds1307_is_12hr_mode *****************
 Defined at:
		line 182 in file "ds1307.c"
 Parameters:    Size  Location     Type
		None
 Auto vars:     Size  Location     Type
		None
 Return value:  Size  Location     Type
                  1    wreg      unsigned char 
 Registers used:
		wreg
 Tracked objects:
		On entry : 
		On exit  : 
		Unchanged: 
 Data sizes:     COMMON   BANK0   BANK1   BANK2
      Params:         0       0       0       0
      Locals:         0       0       0       0
      Temps:          0       0       0       0
      Totals:         0       0       0       0
Total ram usage:        0 bytes
 Hardware stack levels used:    1
 This function calls:
		Nothing
 This function is called by:
		_update_clock
		_ds1307_get_hours
		_ds1307_set_hours
		_ds1307_is_pm
		_ds1307_set_pm_am
		_ds1307_switch_to_12hr
		_ds1307_switch_to_24hr
		_ds1307_time_formatted
 This function uses a non-reentrant model


 *************** function _ds1307_get_seconds *****************
 Defined at:
		line 188 in file "ds1307.c"
 Parameters:    Size  Location     Type
		None
 Auto vars:     Size  Location     Type
		None
 Return value:  Size  Location     Type
                  1    wreg      unsigned char 
 Registers used:
		wreg, status,2, status,0, pclath, cstack
 Tracked objects:
		On entry : 
		On exit  : 
		Unchanged: 
 Data sizes:     COMMON   BANK0   BANK1   BANK2
      Params:         0       0       0       0
      Locals:         0       0       0       0
      Temps:          0       0       0       0
      Totals:         0       0       0       0
Total ram usage:        0 bytes
 Hardware stack levels used:    1
 Hardware stack levels required when called:    2
 This function calls:
		_bcd_to_dec
 This function is called by:
		_update_clock
		_ds1307_time_formatted
 This function uses a non-reentrant model


 *************** function _ds1307_get_minutes *****************
 Defined at:
		line 200 in file "ds1307.c"
 Parameters:    Size  Location     Type
		None
 Auto vars:     Size  Location     Type
		None
 Return value:  Size  Location     Type
                  1    wreg      unsigned char 
 Registers used:
		wreg, status,2, status,0, pclath, cstack
 Tracked objects:
		On entry : 
		On exit  : 
		Unchanged: 
 Data sizes:     COMMON   BANK0   BANK1   BANK2
      Params:         0       0       0       0
      Locals:         0       0       0       0
      Temps:          0       0       0       0
      Totals:         0       0       0       0
Total ram usage:        0 bytes
 Hardware stack levels used:    1
 Hardware stack levels required when called:    2
 This function calls:
		_bcd_to_dec
 This function is called by:
		_update_clock
		_ds1307_time_formatted
 This function uses a non-reentrant model


 *************** function _ds1307_date_formatted *****************
 Defined at:
		line 391 in file "ds1307.c"
 Parameters:    Size  Location     Type
  p_str_date      1    wreg     PTR unsigned char 
		 -> tmr_isr@date(10), 
 Auto vars:     Size  Location     Type
  p_str_date      1   12[COMMON] PTR unsigned char 
		 -> tmr_isr@date(10), 
 Return value:  Size  Location     Type
		None               void
 Registers used:
		wreg, fsr0l, fsr0h, fsr1l, fsr1h, status,2, status,0, pclath, cstack
 Tracked objects:
		On entry : 
		On exit  : 
		Unchanged: 
 Data sizes:     COMMON   BANK0   BANK1   BANK2
      Params:         0       0       0       0
      Locals:         1       0       0       0
      Temps:          0       0       0       0
      Totals:         1       0       0       0
Total ram usage:        1 bytes
 Hardware stack levels used:    1
 Hardware stack levels required when called:    3
 This function calls:
		_ds1307_get_day_of_month
		_ds1307_get_month
		_ds1307_get_year
		_sprintf
 This function is called by:
		_tmr_isr
 This function uses a non-reentrant model


 *************** function _sprintf *****************
 Defined at:
		line 492 in file "C:\Program Files (x86)\Microchip\xc8\v1.32 - PRO\sources\common\doprnt.c"
 Parameters:    Size  Location     Type
  sp              1    wreg     PTR unsigned char 
		 -> tmr_isr@pos(2), tmr_isr@date(10), tmr_isr@time(10), 
  f               2    0[BANK0 ] PTR const unsigned char 
		 -> STR_6(15), STR_5(16), STR_4(15), STR_3(3), 
 Auto vars:     Size  Location     Type
  sp              1   17[BANK0 ] PTR unsigned char 
		 -> tmr_isr@pos(2), tmr_isr@date(10), tmr_isr@time(10), 
  _val            4   13[BANK0 ] struct .
  c               1   19[BANK0 ] char 
  prec            1   18[BANK0 ] char 
  ap              1   12[BANK0 ] PTR void [1]
		 -> ?_sprintf(2), 
  flag            1    0        unsigned char 
 Return value:  Size  Location     Type
                  2    0[BANK0 ] int 
 Registers used:
		wreg, fsr0l, fsr0h, fsr1l, fsr1h, status,2, status,0, pclath, cstack
 Tracked objects:
		On entry : 
		On exit  : 
		Unchanged: 
 Data sizes:     COMMON   BANK0   BANK1   BANK2
      Params:         0       8       0       0
      Locals:         0       8       0       0
      Temps:          0       4       0       0
      Totals:         0      20       0       0
Total ram usage:       20 bytes
 Hardware stack levels used:    1
 Hardware stack levels required when called:    1
 This function calls:
		___bmul
		___lwdiv
		___lwmod
		_isdigit
 This function is called by:
		_tmr_isr
		_ds1307_time_formatted
		_ds1307_date_formatted
 This function uses a non-reentrant model


 *************** function _isdigit *****************
 Defined at:
		line 8 in file "C:\Program Files (x86)\Microchip\xc8\v1.32 - PRO\sources\common\isdigit.c"
 Parameters:    Size  Location     Type
  c               1    wreg     unsigned char 
 Auto vars:     Size  Location     Type
  c               1    1[COMMON] unsigned char 
 Return value:  Size  Location     Type
		None               void
 Registers used:
		wreg, status,2, status,0
 Tracked objects:
		On entry : 
		On exit  : 
		Unchanged: 
 Data sizes:     COMMON   BANK0   BANK1   BANK2
      Params:         0       0       0       0
      Locals:         2       0       0       0
      Temps:          0       0       0       0
      Totals:         2       0       0       0
Total ram usage:        2 bytes
 Hardware stack levels used:    1
 This function calls:
		Nothing
 This function is called by:
		_sprintf
 This function uses a non-reentrant model


 *************** function ___lwmod *****************
 Defined at:
		line 6 in file "C:\Program Files (x86)\Microchip\xc8\v1.32 - PRO\sources\common\lwmod.c"
 Parameters:    Size  Location     Type
  divisor         2    7[COMMON] unsigned int 
  dividend        2    9[COMMON] unsigned int 
 Auto vars:     Size  Location     Type
  counter         1   11[COMMON] unsigned char 
 Return value:  Size  Location     Type
                  2    7[COMMON] unsigned int 
 Registers used:
		wreg, status,2, status,0
 Tracked objects:
		On entry : 
		On exit  : 
		Unchanged: 
 Data sizes:     COMMON   BANK0   BANK1   BANK2
      Params:         4       0       0       0
      Locals:         1       0       0       0
      Temps:          0       0       0       0
      Totals:         5       0       0       0
Total ram usage:        5 bytes
 Hardware stack levels used:    1
 This function calls:
		Nothing
 This function is called by:
		_sprintf
 This function uses a non-reentrant model


 *************** function ___lwdiv *****************
 Defined at:
		line 6 in file "C:\Program Files (x86)\Microchip\xc8\v1.32 - PRO\sources\common\lwdiv.c"
 Parameters:    Size  Location     Type
  divisor         2    0[COMMON] unsigned int 
  dividend        2    2[COMMON] unsigned int 
 Auto vars:     Size  Location     Type
  quotient        2    4[COMMON] unsigned int 
  counter         1    6[COMMON] unsigned char 
 Return value:  Size  Location     Type
                  2    0[COMMON] unsigned int 
 Registers used:
		wreg, status,2, status,0
 Tracked objects:
		On entry : 
		On exit  : 
		Unchanged: 
 Data sizes:     COMMON   BANK0   BANK1   BANK2
      Params:         4       0       0       0
      Locals:         3       0       0       0
      Temps:          0       0       0       0
      Totals:         7       0       0       0
Total ram usage:        7 bytes
 Hardware stack levels used:    1
 This function calls:
		Nothing
 This function is called by:
		_sprintf
 This function uses a non-reentrant model


 *************** function _ds1307_get_year *****************
 Defined at:
		line 270 in file "ds1307.c"
 Parameters:    Size  Location     Type
		None
 Auto vars:     Size  Location     Type
		None
 Return value:  Size  Location     Type
                  1    wreg      unsigned char 
 Registers used:
		wreg, status,2, status,0, pclath, cstack
 Tracked objects:
		On entry : 
		On exit  : 
		Unchanged: 
 Data sizes:     COMMON   BANK0   BANK1   BANK2
      Params:         0       0       0       0
      Locals:         0       0       0       0
      Temps:          0       0       0       0
      Totals:         0       0       0       0
Total ram usage:        0 bytes
 Hardware stack levels used:    1
 Hardware stack levels required when called:    2
 This function calls:
		_bcd_to_dec
 This function is called by:
		_update_clock
		_ds1307_date_formatted
 This function uses a non-reentrant model


 *************** function _ds1307_get_month *****************
 Defined at:
		line 260 in file "ds1307.c"
 Parameters:    Size  Location     Type
		None
 Auto vars:     Size  Location     Type
		None
 Return value:  Size  Location     Type
                  1    wreg      unsigned char 
 Registers used:
		wreg, status,2, status,0, pclath, cstack
 Tracked objects:
		On entry : 
		On exit  : 
		Unchanged: 
 Data sizes:     COMMON   BANK0   BANK1   BANK2
      Params:         0       0       0       0
      Locals:         0       0       0       0
      Temps:          0       0       0       0
      Totals:         0       0       0       0
Total ram usage:        0 bytes
 Hardware stack levels used:    1
 Hardware stack levels required when called:    2
 This function calls:
		_bcd_to_dec
 This function is called by:
		_update_clock
		_ds1307_date_formatted
 This function uses a non-reentrant model


 *************** function _ds1307_get_day_of_month *****************
 Defined at:
		line 249 in file "ds1307.c"
 Parameters:    Size  Location     Type
		None
 Auto vars:     Size  Location     Type
		None
 Return value:  Size  Location     Type
                  1    wreg      unsigned char 
 Registers used:
		wreg, status,2, status,0, pclath, cstack
 Tracked objects:
		On entry : 
		On exit  : 
		Unchanged: 
 Data sizes:     COMMON   BANK0   BANK1   BANK2
      Params:         0       0       0       0
      Locals:         0       0       0       0
      Temps:          0       0       0       0
      Totals:         0       0       0       0
Total ram usage:        0 bytes
 Hardware stack levels used:    1
 Hardware stack levels required when called:    2
 This function calls:
		_bcd_to_dec
 This function is called by:
		_update_clock
		_ds1307_date_formatted
 This function uses a non-reentrant model


 *************** function _bcd_to_dec *****************
 Defined at:
		line 73 in file "ds1307.c"
 Parameters:    Size  Location     Type
  bcd             1    wreg     unsigned char 
 Auto vars:     Size  Location     Type
  bcd             1    4[COMMON] unsigned char 
 Return value:  Size  Location     Type
                  1    wreg      unsigned char 
 Registers used:
		wreg, status,2, status,0, pclath, cstack
 Tracked objects:
		On entry : 
		On exit  : 
		Unchanged: 
 Data sizes:     COMMON   BANK0   BANK1   BANK2
      Params:         0       0       0       0
      Locals:         1       0       0       0
      Temps:          1       0       0       0
      Totals:         2       0       0       0
Total ram usage:        2 bytes
 Hardware stack levels used:    1
 Hardware stack levels required when called:    1
 This function calls:
		___bmul
 This function is called by:
		_ds1307_get_seconds
		_ds1307_get_minutes
		_ds1307_get_hours
		_ds1307_get_day_of_month
		_ds1307_get_month
		_ds1307_get_year
 This function uses a non-reentrant model


 *************** function ___bmul *****************
 Defined at:
		line 4 in file "C:\Program Files (x86)\Microchip\xc8\v1.32 - PRO\sources\common\Umul8.c"
 Parameters:    Size  Location     Type
  multiplier      1    wreg     unsigned char 
  multiplicand    1    0[COMMON] unsigned char 
 Auto vars:     Size  Location     Type
  multiplier      1    2[COMMON] unsigned char 
  product         1    1[COMMON] unsigned char 
 Return value:  Size  Location     Type
                  1    wreg      unsigned char 
 Registers used:
		wreg, status,2, status,0
 Tracked objects:
		On entry : 
		On exit  : 
		Unchanged: 
 Data sizes:     COMMON   BANK0   BANK1   BANK2
      Params:         1       0       0       0
      Locals:         2       0       0       0
      Temps:          0       0       0       0
      Totals:         3       0       0       0
Total ram usage:        3 bytes
 Hardware stack levels used:    1
 This function calls:
		Nothing
 This function is called by:
		_bcd_to_dec
		_sprintf
 This function uses a non-reentrant model



MODULE INFORMATION

Module		Function		Class		Link	Load	Size
keypad.c
		_keypad_read_ke		CODE           	07AE	0000	27
		_keypad_scan   		CODE           	07C9	0000	3
		_keypad_init   		CODE           	00DB	0000	16

keypad.c estimated size: 46

HD44780-IOE.c
		_mcp23017_ioa_s		CODE           	01EE	0000	4
		_lcd_command   		CODE           	019A	0000	16
		__set_4bit_inte		CODE           	01BB	0000	13
		_lcd_data      		CODE           	075F	0000	14
		_lcd_initialize		CODE           	00EB	0000	116
		_lcd_backlight 		CODE           	02F5	0000	7
		_lcd_flags_set 		CODE           	015F	0000	59
		_lcd_goto      		CODE           	071D	0000	32
		__send_byte    		CODE           	02FC	0000	9
		_lcd_write     		CODE           	073D	0000	34
		__send_nibble  		CODE           	01C8	0000	38

HD44780-IOE.c estimated size: 342

C:\Program Files (x86)\Microchip\xc8\v1.32 - PRO\sources\common\lwdiv.c
		___lwdiv       		CODE           	0694	0000	37

C:\Program Files (x86)\Microchip\xc8\v1.32 - PRO\sources\common\lwdiv.c estimated size: 37

C:\Program Files (x86)\Microchip\xc8\v1.32 - PRO\sources\common\lbmod.c
		___lbmod       		CODE           	0FD0	0000	24

C:\Program Files (x86)\Microchip\xc8\v1.32 - PRO\sources\common\lbmod.c estimated size: 24

C:\Program Files (x86)\Microchip\xc8\v1.32 - PRO\sources\common\lldiv.c
		___lldiv       		CODE           	028E	0000	63

C:\Program Files (x86)\Microchip\xc8\v1.32 - PRO\sources\common\lldiv.c estimated size: 63

ds1307.c
		_ds1307_set_hr_		CODE           	04F4	0000	11
		_ds1307_start_c		CODE           	032F	0000	11
		_ds1307_get_yea		CODE           	0691	0000	3
		_ds1307_set_yea		CODE           	0F84	0000	10
		_ds1307_date_fo		CODE           	0318	0000	23
		_ds1307_time_fo		CODE           	037D	0000	68
		_bcd_to_dec    		CODE           	050D	0000	10
		_dec_to_bcd    		CODE           	0FC1	0000	15
		_ds1307_get_sec		CODE           	04BB	0000	4
		_ds1307_set_sec		CODE           	0FB2	0000	15
		_ds1307_get_min		CODE           	04B8	0000	3
		_ds1307_set_min		CODE           	0F8E	0000	10
		_ds1307_is_12hr		CODE           	04A4	0000	5
		_ds1307_get_day		CODE           	068A	0000	4
		_ds1307_set_day		CODE           	0FA5	0000	13
		_ds1307_switch_		CODE           	033A	0000	33
		_ds1307_init   		CODE           	0252	0000	1
		_ds1307_switch_		CODE           	035B	0000	34
		_ds1307_is_pm  		CODE           	04BF	0000	20
		_ds1307_set_pm_		CODE           	04FF	0000	14
		_ds1307_get_clo		CODE           	01FA	0000	42
		_ds1307_set_clo		CODE           	05DA	0000	28
		_ds1307_read_ad		CODE           	060F	0000	26
		_ds1307_get_mon		CODE           	068E	0000	3
		_ds1307_set_mon		CODE           	0F98	0000	13
		_ds1307_get_hou		CODE           	04A9	0000	15
		_ds1307_set_hou		CODE           	04D3	0000	33
		_ds1307_stop_cl		CODE           	067F	0000	11
		_ds1307_write_a		CODE           	05BB	0000	15

ds1307.c estimated size: 493

C:\Program Files (x86)\Microchip\xc8\v1.32 - PRO\sources\common\Umul8.c
		___bmul        		CODE           	05AF	0000	12

C:\Program Files (x86)\Microchip\xc8\v1.32 - PRO\sources\common\Umul8.c estimated size: 12

shared
		PL12           		CODE           	0703	0000	4
		PL8            		CODE           	06F8	0000	6
		i1_write_t1    		CODE           	07CC	0000	8
		i1_i2c_wait    		CODE           	066C	0000	8
		__stringdata   		STRCODE        	080A	0000	63
		i1_i2c_send_add		CODE           	0658	0000	8
		i1_i2c_read_dat		CODE           	0651	0000	7
		i1_mcp23017_wri		CODE           	05CA	0000	16
		_dpowers       		STRCODE        	0800	0000	10
		i1_i2c_stop    		CODE           	067C	0000	3
		i1_i2c_start   		CODE           	0679	0000	3
		i1_ds1307_get_c		CODE           	0629	0000	40
		__initializatio		CODE           	00A8	0000	13
		i1_i2c_send_ack		CODE           	0660	0000	9
		i1_lcd_backligh		CODE           	0715	0000	8
		i1__send_byte  		CODE           	077B	0000	9
		i1_mcp23017_ioa		CODE           	07A8	0000	6
		i1_i2c_restart 		CODE           	0669	0000	3
		i1_i2c_send_dat		CODE           	0674	0000	5
		PL2            		CODE           	06D9	0000	13
		PL10           		CODE           	06FE	0000	5
		PL4            		CODE           	06E6	0000	12
		i1__send_nibble		CODE           	0784	0000	36
		PL6            		CODE           	06F2	0000	6
		i1_lcd_command 		CODE           	076D	0000	14

shared estimated size: 315

C:\Program Files (x86)\Microchip\xc8\v1.32 - PRO\sources\common\isdigit.c
		_isdigit       		CODE           	0707	0000	14

C:\Program Files (x86)\Microchip\xc8\v1.32 - PRO\sources\common\isdigit.c estimated size: 14

C:\Program Files (x86)\Microchip\xc8\v1.32 - PRO\sources\common\lbdiv.c
		___lbdiv       		CODE           	0FE8	0000	24

C:\Program Files (x86)\Microchip\xc8\v1.32 - PRO\sources\common\lbdiv.c estimated size: 24

pic12f1840_i2c.c
		_i2c_send_data 		CODE           	01F2	0000	8
		_i2c_send_addre		CODE           	023F	0000	10
		_i2c_start     		CODE           	0249	0000	3
		_i2c_restart   		CODE           	024C	0000	3
		_i2c_stop      		CODE           	024F	0000	3
		_i2c_wait      		CODE           	0237	0000	8
		_i2c_init      		CODE           	0253	0000	59
		_i2c_read_data 		CODE           	0224	0000	8
		_i2c_send_ack  		CODE           	022C	0000	11

pic12f1840_i2c.c estimated size: 113

mcp23017.c
		_mcp23017_set_s		CODE           	0314	0000	4
		_mcp23017_init 		CODE           	0305	0000	3
		_mcp23017_read_		CODE           	05F6	0000	25
		_mcp23017_write		CODE           	01AA	0000	17

mcp23017.c estimated size: 49

main.c
		_init          		CODE           	02CD	0000	40
		_write_t1      		CODE           	0308	0000	12
		_main          		CODE           	00B8	0000	35
		_update_clock  		CODE           	03C1	0000	200
		_tmr_isr       		CODE           	0004	0000	162
		_adjust_val    		CODE           	0489	0000	27

main.c estimated size: 476

C:\Program Files (x86)\Microchip\xc8\v1.32 - PRO\sources\common\doprnt.c
		_sprintf       		CODE           	0517	0000	152

C:\Program Files (x86)\Microchip\xc8\v1.32 - PRO\sources\common\doprnt.c estimated size: 152

C:\Program Files (x86)\Microchip\xc8\v1.32 - PRO\sources\common\lwmod.c
		___lwmod       		CODE           	06B9	0000	32

C:\Program Files (x86)\Microchip\xc8\v1.32 - PRO\sources\common\lwmod.c estimated size: 32

