Microchip MPLAB XC8 Compiler V1.32 ()

Linker command line:

--edf=C:\Program Files (x86)\Microchip\xc8\v1.32\dat\en_msgs.txt -cs \
  -h+dist/PIC12F1840_PK3_FREE/production\PIC12-DS1307-AT24C32.X.production.sym \
  --cmf=dist/PIC12F1840_PK3_FREE/production\PIC12-DS1307-AT24C32.X.production.cmf \
  -z -Q12F1840 -oC:\Users\Omar\AppData\Local\Temp\s5lg.6 \
  -Mdist/PIC12F1840_PK3_FREE/production/PIC12-DS1307-AT24C32.X.production.map \
  -E1 -ver=XC8 -ASTACK=0207Ah-020efh -pstack=STACK -ACONST=00h-0FFhx16 \
  -ACODE=00h-07FFhx2 -ASTRCODE=00h-0FFFh -AENTRY=00h-0FFhx16 \
  -ASTRING=00h-0FFhx16 -ACOMMON=070h-07Fh -ABANK0=020h-06Fh \
  -ABANK1=0A0h-0EFh -ABANK2=0120h-016Fh -ABIGRAM=02000h-020EFh \
  -ARAM=020h-06Fh,0A0h-0EFh,0120h-016Fh \
  -AABS1=020h-07Fh,0A0h-0EFh,0120h-016Fh -ASFR0=00h-01Fh -ASFR1=080h-09Fh \
  -ASFR2=0100h-011Fh -ASFR3=0180h-01EFh -ASFR4=0200h-026Fh \
  -ASFR5=0280h-02EFh -ASFR6=0300h-036Fh -ASFR7=0380h-03EFh \
  -ASFR8=0400h-046Fh -ASFR9=0480h-04EFh -ASFR10=0500h-056Fh \
  -ASFR11=0580h-05EFh -ASFR12=0600h-066Fh -ASFR13=0680h-06EFh \
  -ASFR14=0700h-076Fh -ASFR15=0780h-07EFh -ASFR16=0800h-086Fh \
  -ASFR17=0880h-08EFh -ASFR18=0900h-096Fh -ASFR19=0980h-09EFh \
  -ASFR20=0A00h-0A6Fh -ASFR21=0A80h-0AEFh -ASFR22=0B00h-0B6Fh \
  -ASFR23=0B80h-0BEFh -ASFR24=0C00h-0C6Fh -ASFR25=0C80h-0CEFh \
  -ASFR26=0D00h-0D6Fh -ASFR27=0D80h-0DEFh -ASFR28=0E00h-0E6Fh \
  -ASFR29=0E80h-0EEFh -ASFR30=0F00h-0F6Fh -ASFR31=0F80h-0FEFh \
  -preset_vec=00h,intentry=04h,init,end_init -ppowerup=CODE -pcinit=CODE \
  -pfunctab=CODE -ACONFIG=08007h-08008h -pconfig=CONFIG -DCONFIG=2 \
  -AIDLOC=08000h-08003h -pidloc=IDLOC -DIDLOC=2 -AEEDATA=00h-0FFh/0F000h \
  -peeprom_data=EEDATA -DEEDATA=2 -DCODE=2 -DSTRCODE=2 -DSTRING=2 -DCONST=2 \
  -DENTRY=2 -k C:\Users\Omar\AppData\Local\Temp\s5lg.obj \
  dist/PIC12F1840_PK3_FREE/production\PIC12-DS1307-AT24C32.X.production.obj 

Object code version is 3.11

Machine type is 12F1840



                Name                               Link     Load   Length Selector   Space Scale
C:\Users\Omar\AppData\Local\Temp\s5lg.obj
                end_init                             D4       D4        2        8       0
                reset_vec                             0        0        2        0       0
                config                             8007     8007        2    1000E       0
dist/PIC12F1840_PK3_FREE/production\PIC12-DS1307-AT24C32.X.production.obj
                cinit                                D6       D6       10        8       0
                intentry                              4        4       D0        8       0
                text85                              7EF      7EF       11      C92       0
                text84                              D84      D84       13     1B08       0
                text83                              BFF      BFF        6     17FE       0
                text82                              BCD      BCD        5     179A       0
                text81                              BD2      BD2        5     17A4       0
                text80                              755      755       36      C92       0
                text79                              5A9      5A9       2E        8       0
                text78                              CB4      CB4        E     1968       0
                text77                              21B      21B      10F        8       0
                text76                              5D7      5D7       28        8       0
                text75                              BD7      BD7        5     17AE       0
                text74                              C05      C05        6     180A       0
                text73                              BDC      BDC        5     17B8       0
                text72                              DAA      DAA       14     1B54       0
                text71                              E44      E44       1A     1C88       0
                text70                              3BC      3BC       6D        8       0
                text69                              C17      C17        7     182E       0
                text68                              CC2      CC2        E     1984       0
                text67                              BE1      BE1        5     17C2       0
                text66                              C80      C80        D     1900       0
                text65                              C1E      C1E        7     183C       0
                text64                              BE6      BE6        5     17CC       0
                text63                              BEB      BEB        5     17D6       0
                text62                              E79      E79       22     1CF2       0
                text61                              BC9      BC9        4     1792       0
                text60                              E9B      E9B       22     1D36       0
                text59                              DD2      DD2       15     1BA4       0
                text58                              C3C      C3C        9     1878       0
                text57                              F51      F51       2B     1EA2       0
                text56                              CEE      CEE       10     19DC       0
                text55                              CFE      CFE       10     19FC       0
                text54                              F03      F03       27     1E06       0
                text53                              D0E      D0E       10     1A1C       0
                text52                              F2A      F2A       27     1E54       0
                text51                              EBD      EBD       22     1D7A       0
                text50                              C69      C69        B     18D2       0
                text49                              EDF      EDF       24     1DBE       0
                text48                              DBE      DBE       14     1B7C       0
                text47                              DE7      DE7       16     1BCE       0
                text46                              DFD      DFD       16     1BFA       0
                text45                              54B      54B       30        8       0
                text44                              47C      47C       53        8       0
                text43                              649      649       47      C92       0
                text42                              57B      57B       2E        8       0
                text41                              D1E      D1E       10     1A3C       0
                text40                              C8D      C8D        D     191A       0
                text39                              D2E      D2E       10     1A5C       0
                text38                              D4E      D4E       12     1A9C       0
                text37                              C9A      C9A        D     1934       0
                text36                              FA7      FA7       2C     1F4E       0
                text35                              D97      D97       13     1B2E       0
                text34                              E2B      E2B       19     1C56       0
                text33                              51A      51A       31        8       0
                text32                              7BD      7BD       32      C92       0
                text31                              717      717       3E      C92       0
                text30                               E6       E6      135        8       0
                text29                              C45      C45        9     188A       0
                text28                              C2C      C2C        8     1858       0
                text26                              C25      C25        7     184A       0
                text25                              CD0      CD0        F     19A0       0
                text24                              BF0      BF0        5     17E0       0
                text23                              CA7      CA7        D     194E       0
                text22                              CDF      CDF        F     19BE       0
                text21                              C4E      C4E        9     189C       0
                text20                              BF5      BF5        5     17EA       0
                text19                              BFA      BFA        5     17F4       0
                text18                              6D4      6D4       43      C92       0
                text17                              BC6      BC6        3     178C       0
                text16                              429      429       53        8       0
                text15                              4CF      4CF       4B        8       0
                text14                              C74      C74        C     18E8       0
                text13                              78B      78B       32      C92       0
                text12                              E13      E13       18     1C26       0
                text11                              E5E      E5E       1B     1CBC       0
                text10                              C57      C57        9     18AE       0
                text9                               FD3      FD3       2D     1FA6       0
                text8                               D3E      D3E       10     1A7C       0
                text7                               C60      C60        9     18C0       0
                text6                               D60      D60       12     1AC0       0
                text5                               D72      D72       12     1AE4       0
                text4                               690      690       44      C92       0
                text3                               32A      32A       92        8       0
                text2                               C34      C34        8     1868       0
                text1                               C0B      C0B        6     1816       0
                maintext                            F7C      F7C       2B     1EF8       0
                cstackBANK0                          20       20       35       20       1
                cstackCOMMON                         70       70        E       70       1
                cstackBANK1                          A0       A0       17       A0       1
                clrtext                             C11      C11        6     1822       0
                bssBANK1                             B7       B7       13       A0       1
                bssBANK0                             55       55        5       20       1
                stringtext                          600      600       49        C       0

TOTAL           Name                               Link     Load   Length     Space
        CLASS   STACK          

        CLASS   CONST          

        CLASS   CODE           
                end_init                             D4       D4        2         0
                cinit                                D6       D6       10         0
                intentry                              4        4       D0         0
                reset_vec                             0        0        2         0
                text85                              7EF      7EF       11         0
                text84                              D84      D84       13         0
                text83                              BFF      BFF        6         0
                text82                              BCD      BCD        5         0
                text81                              BD2      BD2        5         0
                text80                              755      755       36         0
                text79                              5A9      5A9       2E         0
                text78                              CB4      CB4        E         0
                text77                              21B      21B      10F         0
                text76                              5D7      5D7       28         0
                text75                              BD7      BD7        5         0
                text74                              C05      C05        6         0
                text73                              BDC      BDC        5         0
                text72                              DAA      DAA       14         0
                text71                              E44      E44       1A         0
                text70                              3BC      3BC       6D         0
                text69                              C17      C17        7         0
                text68                              CC2      CC2        E         0
                text67                              BE1      BE1        5         0
                text66                              C80      C80        D         0
                text65                              C1E      C1E        7         0
                text64                              BE6      BE6        5         0
                text63                              BEB      BEB        5         0
                text62                              E79      E79       22         0
                text61                              BC9      BC9        4         0
                text60                              E9B      E9B       22         0
                text59                              DD2      DD2       15         0
                text58                              C3C      C3C        9         0
                text57                              F51      F51       2B         0
                text56                              CEE      CEE       10         0
                text55                              CFE      CFE       10         0
                text54                              F03      F03       27         0
                text53                              D0E      D0E       10         0
                text52                              F2A      F2A       27         0
                text51                              EBD      EBD       22         0
                text50                              C69      C69        B         0
                text49                              EDF      EDF       24         0
                text48                              DBE      DBE       14         0
                text47                              DE7      DE7       16         0
                text46                              DFD      DFD       16         0
                text45                              54B      54B       30         0
                text44                              47C      47C       53         0
                text43                              649      649       47         0
                text42                              57B      57B       2E         0
                text41                              D1E      D1E       10         0
                text40                              C8D      C8D        D         0
                text39                              D2E      D2E       10         0
                text38                              D4E      D4E       12         0
                text37                              C9A      C9A        D         0
                text36                              FA7      FA7       2C         0
                text35                              D97      D97       13         0
                text34                              E2B      E2B       19         0
                text33                              51A      51A       31         0
                text32                              7BD      7BD       32         0
                text31                              717      717       3E         0
                text30                               E6       E6      135         0
                text29                              C45      C45        9         0
                text28                              C2C      C2C        8         0
                text26                              C25      C25        7         0
                text25                              CD0      CD0        F         0
                text24                              BF0      BF0        5         0
                text23                              CA7      CA7        D         0
                text22                              CDF      CDF        F         0
                text21                              C4E      C4E        9         0
                text20                              BF5      BF5        5         0
                text19                              BFA      BFA        5         0
                text18                              6D4      6D4       43         0
                text17                              BC6      BC6        3         0
                text16                              429      429       53         0
                text15                              4CF      4CF       4B         0
                text14                              C74      C74        C         0
                text13                              78B      78B       32         0
                text12                              E13      E13       18         0
                text11                              E5E      E5E       1B         0
                text10                              C57      C57        9         0
                text9                               FD3      FD3       2D         0
                text8                               D3E      D3E       10         0
                text7                               C60      C60        9         0
                text6                               D60      D60       12         0
                text5                               D72      D72       12         0
                text4                               690      690       44         0
                text3                               32A      32A       92         0
                text2                               C34      C34        8         0
                text1                               C0B      C0B        6         0
                maintext                            F7C      F7C       2B         0
                clrtext                             C11      C11        6         0

        CLASS   STRCODE        
                stringtext                          600      600       49         0

        CLASS   ENTRY          

        CLASS   STRING         

        CLASS   COMMON         
                cstackCOMMON                         70       70        E         1

        CLASS   BANK0          
                cstackBANK0                          20       20       35         1
                bssBANK0                             55       55        5         1

        CLASS   BANK1          
                cstackBANK1                          A0       A0       17         1
                bssBANK1                             B7       B7       13         1

        CLASS   BANK2          

        CLASS   BIGRAM         

        CLASS   RAM            

        CLASS   ABS1           
                abs_s1                               7E       7E        2         1

        CLASS   SFR0           

        CLASS   SFR1           

        CLASS   SFR2           

        CLASS   SFR3           

        CLASS   SFR4           

        CLASS   SFR5           

        CLASS   SFR6           

        CLASS   SFR7           

        CLASS   SFR8           

        CLASS   SFR9           

        CLASS   SFR10          

        CLASS   SFR11          

        CLASS   SFR12          

        CLASS   SFR13          

        CLASS   SFR14          

        CLASS   SFR15          

        CLASS   SFR16          

        CLASS   SFR17          

        CLASS   SFR18          

        CLASS   SFR19          

        CLASS   SFR20          

        CLASS   SFR21          

        CLASS   SFR22          

        CLASS   SFR23          

        CLASS   SFR24          

        CLASS   SFR25          

        CLASS   SFR26          

        CLASS   SFR27          

        CLASS   SFR28          

        CLASS   SFR29          

        CLASS   SFR30          

        CLASS   SFR31          

        CLASS   CONFIG         
                config                             8007     8007        2         0

        CLASS   IDLOC          

        CLASS   EEDATA         

        CLASS   BANK31         

        CLASS   BANK30         

        CLASS   BANK29         

        CLASS   BANK28         

        CLASS   BANK27         

        CLASS   BANK26         

        CLASS   BANK25         

        CLASS   BANK24         

        CLASS   BANK23         

        CLASS   BANK22         

        CLASS   BANK21         

        CLASS   BANK20         

        CLASS   BANK19         

        CLASS   BANK18         

        CLASS   BANK17         

        CLASS   BANK16         

        CLASS   BANK15         

        CLASS   BANK14         

        CLASS   BANK13         

        CLASS   BANK12         

        CLASS   BANK11         

        CLASS   BANK10         

        CLASS   BANK9          

        CLASS   BANK8          

        CLASS   BANK7          

        CLASS   BANK6          

        CLASS   BANK5          

        CLASS   BANK4          

        CLASS   BANK3          



SEGMENTS        Name                           Load    Length   Top    Selector   Space  Class     Delta

                reset_vec                      000000  000002  000002         0       0  CODE        2
                intentry                       000004  0005FB  0005FF         8       0  CODE        2
                cstackBANK0                    000020  00003A  00005A        20       1  BANK0       1
                cstackCOMMON                   000070  00000E  00007E        70       1  COMMON      1
                cstackBANK1                    0000A0  00002A  0000CA        A0       1  BANK1       1
                stringtext                     000600  000049  000649         C       0  STRCODE     2
                text43                         000649  0001B7  000800       C92       0  CODE        2
                text17                         000BC6  000003  000BC9      178C       0  CODE        2
                text61                         000BC9  000004  000BCD      1792       0  CODE        2
                text82                         000BCD  000005  000BD2      179A       0  CODE        2
                text81                         000BD2  000005  000BD7      17A4       0  CODE        2
                text75                         000BD7  000005  000BDC      17AE       0  CODE        2
                text73                         000BDC  000005  000BE1      17B8       0  CODE        2
                text67                         000BE1  000005  000BE6      17C2       0  CODE        2
                text64                         000BE6  000005  000BEB      17CC       0  CODE        2
                text63                         000BEB  000005  000BF0      17D6       0  CODE        2
                text24                         000BF0  000005  000BF5      17E0       0  CODE        2
                text20                         000BF5  000005  000BFA      17EA       0  CODE        2
                text19                         000BFA  000005  000BFF      17F4       0  CODE        2
                text83                         000BFF  000006  000C05      17FE       0  CODE        2
                text74                         000C05  000006  000C0B      180A       0  CODE        2
                text1                          000C0B  000006  000C11      1816       0  CODE        2
                clrtext                        000C11  000006  000C17      1822       0  CODE        2
                text69                         000C17  000007  000C1E      182E       0  CODE        2
                text65                         000C1E  000007  000C25      183C       0  CODE        2
                text26                         000C25  000007  000C2C      184A       0  CODE        2
                text28                         000C2C  000008  000C34      1858       0  CODE        2
                text2                          000C34  000008  000C3C      1868       0  CODE        2
                text58                         000C3C  000009  000C45      1878       0  CODE        2
                text29                         000C45  000009  000C4E      188A       0  CODE        2
                text21                         000C4E  000009  000C57      189C       0  CODE        2
                text10                         000C57  000009  000C60      18AE       0  CODE        2
                text7                          000C60  000009  000C69      18C0       0  CODE        2
                text50                         000C69  00000B  000C74      18D2       0  CODE        2
                text14                         000C74  00000C  000C80      18E8       0  CODE        2
                text66                         000C80  00000D  000C8D      1900       0  CODE        2
                text40                         000C8D  00000D  000C9A      191A       0  CODE        2
                text37                         000C9A  00000D  000CA7      1934       0  CODE        2
                text23                         000CA7  00000D  000CB4      194E       0  CODE        2
                text78                         000CB4  00000E  000CC2      1968       0  CODE        2
                text68                         000CC2  00000E  000CD0      1984       0  CODE        2
                text25                         000CD0  00000F  000CDF      19A0       0  CODE        2
                text22                         000CDF  00000F  000CEE      19BE       0  CODE        2
                text56                         000CEE  000010  000CFE      19DC       0  CODE        2
                text55                         000CFE  000010  000D0E      19FC       0  CODE        2
                text53                         000D0E  000010  000D1E      1A1C       0  CODE        2
                text41                         000D1E  000010  000D2E      1A3C       0  CODE        2
                text39                         000D2E  000010  000D3E      1A5C       0  CODE        2
                text8                          000D3E  000010  000D4E      1A7C       0  CODE        2
                text38                         000D4E  000012  000D60      1A9C       0  CODE        2
                text6                          000D60  000012  000D72      1AC0       0  CODE        2
                text5                          000D72  000012  000D84      1AE4       0  CODE        2
                text84                         000D84  000013  000D97      1B08       0  CODE        2
                text35                         000D97  000013  000DAA      1B2E       0  CODE        2
                text72                         000DAA  000014  000DBE      1B54       0  CODE        2
                text48                         000DBE  000014  000DD2      1B7C       0  CODE        2
                text59                         000DD2  000015  000DE7      1BA4       0  CODE        2
                text47                         000DE7  000016  000DFD      1BCE       0  CODE        2
                text46                         000DFD  000016  000E13      1BFA       0  CODE        2
                text12                         000E13  000018  000E2B      1C26       0  CODE        2
                text34                         000E2B  000019  000E44      1C56       0  CODE        2
                text71                         000E44  00001A  000E5E      1C88       0  CODE        2
                text11                         000E5E  00001B  000E79      1CBC       0  CODE        2
                text62                         000E79  000022  000E9B      1CF2       0  CODE        2
                text60                         000E9B  000022  000EBD      1D36       0  CODE        2
                text51                         000EBD  000022  000EDF      1D7A       0  CODE        2
                text49                         000EDF  000024  000F03      1DBE       0  CODE        2
                text54                         000F03  000027  000F2A      1E06       0  CODE        2
                text52                         000F2A  000027  000F51      1E54       0  CODE        2
                text57                         000F51  00002B  000F7C      1EA2       0  CODE        2
                maintext                       000F7C  00002B  000FA7      1EF8       0  CODE        2
                text36                         000FA7  00002C  000FD3      1F4E       0  CODE        2
                text9                          000FD3  00002D  001000      1FA6       0  CODE        2
                config                         008007  000002  008009     1000E       0  CONFIG      2


UNUSED ADDRESS RANGES

        Name                Unused          Largest block    Delta
        BANK0            0005A-0006F              16           1
        BANK1            000CA-000EF              26           1
        BANK2            00120-0016F              50           1
        BIGRAM           02000-020EF              F0           1
        CODE             00002-00003               2           2
                         005FF-005FF               1
                         00800-00BC5             3C6
        CONST            00002-00003               2           2
                         005FF-005FF               1
                         00800-00BC5             100
        EEDATA           0F000-0F0FF             100           2
        ENTRY            00002-00003               2           2
                         005FF-005FF               1
                         00800-00BC5             100
        IDLOC            08000-08003               4           2
        RAM              0005A-0006F              16           1
                         000CA-000EF              26
                         00120-0016F              50
        SFR0             00000-0001F              20           1
        SFR1             00080-0009F              20           1
        SFR10            00500-0056F              70           1
        SFR11            00580-005EF              70           1
        SFR12            00600-0066F              70           1
        SFR13            00680-006EF              70           1
        SFR14            00700-0076F              70           1
        SFR15            00780-007EF              70           1
        SFR16            00800-0086F              70           1
        SFR17            00880-008EF              70           1
        SFR18            00900-0096F              70           1
        SFR19            00980-009EF              70           1
        SFR2             00100-0011F              20           1
        SFR20            00A00-00A6F              70           1
        SFR21            00A80-00AEF              70           1
        SFR22            00B00-00B6F              70           1
        SFR23            00B80-00BEF              70           1
        SFR24            00C00-00C6F              70           1
        SFR25            00C80-00CEF              70           1
        SFR26            00D00-00D6F              70           1
        SFR27            00D80-00DEF              70           1
        SFR28            00E00-00E6F              70           1
        SFR29            00E80-00EEF              70           1
        SFR3             00180-001EF              70           1
        SFR30            00F00-00F6F              70           1
        SFR31            00F80-00FEF              70           1
        SFR4             00200-0026F              70           1
        SFR5             00280-002EF              70           1
        SFR6             00300-0036F              70           1
        SFR7             00380-003EF              70           1
        SFR8             00400-0046F              70           1
        SFR9             00480-004EF              70           1
        STACK            0207A-020EF              76           1
        STRCODE          00002-00003               2           2
                         005FF-005FF               1
                         00800-00BC5             3C6
        STRING           00002-00003               2           2
                         005FF-005FF               1
                         00800-00BC5             100

                                  Symbol Table

?___awdiv                          cstackCOMMON 00070
?___awmod                          cstackCOMMON 00070
?___lldiv                          cstackBANK1  000A0
?___lwdiv                          cstackCOMMON 00070
?___lwmod                          cstackCOMMON 00078
?_sprintf                          cstackBANK0  00020
_ANSELAbits                        (abs)        0018C
_INTCONbits                        (abs)        0000B
_LCDPort                           bssBANK1     000C6
_OSCCONbits                        (abs)        00099
_PIE1bits                          (abs)        00091
_PIR1bits                          (abs)        00011
_SSP1CON2                          (abs)        00216
_SSP1CON2bits                      (abs)        00216
_SSPADD                            (abs)        00212
_SSPBUF                            (abs)        00211
_SSPCON1                           (abs)        00215
_SSPCON2                           (abs)        00216
_SSPSTATbits                       (abs)        00214
_T1CONbits                         (abs)        00018
_TMR1H                             (abs)        00017
_TMR1L                             (abs)        00016
_TRISAbits                         (abs)        0008C
__CFG_BOREN$ON                     (abs)        00000
__CFG_BORV$LO                      (abs)        00000
__CFG_CLKOUTEN$OFF                 (abs)        00000
__CFG_CP$OFF                       (abs)        00000
__CFG_CPD$OFF                      (abs)        00000
__CFG_FCMEN$ON                     (abs)        00000
__CFG_FOSC$INTOSC                  (abs)        00000
__CFG_IESO$OFF                     (abs)        00000
__CFG_LVP$OFF                      (abs)        00000
__CFG_MCLRE$OFF                    (abs)        00000
__CFG_PLLEN$OFF                    (abs)        00000
__CFG_PWRTE$ON                     (abs)        00000
__CFG_STVREN$ON                    (abs)        00000
__CFG_WDTE$OFF                     (abs)        00000
__CFG_WRT$OFF                      (abs)        00000
__Habs1                            abs1         00000
__Hbank0                           bank0        00000
__Hbank1                           bank1        00000
__Hbank10                          bank10       00000
__Hbank11                          bank11       00000
__Hbank12                          bank12       00000
__Hbank13                          bank13       00000
__Hbank14                          bank14       00000
__Hbank15                          bank15       00000
__Hbank16                          bank16       00000
__Hbank17                          bank17       00000
__Hbank18                          bank18       00000
__Hbank19                          bank19       00000
__Hbank2                           bank2        00000
__Hbank20                          bank20       00000
__Hbank21                          bank21       00000
__Hbank22                          bank22       00000
__Hbank23                          bank23       00000
__Hbank24                          bank24       00000
__Hbank25                          bank25       00000
__Hbank26                          bank26       00000
__Hbank27                          bank27       00000
__Hbank28                          bank28       00000
__Hbank29                          bank29       00000
__Hbank3                           bank3        00000
__Hbank30                          bank30       00000
__Hbank31                          bank31       00000
__Hbank4                           bank4        00000
__Hbank5                           bank5        00000
__Hbank6                           bank6        00000
__Hbank7                           bank7        00000
__Hbank8                           bank8        00000
__Hbank9                           bank9        00000
__Hbigram                          bigram       00000
__HbssBANK0                        bssBANK0     00000
__HbssBANK1                        bssBANK1     00000
__Hcinit                           cinit        000E6
__Hclrtext                         clrtext      00000
__Hcode                            code         00000
__Hcommon                          common       00000
__Hconfig                          config       08009
__HcstackBANK0                     cstackBANK0  00000
__HcstackBANK1                     cstackBANK1  00000
__HcstackCOMMON                    cstackCOMMON 00000
__Heeprom_data                     eeprom_data  00000
__Hend_init                        end_init     000D6
__Hfunctab                         functab      00000
__Hidloc                           idloc        00000
__Hinit                            init         000D4
__Hintentry                        intentry     000D4
__Hmaintext                        maintext     00000
__Hpowerup                         powerup      00000
__Hram                             ram          00000
__Hreset_vec                       reset_vec    00002
__Hsfr0                            sfr0         00000
__Hsfr1                            sfr1         00000
__Hsfr10                           sfr10        00000
__Hsfr11                           sfr11        00000
__Hsfr12                           sfr12        00000
__Hsfr13                           sfr13        00000
__Hsfr14                           sfr14        00000
__Hsfr15                           sfr15        00000
__Hsfr16                           sfr16        00000
__Hsfr17                           sfr17        00000
__Hsfr18                           sfr18        00000
__Hsfr19                           sfr19        00000
__Hsfr2                            sfr2         00000
__Hsfr20                           sfr20        00000
__Hsfr21                           sfr21        00000
__Hsfr22                           sfr22        00000
__Hsfr23                           sfr23        00000
__Hsfr24                           sfr24        00000
__Hsfr25                           sfr25        00000
__Hsfr26                           sfr26        00000
__Hsfr27                           sfr27        00000
__Hsfr28                           sfr28        00000
__Hsfr29                           sfr29        00000
__Hsfr3                            sfr3         00000
__Hsfr30                           sfr30        00000
__Hsfr31                           sfr31        00000
__Hsfr4                            sfr4         00000
__Hsfr5                            sfr5         00000
__Hsfr6                            sfr6         00000
__Hsfr7                            sfr7         00000
__Hsfr8                            sfr8         00000
__Hsfr9                            sfr9         00000
__Hspace_0                         (abs)        08009
__Hspace_1                         (abs)        000CA
__Hspace_2                         (abs)        00000
__Hspace_3                         (abs)        00000
__Hstack                           stack        00000
__Hstrings                         strings      00000
__Hstringtext                      stringtext   00000
__Htext                            text         00000
__Labs1                            abs1         00000
__Lbank0                           bank0        00000
__Lbank1                           bank1        00000
__Lbank10                          bank10       00000
__Lbank11                          bank11       00000
__Lbank12                          bank12       00000
__Lbank13                          bank13       00000
__Lbank14                          bank14       00000
__Lbank15                          bank15       00000
__Lbank16                          bank16       00000
__Lbank17                          bank17       00000
__Lbank18                          bank18       00000
__Lbank19                          bank19       00000
__Lbank2                           bank2        00000
__Lbank20                          bank20       00000
__Lbank21                          bank21       00000
__Lbank22                          bank22       00000
__Lbank23                          bank23       00000
__Lbank24                          bank24       00000
__Lbank25                          bank25       00000
__Lbank26                          bank26       00000
__Lbank27                          bank27       00000
__Lbank28                          bank28       00000
__Lbank29                          bank29       00000
__Lbank3                           bank3        00000
__Lbank30                          bank30       00000
__Lbank31                          bank31       00000
__Lbank4                           bank4        00000
__Lbank5                           bank5        00000
__Lbank6                           bank6        00000
__Lbank7                           bank7        00000
__Lbank8                           bank8        00000
__Lbank9                           bank9        00000
__Lbigram                          bigram       00000
__LbssBANK0                        bssBANK0     00000
__LbssBANK1                        bssBANK1     00000
__Lcinit                           cinit        000D6
__Lclrtext                         clrtext      00000
__Lcode                            code         00000
__Lcommon                          common       00000
__Lconfig                          config       08007
__LcstackBANK0                     cstackBANK0  00000
__LcstackBANK1                     cstackBANK1  00000
__LcstackCOMMON                    cstackCOMMON 00000
__Leeprom_data                     eeprom_data  00000
__Lend_init                        end_init     000D4
__Lfunctab                         functab      00000
__Lidloc                           idloc        00000
__Linit                            init         000D4
__Lintentry                        intentry     00004
__Lmaintext                        maintext     00000
__Lpowerup                         powerup      00000
__Lram                             ram          00000
__Lreset_vec                       reset_vec    00000
__Lsfr0                            sfr0         00000
__Lsfr1                            sfr1         00000
__Lsfr10                           sfr10        00000
__Lsfr11                           sfr11        00000
__Lsfr12                           sfr12        00000
__Lsfr13                           sfr13        00000
__Lsfr14                           sfr14        00000
__Lsfr15                           sfr15        00000
__Lsfr16                           sfr16        00000
__Lsfr17                           sfr17        00000
__Lsfr18                           sfr18        00000
__Lsfr19                           sfr19        00000
__Lsfr2                            sfr2         00000
__Lsfr20                           sfr20        00000
__Lsfr21                           sfr21        00000
__Lsfr22                           sfr22        00000
__Lsfr23                           sfr23        00000
__Lsfr24                           sfr24        00000
__Lsfr25                           sfr25        00000
__Lsfr26                           sfr26        00000
__Lsfr27                           sfr27        00000
__Lsfr28                           sfr28        00000
__Lsfr29                           sfr29        00000
__Lsfr3                            sfr3         00000
__Lsfr30                           sfr30        00000
__Lsfr31                           sfr31        00000
__Lsfr4                            sfr4         00000
__Lsfr5                            sfr5         00000
__Lsfr6                            sfr6         00000
__Lsfr7                            sfr7         00000
__Lsfr8                            sfr8         00000
__Lsfr9                            sfr9         00000
__Lspace_0                         (abs)        00000
__Lspace_1                         (abs)        00000
__Lspace_2                         (abs)        00000
__Lspace_3                         (abs)        00000
__Lstack                           stack        00000
__Lstrings                         strings      00000
__Lstringtext                      stringtext   00000
__Ltext                            text         00000
__S0                               (abs)        08009
__S1                               (abs)        000CA
__S2                               (abs)        00000
__S3                               (abs)        00000
___awdiv                           text44       0047C
___awdiv@counter                   cstackCOMMON 00075
___awdiv@dividend                  cstackCOMMON 00072
___awdiv@divisor                   cstackCOMMON 00070
___awdiv@quotient                  cstackCOMMON 00077
___awdiv@sign                      cstackCOMMON 00076
___awmod                           text43       00649
___awmod@counter                   cstackCOMMON 00075
___awmod@dividend                  cstackCOMMON 00072
___awmod@divisor                   cstackCOMMON 00070
___awmod@sign                      cstackCOMMON 00076
___bmul                            text85       007EF
___bmul@multiplicand               cstackCOMMON 00070
___bmul@multiplier                 cstackCOMMON 00073
___bmul@product                    cstackCOMMON 00072
___int_sp                          stack        00000
___latbits                         (abs)        00001
___lldiv                           text16       00429
___lldiv@counter                   cstackBANK1  000AD
___lldiv@dividend                  cstackBANK1  000A4
___lldiv@divisor                   cstackBANK1  000A0
___lldiv@quotient                  cstackBANK1  000A9
___lwdiv                           text80       00755
___lwdiv@counter                   cstackCOMMON 00077
___lwdiv@dividend                  cstackCOMMON 00072
___lwdiv@divisor                   cstackCOMMON 00070
___lwdiv@quotient                  cstackCOMMON 00075
___lwmod                           text79       005A9
___lwmod@counter                   cstackCOMMON 0007D
___lwmod@dividend                  cstackCOMMON 0007A
___lwmod@divisor                   cstackCOMMON 00078
___sp                              stack        00000
__end_of___awdiv                   text44       004CF
__end_of___awmod                   text43       00690
__end_of___bmul                    text85       00800
__end_of___lldiv                   text16       0047C
__end_of___lwdiv                   text80       0078B
__end_of___lwmod                   text79       005D7
__end_of__initialization           cinit        000E2
__end_of__send_byte                text6        00D72
__end_of__send_nibble              text9        01000
__end_of__set_4bit_interface       text8        00D4E
__end_of__stringdata               stringtext   00649
__end_of_adjust_val                text51       00EDF
__end_of_bcd_to_dec                text84       00D97
__end_of_dec_to_bcd                text42       005A9
__end_of_dpowers                   stringtext   0060A
__end_of_ds1307_date_formatted     text76       005FF
__end_of_ds1307_get_clock          text18       00717
__end_of_ds1307_get_day_of_month   text83       00C05
__end_of_ds1307_get_hours          text72       00DBE
__end_of_ds1307_get_minutes        text75       00BDC
__end_of_ds1307_get_month          text82       00BD2
__end_of_ds1307_get_seconds        text74       00C0B
__end_of_ds1307_get_year           text81       00BD7
__end_of_ds1307_init               text17       00BC9
__end_of_ds1307_is_12hr_mode       text73       00BE1
__end_of_ds1307_is_pm              text71       00E5E
__end_of_ds1307_read_addr          text49       00F03
__end_of_ds1307_set_clock          text45       0057B
__end_of_ds1307_set_day_of_month   text41       00D2E
__end_of_ds1307_set_hours          text36       00FD3
__end_of_ds1307_set_hr_mode        text35       00DAA
__end_of_ds1307_set_minutes        text40       00C9A
__end_of_ds1307_set_month          text39       00D3E
__end_of_ds1307_set_pm_am          text34       00E44
__end_of_ds1307_set_seconds        text38       00D60
__end_of_ds1307_set_year           text37       00CA7
__end_of_ds1307_start_clock        text47       00DFD
__end_of_ds1307_stop_clock         text46       00E13
__end_of_ds1307_switch_to_12hr     text33       0054B
__end_of_ds1307_switch_to_24hr     text32       007EF
__end_of_ds1307_time_formatted     text70       00429
__end_of_ds1307_write_addr         text48       00DD2
__end_of_i2c_init                  text15       0051A
__end_of_i2c_read_data             text25       00CDF
__end_of_i2c_restart               text24       00BF5
__end_of_i2c_send_ack              text23       00CB4
__end_of_i2c_send_address          text22       00CEE
__end_of_i2c_send_data             text21       00C57
__end_of_i2c_start                 text20       00BFA
__end_of_i2c_stop                  text19       00BFF
__end_of_i2c_wait                  text26       00C2C
__end_of_init                      text13       007BD
__end_of_isdigit                   text78       00CC2
__end_of_keypad_init               text11       00E79
__end_of_keypad_read_key           text60       00EBD
__end_of_keypad_scan               text61       00BCD
__end_of_lcd_backlight             text7        00C69
__end_of_lcd_command               text5        00D84
__end_of_lcd_data                  text53       00D1E
__end_of_lcd_flags_set             text4        006D4
__end_of_lcd_goto                  text54       00F2A
__end_of_lcd_initialize            text3        003BC
__end_of_lcd_write                 text52       00F51
__end_of_main                      maintext     00FA7
__end_of_mcp23017_init             text1        00C11
__end_of_mcp23017_ioa_send_byte    text10       00C60
__end_of_mcp23017_read_reg         text62       00E9B
__end_of_mcp23017_set_slave_addr   text2        00C3C
__end_of_mcp23017_write_reg        text12       00E2B
__end_of_sprintf                   text77       0032A
__end_of_tmr_isr                   intentry     000D4
__end_of_update_clock              text30       0021B
__end_of_write_t1                  text14       00C80
__end_ofi1__send_byte              text56       00CFE
__end_ofi1__send_nibble            text57       00F7C
__end_ofi1_ds1307_get_clock        text31       00755
__end_ofi1_i2c_read_data           text68       00CD0
__end_ofi1_i2c_restart             text67       00BE6
__end_ofi1_i2c_send_ack            text50       00C74
__end_ofi1_i2c_send_address        text66       00C8D
__end_ofi1_i2c_send_data           text65       00C25
__end_ofi1_i2c_start               text64       00BEB
__end_ofi1_i2c_stop                text63       00BF0
__end_ofi1_i2c_wait                text69       00C1E
__end_ofi1_lcd_backlight           text29       00C4E
__end_ofi1_lcd_command             text55       00D0E
__end_ofi1_mcp23017_ioa_send_byte  text58       00C45
__end_ofi1_mcp23017_write_reg      text59       00DE7
__end_ofi1_write_t1                text28       00C34
__initialization                   cinit        000D6
__pbssBANK0                        bssBANK0     00055
__pbssBANK1                        bssBANK1     000B7
__pcstackBANK0                     cstackBANK0  00020
__pcstackBANK1                     cstackBANK1  000A0
__pcstackCOMMON                    cstackCOMMON 00070
__pintentry                        intentry     00004
__pmaintext                        maintext     00F7C
__pstringtext                      stringtext   00600
__ptext1                           text1        00C0B
__ptext10                          text10       00C57
__ptext11                          text11       00E5E
__ptext12                          text12       00E13
__ptext13                          text13       0078B
__ptext14                          text14       00C74
__ptext15                          text15       004CF
__ptext16                          text16       00429
__ptext17                          text17       00BC6
__ptext18                          text18       006D4
__ptext19                          text19       00BFA
__ptext2                           text2        00C34
__ptext20                          text20       00BF5
__ptext21                          text21       00C4E
__ptext22                          text22       00CDF
__ptext23                          text23       00CA7
__ptext24                          text24       00BF0
__ptext25                          text25       00CD0
__ptext26                          text26       00C25
__ptext28                          text28       00C2C
__ptext29                          text29       00C45
__ptext3                           text3        0032A
__ptext30                          text30       000E6
__ptext31                          text31       00717
__ptext32                          text32       007BD
__ptext33                          text33       0051A
__ptext34                          text34       00E2B
__ptext35                          text35       00D97
__ptext36                          text36       00FA7
__ptext37                          text37       00C9A
__ptext38                          text38       00D4E
__ptext39                          text39       00D2E
__ptext4                           text4        00690
__ptext40                          text40       00C8D
__ptext41                          text41       00D1E
__ptext42                          text42       0057B
__ptext43                          text43       00649
__ptext44                          text44       0047C
__ptext45                          text45       0054B
__ptext46                          text46       00DFD
__ptext47                          text47       00DE7
__ptext48                          text48       00DBE
__ptext49                          text49       00EDF
__ptext5                           text5        00D72
__ptext50                          text50       00C69
__ptext51                          text51       00EBD
__ptext52                          text52       00F2A
__ptext53                          text53       00D0E
__ptext54                          text54       00F03
__ptext55                          text55       00CFE
__ptext56                          text56       00CEE
__ptext57                          text57       00F51
__ptext58                          text58       00C3C
__ptext59                          text59       00DD2
__ptext6                           text6        00D60
__ptext60                          text60       00E9B
__ptext61                          text61       00BC9
__ptext62                          text62       00E79
__ptext63                          text63       00BEB
__ptext64                          text64       00BE6
__ptext65                          text65       00C1E
__ptext66                          text66       00C80
__ptext67                          text67       00BE1
__ptext68                          text68       00CC2
__ptext69                          text69       00C17
__ptext7                           text7        00C60
__ptext70                          text70       003BC
__ptext71                          text71       00E44
__ptext72                          text72       00DAA
__ptext73                          text73       00BDC
__ptext74                          text74       00C05
__ptext75                          text75       00BD7
__ptext76                          text76       005D7
__ptext77                          text77       0021B
__ptext78                          text78       00CB4
__ptext79                          text79       005A9
__ptext8                           text8        00D3E
__ptext80                          text80       00755
__ptext81                          text81       00BD2
__ptext82                          text82       00BCD
__ptext83                          text83       00BFF
__ptext84                          text84       00D84
__ptext85                          text85       007EF
__ptext9                           text9        00FD3
__send_byte                        text6        00D60
__send_byte@data                   cstackBANK1  000AA
__send_nibble                      text9        00FD3
__send_nibble@data                 cstackBANK1  000A8
__set_4bit_interface               text8        00D3E
__size_of___awdiv                  (abs)        00000
__size_of___awmod                  (abs)        00000
__size_of___bmul                   (abs)        00000
__size_of___lldiv                  (abs)        00000
__size_of___lwdiv                  (abs)        00000
__size_of___lwmod                  (abs)        00000
__size_of__send_byte               (abs)        00000
__size_of__send_nibble             (abs)        00000
__size_of__set_4bit_interface      (abs)        00000
__size_of_adjust_val               (abs)        00000
__size_of_bcd_to_dec               (abs)        00000
__size_of_dec_to_bcd               (abs)        00000
__size_of_ds1307_date_formatted    (abs)        00000
__size_of_ds1307_get_clock         (abs)        00000
__size_of_ds1307_get_day_of_month  (abs)        00000
__size_of_ds1307_get_hours         (abs)        00000
__size_of_ds1307_get_minutes       (abs)        00000
__size_of_ds1307_get_month         (abs)        00000
__size_of_ds1307_get_seconds       (abs)        00000
__size_of_ds1307_get_year          (abs)        00000
__size_of_ds1307_init              (abs)        00000
__size_of_ds1307_is_12hr_mode      (abs)        00000
__size_of_ds1307_is_pm             (abs)        00000
__size_of_ds1307_read_addr         (abs)        00000
__size_of_ds1307_set_clock         (abs)        00000
__size_of_ds1307_set_day_of_month  (abs)        00000
__size_of_ds1307_set_hours         (abs)        00000
__size_of_ds1307_set_hr_mode       (abs)        00000
__size_of_ds1307_set_minutes       (abs)        00000
__size_of_ds1307_set_month         (abs)        00000
__size_of_ds1307_set_pm_am         (abs)        00000
__size_of_ds1307_set_seconds       (abs)        00000
__size_of_ds1307_set_year          (abs)        00000
__size_of_ds1307_start_clock       (abs)        00000
__size_of_ds1307_stop_clock        (abs)        00000
__size_of_ds1307_switch_to_12hr    (abs)        00000
__size_of_ds1307_switch_to_24hr    (abs)        00000
__size_of_ds1307_time_formatted    (abs)        00000
__size_of_ds1307_write_addr        (abs)        00000
__size_of_i2c_init                 (abs)        00000
__size_of_i2c_read_data            (abs)        00000
__size_of_i2c_restart              (abs)        00000
__size_of_i2c_send_ack             (abs)        00000
__size_of_i2c_send_address         (abs)        00000
__size_of_i2c_send_data            (abs)        00000
__size_of_i2c_start                (abs)        00000
__size_of_i2c_stop                 (abs)        00000
__size_of_i2c_wait                 (abs)        00000
__size_of_init                     (abs)        00000
__size_of_isdigit                  (abs)        00000
__size_of_keypad_init              (abs)        00000
__size_of_keypad_read_key          (abs)        00000
__size_of_keypad_scan              (abs)        00000
__size_of_lcd_backlight            (abs)        00000
__size_of_lcd_command              (abs)        00000
__size_of_lcd_data                 (abs)        00000
__size_of_lcd_flags_set            (abs)        00000
__size_of_lcd_goto                 (abs)        00000
__size_of_lcd_initialize           (abs)        00000
__size_of_lcd_write                (abs)        00000
__size_of_main                     (abs)        00000
__size_of_mcp23017_init            (abs)        00000
__size_of_mcp23017_ioa_send_byte   (abs)        00000
__size_of_mcp23017_read_reg        (abs)        00000
__size_of_mcp23017_set_slave_addr  (abs)        00000
__size_of_mcp23017_write_reg       (abs)        00000
__size_of_sprintf                  (abs)        00000
__size_of_tmr_isr                  (abs)        00000
__size_of_update_clock             (abs)        00000
__size_of_write_t1                 (abs)        00000
__size_ofi1__send_byte             (abs)        00000
__size_ofi1__send_nibble           (abs)        00000
__size_ofi1_ds1307_get_clock       (abs)        00000
__size_ofi1_i2c_read_data          (abs)        00000
__size_ofi1_i2c_restart            (abs)        00000
__size_ofi1_i2c_send_ack           (abs)        00000
__size_ofi1_i2c_send_address       (abs)        00000
__size_ofi1_i2c_send_data          (abs)        00000
__size_ofi1_i2c_start              (abs)        00000
__size_ofi1_i2c_stop               (abs)        00000
__size_ofi1_i2c_wait               (abs)        00000
__size_ofi1_lcd_backlight          (abs)        00000
__size_ofi1_lcd_command            (abs)        00000
__size_ofi1_mcp23017_ioa_send_byte (abs)        00000
__size_ofi1_mcp23017_write_reg     (abs)        00000
__size_ofi1_write_t1               (abs)        00000
__stringdata                       stringtext   0060A
_adjust_val                        text51       00EBD
_bcd_to_dec                        text84       00D84
_dec_to_bcd                        text42       0057B
_display_config                    bssBANK1     000BE
_dpowers                           stringtext   00600
_ds1307_date_formatted             text76       005D7
_ds1307_get_clock                  text18       006D4
_ds1307_get_day_of_month           text83       00BFF
_ds1307_get_hours                  text72       00DAA
_ds1307_get_minutes                text75       00BD7
_ds1307_get_month                  text82       00BCD
_ds1307_get_seconds                text74       00C05
_ds1307_get_year                   text81       00BD2
_ds1307_init                       text17       00BC6
_ds1307_is_12hr_mode               text73       00BDC
_ds1307_is_pm                      text71       00E44
_ds1307_read_addr                  text49       00EDF
_ds1307_set_clock                  text45       0054B
_ds1307_set_day_of_month           text41       00D1E
_ds1307_set_hours                  text36       00FA7
_ds1307_set_hr_mode                text35       00D97
_ds1307_set_minutes                text40       00C8D
_ds1307_set_month                  text39       00D2E
_ds1307_set_pm_am                  text34       00E2B
_ds1307_set_seconds                text38       00D4E
_ds1307_set_year                   text37       00C9A
_ds1307_start_clock                text47       00DE7
_ds1307_stop_clock                 text46       00DFD
_ds1307_switch_to_12hr             text33       0051A
_ds1307_switch_to_24hr             text32       007BD
_ds1307_time_formatted             text70       003BC
_ds1307_write_addr                 text48       00DBE
_g_bl                              bssBANK0     00055
_g_clk_pos                         bssBANK0     00056
_g_counter1                        bssBANK0     00057
_g_last_valid_key                  bssBANK0     00058
_g_old_key                         bssBANK0     00059
_g_reg_ctrl                        bssBANK1     000C7
_g_reg_data                        bssBANK1     000B7
_g_reload_value                    bssBANK1     000C4
_g_slave_addr_7b                   bssBANK1     000C8
_g_slave_address_7b                bssBANK1     000C9
_i2c_init                          text15       004CF
_i2c_read_data                     text25       00CD0
_i2c_restart                       text24       00BF0
_i2c_send_ack                      text23       00CA7
_i2c_send_address                  text22       00CDF
_i2c_send_data                     text21       00C4E
_i2c_start                         text20       00BF5
_i2c_stop                          text19       00BFA
_i2c_wait                          text26       00C25
_init                              text13       0078B
_isdigit                           text78       00CB4
_isdigit$1061                      cstackCOMMON 00070
_keypad_init                       text11       00E5E
_keypad_read_key                   text60       00E9B
_keypad_scan                       text61       00BC9
_lcd_backlight                     text7        00C60
_lcd_command                       text5        00D72
_lcd_data                          text53       00D0E
_lcd_flags_set                     text4        00690
_lcd_goto                          text54       00F03
_lcd_initialize                    text3        0032A
_lcd_write                         text52       00F2A
_main                              maintext     00F7C
_mcp23017_init                     text1        00C0B
_mcp23017_ioa_send_byte            text10       00C57
_mcp23017_read_reg                 text62       00E79
_mcp23017_set_slave_addr           text2        00C34
_mcp23017_write_reg                text12       00E13
_sprintf                           text77       0021B
_tmr_isr                           intentry     00004
_update_clock                      text30       000E6
_write_t1                          text14       00C74
adjust_val@lim_dwn                 cstackCOMMON 00070
adjust_val@lim_up                  cstackCOMMON 00071
adjust_val@up_down                 cstackCOMMON 00072
adjust_val@value                   cstackCOMMON 00074
bcd_to_dec@bcd                     cstackCOMMON 00077
btemp                              (abs)        0007E
clear_ram0                         clrtext      00C11
dec_to_bcd@dec                     cstackCOMMON 00079
ds1307_date_formatted@p_str_date   cstackBANK0  0003B
ds1307_get_clock@r                 cstackBANK1  000A4
ds1307_get_hours@hours             cstackCOMMON 00079
ds1307_is_pm@is_pm                 cstackCOMMON 0007C
ds1307_read_addr@addr              cstackCOMMON 00074
ds1307_read_addr@read_value        cstackCOMMON 00075
ds1307_set_clock@r                 cstackCOMMON 00079
ds1307_set_day_of_month@dom        cstackCOMMON 0007B
ds1307_set_hours@hours             cstackCOMMON 0007C
ds1307_set_hr_mode@mode            cstackCOMMON 00071
ds1307_set_minutes@min             cstackCOMMON 0007B
ds1307_set_month@month             cstackCOMMON 0007B
ds1307_set_pm_am@pm_am             cstackCOMMON 00071
ds1307_set_seconds@sec             cstackCOMMON 0007C
ds1307_set_year@year               cstackCOMMON 0007B
ds1307_start_clock@tsec            cstackCOMMON 00077
ds1307_stop_clock@tsec             cstackCOMMON 00077
ds1307_switch_to_12hr@hrs          cstackBANK0  00028
ds1307_switch_to_12hr@pm_am        cstackBANK0  00027
ds1307_switch_to_24hr@hrs          cstackBANK0  00028
ds1307_switch_to_24hr@pm_am        cstackBANK0  00027
ds1307_time_formatted@p_str_time   cstackBANK0  0003B
ds1307_write_addr@addr             cstackCOMMON 00074
ds1307_write_addr@value            cstackCOMMON 00073
end_of_initialization              cinit        000E2
i1__send_byte                      text56       00CEE
i1__send_byte@data                 cstackCOMMON 0007A
i1__send_nibble                    text57       00F51
i1__send_nibble@data               cstackCOMMON 00078
i1_ds1307_get_clock                text31       00717
i1_i2c_read_data                   text68       00CC2
i1_i2c_restart                     text67       00BE1
i1_i2c_send_ack                    text50       00C69
i1_i2c_send_address                text66       00C80
i1_i2c_send_data                   text65       00C1E
i1_i2c_start                       text64       00BE6
i1_i2c_stop                        text63       00BEB
i1_i2c_wait                        text69       00C17
i1_lcd_backlight                   text29       00C45
i1_lcd_command                     text55       00CFE
i1_mcp23017_ioa_send_byte          text58       00C3C
i1_mcp23017_write_reg              text59       00DD2
i1_write_t1                        text28       00C2C
i1ds1307_get_clock@r               cstackCOMMON 00074
i1i2c_read_data@read_data          cstackCOMMON 00071
i1i2c_send_ack@ack                 cstackCOMMON 00070
i1i2c_send_address@address         cstackCOMMON 00072
i1i2c_send_address@mode            cstackCOMMON 00070
i1i2c_send_data@data               cstackCOMMON 00070
i1lcd_backlight@state              cstackCOMMON 00076
i1lcd_command@command              cstackCOMMON 0007C
i1mcp23017_write_reg@reg_address   cstackCOMMON 00074
i1mcp23017_write_reg@value         cstackCOMMON 00073
i1write_t1@value                   cstackCOMMON 00070
i2c_init@clock_hz                  cstackBANK1  000AE
i2c_read_data@read_data            cstackBANK1  000A1
i2c_send_ack@ack                   cstackBANK1  000A0
i2c_send_address@address           cstackBANK1  000A2
i2c_send_address@mode              cstackBANK1  000A0
i2c_send_data@data                 cstackBANK1  000A0
init@load_value                    cstackBANK1  000A2
init@prescaler                     cstackBANK1  000A4
intlevel0                          functab      00000
intlevel1                          functab      00000
intlevel2                          functab      00000
intlevel3                          functab      00000
intlevel4                          functab      00000
intlevel5                          functab      00000
isdigit@c                          cstackCOMMON 00071
keypad_read_key@key                cstackCOMMON 00077
lcd_backlight@state                cstackBANK1  000A6
lcd_command@command                cstackBANK1  000AC
lcd_data@data                      cstackCOMMON 0007C
lcd_flags_set@flags                cstackBANK1  000AD
lcd_flags_set@index                cstackBANK1  000B1
lcd_flags_set@instruction          cstackBANK1  000B0
lcd_flags_set@value                cstackBANK1  000AE
lcd_goto@addr                      cstackBANK0  00022
lcd_goto@col                       cstackCOMMON 0007D
lcd_goto@row                       cstackBANK0  00021
lcd_initialize@i                   cstackBANK1  000B4
lcd_write@i                        cstackCOMMON 0007D
lcd_write@str                      cstackBANK0  00020
ltemp                              (abs)        0007E
ltemp0                             (abs)        0007E
ltemp1                             (abs)        00082
ltemp2                             (abs)        00086
ltemp3                             (abs)        00080
mcp23017_init@address_3b           cstackBANK1  000A2
mcp23017_read_reg@reg_address      cstackCOMMON 00074
mcp23017_read_reg@value            cstackCOMMON 00075
mcp23017_set_slave_addr@address_3b cstackBANK1  000A1
mcp23017_write_reg@reg_address     cstackBANK1  000A4
mcp23017_write_reg@value           cstackBANK1  000A3
pic14e$flags                       (abs)        0007E
reset_vec                          reset_vec    00000
sprintf@_val                       cstackBANK0  0002E
sprintf@ap                         cstackBANK0  0002D
sprintf@c                          cstackBANK0  00034
sprintf@f                          cstackBANK0  00020
sprintf@flag                       cstackBANK0  0002C
sprintf@prec                       cstackBANK0  00033
sprintf@sp                         cstackBANK0  00032
stackhi                            (abs)        020EF
stacklo                            (abs)        0207A
start                              init         000D4
start_initialization               cinit        000D6
tmr_isr@date                       cstackBANK0  0003F
tmr_isr@pos                        cstackBANK0  00053
tmr_isr@time                       cstackBANK0  00049
ttemp                              (abs)        0007E
ttemp0                             (abs)        0007E
ttemp1                             (abs)        00081
ttemp2                             (abs)        00084
ttemp3                             (abs)        00087
ttemp4                             (abs)        0007F
update_clock@pm                    cstackBANK0  0002C
update_clock@up_down               cstackBANK0  0002D
update_clock@val                   cstackBANK0  0002E
write_t1@value                     cstackBANK1  000A0
wtemp                              (abs)        0007E
wtemp0                             (abs)        0007E
wtemp1                             (abs)        00080
wtemp2                             (abs)        00082
wtemp3                             (abs)        00084
wtemp4                             (abs)        00086
wtemp5                             (abs)        00088
wtemp6                             (abs)        0007F


FUNCTION INFORMATION:

 *************** function _main *****************
 Defined at:
		line 80 in file "main.c"
 Parameters:    Size  Location     Type
		None
 Auto vars:     Size  Location     Type
		None
 Return value:  Size  Location     Type
		None               void
 Registers used:
		wreg, fsr0l, fsr0h, fsr1l, fsr1h, status,2, status,0, pclath, cstack
 Tracked objects:
		On entry : 
		On exit  : 
		Unchanged: 
 Data sizes:     COMMON   BANK0   BANK1   BANK2
      Params:         0       0       0       0
      Locals:         0       0       0       0
      Temps:          0       0       1       0
      Totals:         0       0       1       0
Total ram usage:        1 bytes
 Hardware stack levels required when called:   18
 This function calls:
		_ds1307_init
		_i2c_init
		_init
		_keypad_init
		_lcd_initialize
		_mcp23017_init
 This function is called by:
		Startup code after reset
 This function uses a non-reentrant model


 *************** function _mcp23017_init *****************
 Defined at:
		line 50 in file "mcp23017.c"
 Parameters:    Size  Location     Type
  address_3b      1    wreg     unsigned char 
 Auto vars:     Size  Location     Type
  address_3b      1    2[BANK1 ] unsigned char 
 Return value:  Size  Location     Type
		None               void
 Registers used:
		wreg, status,2, status,0, pclath, cstack
 Tracked objects:
		On entry : 
		On exit  : 
		Unchanged: 
 Data sizes:     COMMON   BANK0   BANK1   BANK2
      Params:         0       0       0       0
      Locals:         0       0       1       0
      Temps:          0       0       0       0
      Totals:         0       0       1       0
Total ram usage:        1 bytes
 Hardware stack levels used:    1
 Hardware stack levels required when called:   10
 This function calls:
		_mcp23017_set_slave_addr
 This function is called by:
		_main
 This function uses a non-reentrant model


 *************** function _mcp23017_set_slave_addr *****************
 Defined at:
		line 55 in file "mcp23017.c"
 Parameters:    Size  Location     Type
  address_3b      1    wreg     unsigned char 
 Auto vars:     Size  Location     Type
  address_3b      1    1[BANK1 ] unsigned char 
 Return value:  Size  Location     Type
		None               void
 Registers used:
		wreg, status,2
 Tracked objects:
		On entry : 
		On exit  : 
		Unchanged: 
 Data sizes:     COMMON   BANK0   BANK1   BANK2
      Params:         0       0       0       0
      Locals:         0       0       1       0
      Temps:          0       0       1       0
      Totals:         0       0       2       0
Total ram usage:        2 bytes
 Hardware stack levels used:    1
 Hardware stack levels required when called:    9
 This function calls:
		Nothing
 This function is called by:
		_mcp23017_init
 This function uses a non-reentrant model


 *************** function _lcd_initialize *****************
 Defined at:
		line 144 in file "HD44780-IOE.c"
 Parameters:    Size  Location     Type
		None
 Auto vars:     Size  Location     Type
  i               1   20[BANK1 ] unsigned char 
 Return value:  Size  Location     Type
		None               void
 Registers used:
		wreg, fsr0l, fsr0h, fsr1l, fsr1h, status,2, status,0, pclath, cstack
 Tracked objects:
		On entry : 
		On exit  : 
		Unchanged: 
 Data sizes:     COMMON   BANK0   BANK1   BANK2
      Params:         0       0       0       0
      Locals:         0       0       1       0
      Temps:          0       0       2       0
      Totals:         0       0       3       0
Total ram usage:        3 bytes
 Hardware stack levels used:    1
 Hardware stack levels required when called:   17
 This function calls:
		__set_4bit_interface
		_lcd_backlight
		_lcd_command
		_lcd_flags_set
		_mcp23017_write_reg
 This function is called by:
		_main
 This function uses a non-reentrant model


 *************** function _lcd_flags_set *****************
 Defined at:
		line 193 in file "HD44780-IOE.c"
 Parameters:    Size  Location     Type
  instruction     1    wreg     unsigned char 
  flags           1   13[BANK1 ] unsigned char 
  value           1   14[BANK1 ] unsigned char 
 Auto vars:     Size  Location     Type
  instruction     1   16[BANK1 ] unsigned char 
  index           1   17[BANK1 ] unsigned char 
 Return value:  Size  Location     Type
		None               void
 Registers used:
		wreg, fsr0l, fsr0h, fsr1l, fsr1h, status,2, status,0, pclath, cstack
 Tracked objects:
		On entry : 
		On exit  : 
		Unchanged: 
 Data sizes:     COMMON   BANK0   BANK1   BANK2
      Params:         0       0       2       0
      Locals:         0       0       2       0
      Temps:          0       0       1       0
      Totals:         0       0       5       0
Total ram usage:        5 bytes
 Hardware stack levels used:    1
 Hardware stack levels required when called:   16
 This function calls:
		_lcd_command
 This function is called by:
		_lcd_initialize
 This function uses a non-reentrant model


 *************** function _lcd_command *****************
 Defined at:
		line 177 in file "HD44780-IOE.c"
 Parameters:    Size  Location     Type
  command         1    wreg     unsigned char 
 Auto vars:     Size  Location     Type
  command         1   12[BANK1 ] unsigned char 
 Return value:  Size  Location     Type
		None               void
 Registers used:
		wreg, status,2, status,0, pclath, cstack
 Tracked objects:
		On entry : 
		On exit  : 
		Unchanged: 
 Data sizes:     COMMON   BANK0   BANK1   BANK2
      Params:         0       0       0       0
      Locals:         0       0       1       0
      Temps:          0       0       1       0
      Totals:         0       0       2       0
Total ram usage:        2 bytes
 Hardware stack levels used:    1
 Hardware stack levels required when called:   15
 This function calls:
		__send_byte
		_mcp23017_ioa_send_byte
 This function is called by:
		_lcd_initialize
		_lcd_flags_set
		_lcd_add_character
 This function uses a non-reentrant model


 *************** function __send_byte *****************
 Defined at:
		line 81 in file "HD44780-IOE.c"
 Parameters:    Size  Location     Type
  data            1    wreg     unsigned char 
 Auto vars:     Size  Location     Type
  data            1   10[BANK1 ] unsigned char 
 Return value:  Size  Location     Type
		None               void
 Registers used:
		wreg, status,2, status,0, pclath, cstack
 Tracked objects:
		On entry : 
		On exit  : 
		Unchanged: 
[...]
 Auto vars:     Size  Location     Type
  hours           1    9[COMMON] unsigned char 
 Return value:  Size  Location     Type
                  1    wreg      unsigned char 
 Registers used:
		wreg, status,2, status,0, pclath, cstack
 Tracked objects:
		On entry : 
		On exit  : 
		Unchanged: 
 Data sizes:     COMMON   BANK0   BANK1   BANK2
      Params:         0       0       0       0
      Locals:         1       0       0       0
      Temps:          1       0       0       0
      Totals:         2       0       0       0
Total ram usage:        2 bytes
 Hardware stack levels used:    1
 Hardware stack levels required when called:    2
 This function calls:
		_bcd_to_dec
		_ds1307_is_12hr_mode
 This function is called by:
		_update_clock
		_ds1307_is_pm
		_ds1307_switch_to_12hr
		_ds1307_switch_to_24hr
		_ds1307_time_formatted
 This function uses a non-reentrant model


 *************** function _ds1307_is_12hr_mode *****************
 Defined at:
		line 182 in file "ds1307.c"
 Parameters:    Size  Location     Type
		None
 Auto vars:     Size  Location     Type
		None
 Return value:  Size  Location     Type
                  1    wreg      unsigned char 
 Registers used:
		wreg
 Tracked objects:
		On entry : 
		On exit  : 
		Unchanged: 
 Data sizes:     COMMON   BANK0   BANK1   BANK2
      Params:         0       0       0       0
      Locals:         0       0       0       0
      Temps:          0       0       0       0
      Totals:         0       0       0       0
Total ram usage:        0 bytes
 Hardware stack levels used:    1
 This function calls:
		Nothing
 This function is called by:
		_update_clock
		_ds1307_get_hours
		_ds1307_set_hours
		_ds1307_is_pm
		_ds1307_set_pm_am
		_ds1307_switch_to_12hr
		_ds1307_switch_to_24hr
		_ds1307_time_formatted
 This function uses a non-reentrant model


 *************** function _ds1307_get_seconds *****************
 Defined at:
		line 188 in file "ds1307.c"
 Parameters:    Size  Location     Type
		None
 Auto vars:     Size  Location     Type
		None
 Return value:  Size  Location     Type
                  1    wreg      unsigned char 
 Registers used:
		wreg, status,2, status,0, pclath, cstack
 Tracked objects:
		On entry : 
		On exit  : 
		Unchanged: 
 Data sizes:     COMMON   BANK0   BANK1   BANK2
      Params:         0       0       0       0
      Locals:         0       0       0       0
      Temps:          0       0       0       0
      Totals:         0       0       0       0
Total ram usage:        0 bytes
 Hardware stack levels used:    1
 Hardware stack levels required when called:    2
 This function calls:
		_bcd_to_dec
 This function is called by:
		_update_clock
		_ds1307_time_formatted
 This function uses a non-reentrant model


 *************** function _ds1307_get_minutes *****************
 Defined at:
		line 200 in file "ds1307.c"
 Parameters:    Size  Location     Type
		None
 Auto vars:     Size  Location     Type
		None
 Return value:  Size  Location     Type
                  1    wreg      unsigned char 
 Registers used:
		wreg, status,2, status,0, pclath, cstack
 Tracked objects:
		On entry : 
		On exit  : 
		Unchanged: 
 Data sizes:     COMMON   BANK0   BANK1   BANK2
      Params:         0       0       0       0
      Locals:         0       0       0       0
      Temps:          0       0       0       0
      Totals:         0       0       0       0
Total ram usage:        0 bytes
 Hardware stack levels used:    1
 Hardware stack levels required when called:    2
 This function calls:
		_bcd_to_dec
 This function is called by:
		_update_clock
		_ds1307_time_formatted
 This function uses a non-reentrant model


 *************** function _ds1307_date_formatted *****************
 Defined at:
		line 391 in file "ds1307.c"
 Parameters:    Size  Location     Type
  p_str_date      1    wreg     PTR unsigned char 
		 -> tmr_isr@date(10), 
 Auto vars:     Size  Location     Type
  p_str_date      1   27[BANK0 ] PTR unsigned char 
		 -> tmr_isr@date(10), 
 Return value:  Size  Location     Type
		None               void
 Registers used:
		wreg, fsr0l, fsr0h, fsr1l, fsr1h, status,2, status,0, pclath, cstack
 Tracked objects:
		On entry : 
		On exit  : 
		Unchanged: 
 Data sizes:     COMMON   BANK0   BANK1   BANK2
      Params:         0       0       0       0
      Locals:         0       1       0       0
      Temps:          0       6       0       0
      Totals:         0       7       0       0
Total ram usage:        7 bytes
 Hardware stack levels used:    1
 Hardware stack levels required when called:    3
 This function calls:
		_ds1307_get_day_of_month
		_ds1307_get_month
		_ds1307_get_year
		_sprintf
 This function is called by:
		_tmr_isr
 This function uses a non-reentrant model


 *************** function _sprintf *****************
 Defined at:
		line 492 in file "C:\Program Files (x86)\Microchip\xc8\v1.32\sources\common\doprnt.c"
 Parameters:    Size  Location     Type
  sp              1    wreg     PTR unsigned char 
		 -> tmr_isr@pos(2), tmr_isr@date(10), tmr_isr@time(10), 
  f               2    0[BANK0 ] PTR const unsigned char 
		 -> STR_6(15), STR_5(16), STR_4(15), STR_3(3), 
 Auto vars:     Size  Location     Type
  sp              1   18[BANK0 ] PTR unsigned char 
		 -> tmr_isr@pos(2), tmr_isr@date(10), tmr_isr@time(10), 
  _val            4   14[BANK0 ] struct .
  c               1   20[BANK0 ] char 
  prec            1   19[BANK0 ] char 
  ap              1   13[BANK0 ] PTR void [1]
		 -> ?_sprintf(2), 
  flag            1   12[BANK0 ] unsigned char 
 Return value:  Size  Location     Type
                  2    0[BANK0 ] int 
 Registers used:
		wreg, fsr0l, fsr0h, fsr1l, fsr1h, status,2, status,0, pclath, cstack
 Tracked objects:
		On entry : 
		On exit  : 
		Unchanged: 
 Data sizes:     COMMON   BANK0   BANK1   BANK2
      Params:         0       8       0       0
      Locals:         0       9       0       0
      Temps:          0       4       0       0
      Totals:         0      21       0       0
Total ram usage:       21 bytes
 Hardware stack levels used:    1
 Hardware stack levels required when called:    1
 This function calls:
		___bmul
		___lwdiv
		___lwmod
		_isdigit
 This function is called by:
		_tmr_isr
		_ds1307_time_formatted
		_ds1307_date_formatted
 This function uses a non-reentrant model


 *************** function _isdigit *****************
 Defined at:
		line 8 in file "C:\Program Files (x86)\Microchip\xc8\v1.32\sources\common\isdigit.c"
 Parameters:    Size  Location     Type
  c               1    wreg     unsigned char 
 Auto vars:     Size  Location     Type
  c               1    1[COMMON] unsigned char 
 Return value:  Size  Location     Type
		None               void
 Registers used:
		wreg, status,2, status,0
 Tracked objects:
		On entry : 
		On exit  : 
		Unchanged: 
 Data sizes:     COMMON   BANK0   BANK1   BANK2
      Params:         0       0       0       0
      Locals:         2       0       0       0
      Temps:          0       0       0       0
      Totals:         2       0       0       0
Total ram usage:        2 bytes
 Hardware stack levels used:    1
 This function calls:
		Nothing
 This function is called by:
		_sprintf
 This function uses a non-reentrant model


 *************** function ___lwmod *****************
 Defined at:
		line 6 in file "C:\Program Files (x86)\Microchip\xc8\v1.32\sources\common\lwmod.c"
 Parameters:    Size  Location     Type
  divisor         2    8[COMMON] unsigned int 
  dividend        2   10[COMMON] unsigned int 
 Auto vars:     Size  Location     Type
  counter         1   13[COMMON] unsigned char 
 Return value:  Size  Location     Type
                  2    8[COMMON] unsigned int 
 Registers used:
		wreg, status,2, status,0
 Tracked objects:
		On entry : 
		On exit  : 
		Unchanged: 
 Data sizes:     COMMON   BANK0   BANK1   BANK2
      Params:         4       0       0       0
      Locals:         1       0       0       0
      Temps:          1       0       0       0
      Totals:         6       0       0       0
Total ram usage:        6 bytes
 Hardware stack levels used:    1
 This function calls:
		Nothing
 This function is called by:
		_sprintf
 This function uses a non-reentrant model


 *************** function ___lwdiv *****************
 Defined at:
		line 6 in file "C:\Program Files (x86)\Microchip\xc8\v1.32\sources\common\lwdiv.c"
 Parameters:    Size  Location     Type
  divisor         2    0[COMMON] unsigned int 
  dividend        2    2[COMMON] unsigned int 
 Auto vars:     Size  Location     Type
  quotient        2    5[COMMON] unsigned int 
  counter         1    7[COMMON] unsigned char 
 Return value:  Size  Location     Type
                  2    0[COMMON] unsigned int 
 Registers used:
		wreg, status,2, status,0
 Tracked objects:
		On entry : 
		On exit  : 
		Unchanged: 
 Data sizes:     COMMON   BANK0   BANK1   BANK2
      Params:         4       0       0       0
      Locals:         3       0       0       0
      Temps:          1       0       0       0
      Totals:         8       0       0       0
Total ram usage:        8 bytes
 Hardware stack levels used:    1
 This function calls:
		Nothing
 This function is called by:
		_sprintf
 This function uses a non-reentrant model


 *************** function _ds1307_get_year *****************
 Defined at:
		line 270 in file "ds1307.c"
 Parameters:    Size  Location     Type
		None
 Auto vars:     Size  Location     Type
		None
 Return value:  Size  Location     Type
                  1    wreg      unsigned char 
 Registers used:
		wreg, status,2, status,0, pclath, cstack
 Tracked objects:
		On entry : 
		On exit  : 
		Unchanged: 
 Data sizes:     COMMON   BANK0   BANK1   BANK2
      Params:         0       0       0       0
      Locals:         0       0       0       0
      Temps:          0       0       0       0
      Totals:         0       0       0       0
Total ram usage:        0 bytes
 Hardware stack levels used:    1
 Hardware stack levels required when called:    2
 This function calls:
		_bcd_to_dec
 This function is called by:
		_update_clock
		_ds1307_date_formatted
 This function uses a non-reentrant model


 *************** function _ds1307_get_month *****************
 Defined at:
		line 260 in file "ds1307.c"
 Parameters:    Size  Location     Type
		None
 Auto vars:     Size  Location     Type
		None
 Return value:  Size  Location     Type
                  1    wreg      unsigned char 
 Registers used:
		wreg, status,2, status,0, pclath, cstack
 Tracked objects:
		On entry : 
		On exit  : 
		Unchanged: 
 Data sizes:     COMMON   BANK0   BANK1   BANK2
      Params:         0       0       0       0
      Locals:         0       0       0       0
      Temps:          0       0       0       0
      Totals:         0       0       0       0
Total ram usage:        0 bytes
 Hardware stack levels used:    1
 Hardware stack levels required when called:    2
 This function calls:
		_bcd_to_dec
 This function is called by:
		_update_clock
		_ds1307_date_formatted
 This function uses a non-reentrant model


 *************** function _ds1307_get_day_of_month *****************
 Defined at:
		line 249 in file "ds1307.c"
 Parameters:    Size  Location     Type
		None
 Auto vars:     Size  Location     Type
		None
 Return value:  Size  Location     Type
                  1    wreg      unsigned char 
 Registers used:
		wreg, status,2, status,0, pclath, cstack
 Tracked objects:
		On entry : 
		On exit  : 
		Unchanged: 
 Data sizes:     COMMON   BANK0   BANK1   BANK2
      Params:         0       0       0       0
      Locals:         0       0       0       0
      Temps:          0       0       0       0
      Totals:         0       0       0       0
Total ram usage:        0 bytes
 Hardware stack levels used:    1
 Hardware stack levels required when called:    2
 This function calls:
		_bcd_to_dec
 This function is called by:
		_update_clock
		_ds1307_date_formatted
 This function uses a non-reentrant model


 *************** function _bcd_to_dec *****************
 Defined at:
		line 73 in file "ds1307.c"
 Parameters:    Size  Location     Type
  bcd             1    wreg     unsigned char 
 Auto vars:     Size  Location     Type
  bcd             1    7[COMMON] unsigned char 
 Return value:  Size  Location     Type
                  1    wreg      unsigned char 
 Registers used:
		wreg, status,2, status,0, pclath, cstack
 Tracked objects:
		On entry : 
		On exit  : 
		Unchanged: 
 Data sizes:     COMMON   BANK0   BANK1   BANK2
      Params:         0       0       0       0
      Locals:         1       0       0       0
      Temps:          3       0       0       0
      Totals:         4       0       0       0
Total ram usage:        4 bytes
 Hardware stack levels used:    1
 Hardware stack levels required when called:    1
 This function calls:
		___bmul
 This function is called by:
		_ds1307_get_seconds
		_ds1307_get_minutes
		_ds1307_get_hours
		_ds1307_get_day_of_month
		_ds1307_get_month
		_ds1307_get_year
 This function uses a non-reentrant model


 *************** function ___bmul *****************
 Defined at:
		line 4 in file "C:\Program Files (x86)\Microchip\xc8\v1.32\sources\common\Umul8.c"
 Parameters:    Size  Location     Type
  multiplier      1    wreg     unsigned char 
  multiplicand    1    0[COMMON] unsigned char 
 Auto vars:     Size  Location     Type
  multiplier      1    3[COMMON] unsigned char 
  product         1    2[COMMON] unsigned char 
 Return value:  Size  Location     Type
                  1    wreg      unsigned char 
 Registers used:
		wreg, status,2, status,0
 Tracked objects:
		On entry : 
		On exit  : 
		Unchanged: 
 Data sizes:     COMMON   BANK0   BANK1   BANK2
      Params:         1       0       0       0
      Locals:         2       0       0       0
      Temps:          1       0       0       0
      Totals:         4       0       0       0
Total ram usage:        4 bytes
 Hardware stack levels used:    1
 This function calls:
		Nothing
 This function is called by:
		_bcd_to_dec
		_sprintf
 This function uses a non-reentrant model



MODULE INFORMATION

Module		Function		Class		Link	Load	Size
C:\Program Files (x86)\Microchip\xc8\v1.32\sources\common\lwmod.c
		___lwmod       		CODE           	05A9	0000	46

C:\Program Files (x86)\Microchip\xc8\v1.32\sources\common\lwmod.c estimated size: 46

C:\Program Files (x86)\Microchip\xc8\v1.32\sources\common\awmod.c
		___awmod       		CODE           	0649	0000	71

C:\Program Files (x86)\Microchip\xc8\v1.32\sources\common\awmod.c estimated size: 71

keypad.c
		_keypad_read_ke		CODE           	0E9B	0000	34
		_keypad_scan   		CODE           	0BC9	0000	4
		_keypad_init   		CODE           	0E5E	0000	27

keypad.c estimated size: 65

HD44780-IOE.c
		_mcp23017_ioa_s		CODE           	0C57	0000	9
		_lcd_command   		CODE           	0D72	0000	18
		__set_4bit_inte		CODE           	0D3E	0000	16
		_lcd_data      		CODE           	0D0E	0000	16
		_lcd_initialize		CODE           	032A	0000	146
		_lcd_backlight 		CODE           	0C60	0000	9
		_lcd_flags_set 		CODE           	0690	0000	68
		_lcd_goto      		CODE           	0F03	0000	39
		__send_byte    		CODE           	0D60	0000	18
		_lcd_write     		CODE           	0F2A	0000	39
		__send_nibble  		CODE           	0FD3	0000	45

HD44780-IOE.c estimated size: 423

C:\Program Files (x86)\Microchip\xc8\v1.32\sources\common\doprnt.c
		_sprintf       		CODE           	021B	0000	271

C:\Program Files (x86)\Microchip\xc8\v1.32\sources\common\doprnt.c estimated size: 271

C:\Program Files (x86)\Microchip\xc8\v1.32\sources\common\isdigit.c
		_isdigit       		CODE           	0CB4	0000	14

C:\Program Files (x86)\Microchip\xc8\v1.32\sources\common\isdigit.c estimated size: 14

C:\Program Files (x86)\Microchip\xc8\v1.32\sources\common\lwdiv.c
		___lwdiv       		CODE           	0755	0000	54

C:\Program Files (x86)\Microchip\xc8\v1.32\sources\common\lwdiv.c estimated size: 54

ds1307.c
		_ds1307_set_hr_		CODE           	0D97	0000	19
		_ds1307_start_c		CODE           	0DE7	0000	22
		_ds1307_get_yea		CODE           	0BD2	0000	5
		_ds1307_set_yea		CODE           	0C9A	0000	13
		_ds1307_date_fo		CODE           	05D7	0000	40
		_ds1307_time_fo		CODE           	03BC	0000	109
		_bcd_to_dec    		CODE           	0D84	0000	19
		_dec_to_bcd    		CODE           	057B	0000	46
		_ds1307_get_sec		CODE           	0C05	0000	6
		_ds1307_set_sec		CODE           	0D4E	0000	18
		_ds1307_get_min		CODE           	0BD7	0000	5
		_ds1307_set_min		CODE           	0C8D	0000	13
		_ds1307_is_12hr		CODE           	0BDC	0000	5
		_ds1307_get_day		CODE           	0BFF	0000	6
		_ds1307_set_day		CODE           	0D1E	0000	16
		_ds1307_switch_		CODE           	051A	0000	49
		_ds1307_init   		CODE           	0BC6	0000	3
		_ds1307_switch_		CODE           	07BD	0000	50
		_ds1307_is_pm  		CODE           	0E44	0000	26
		_ds1307_set_pm_		CODE           	0E2B	0000	25
		_ds1307_get_clo		CODE           	06D4	0000	67
		_ds1307_set_clo		CODE           	054B	0000	48
		_ds1307_read_ad		CODE           	0EDF	0000	36
		_ds1307_get_mon		CODE           	0BCD	0000	5
		_ds1307_set_mon		CODE           	0D2E	0000	16
		_ds1307_get_hou		CODE           	0DAA	0000	20
		_ds1307_set_hou		CODE           	0FA7	0000	44
		_ds1307_stop_cl		CODE           	0DFD	0000	22
		_ds1307_write_a		CODE           	0DBE	0000	20

ds1307.c estimated size: 773

C:\Program Files (x86)\Microchip\xc8\v1.32\sources\common\awdiv.c
		___awdiv       		CODE           	047C	0000	83

C:\Program Files (x86)\Microchip\xc8\v1.32\sources\common\awdiv.c estimated size: 83

C:\Program Files (x86)\Microchip\xc8\v1.32\sources\common\lldiv.c
		___lldiv       		CODE           	0429	0000	83

C:\Program Files (x86)\Microchip\xc8\v1.32\sources\common\lldiv.c estimated size: 83

C:\Program Files (x86)\Microchip\xc8\v1.32\sources\common\Umul8.c
		___bmul        		CODE           	07EF	0000	17

C:\Program Files (x86)\Microchip\xc8\v1.32\sources\common\Umul8.c estimated size: 17

shared
		i1_write_t1    		CODE           	0C2C	0000	8
		i1_i2c_wait    		CODE           	0C17	0000	7
		__stringdata   		STRCODE        	060A	0000	63
		i1_i2c_send_add		CODE           	0C80	0000	13
		i1_i2c_read_dat		CODE           	0CC2	0000	14
		i1_mcp23017_wri		CODE           	0DD2	0000	21
		_dpowers       		STRCODE        	0600	0000	10
		i1_i2c_stop    		CODE           	0BEB	0000	5
		i1_i2c_start   		CODE           	0BE6	0000	5
		i1_ds1307_get_c		CODE           	0717	0000	62
		__initializatio		CODE           	00D6	0000	12
		i1_i2c_send_ack		CODE           	0C69	0000	11
		i1_lcd_backligh		CODE           	0C45	0000	9
		i1__send_byte  		CODE           	0CEE	0000	16
		i1_mcp23017_ioa		CODE           	0C3C	0000	9
		i1_i2c_restart 		CODE           	0BE1	0000	5
		i1_i2c_send_dat		CODE           	0C1E	0000	7
		i1__send_nibble		CODE           	0F51	0000	43
		i1_lcd_command 		CODE           	0CFE	0000	16

shared estimated size: 336

pic12f1840_i2c.c
		_i2c_send_data 		CODE           	0C4E	0000	9
		_i2c_send_addre		CODE           	0CDF	0000	15
		_i2c_start     		CODE           	0BF5	0000	5
		_i2c_restart   		CODE           	0BF0	0000	5
		_i2c_stop      		CODE           	0BFA	0000	5
		_i2c_wait      		CODE           	0C25	0000	7
		_i2c_init      		CODE           	04CF	0000	75
		_i2c_read_data 		CODE           	0CD0	0000	15
		_i2c_send_ack  		CODE           	0CA7	0000	13

pic12f1840_i2c.c estimated size: 149

mcp23017.c
		_mcp23017_set_s		CODE           	0C34	0000	8
		_mcp23017_init 		CODE           	0C0B	0000	6
		_mcp23017_read_		CODE           	0E79	0000	34
		_mcp23017_write		CODE           	0E13	0000	24

mcp23017.c estimated size: 72

main.c
		_init          		CODE           	078B	0000	50
		_write_t1      		CODE           	0C74	0000	12
		_main          		CODE           	0F7C	0000	43
		_update_clock  		CODE           	00E6	0000	309
		_tmr_isr       		CODE           	0004	0000	208
		_adjust_val    		CODE           	0EBD	0000	34

main.c estimated size: 656

