Microchip MPLAB XC8 Compiler V1.32 ()

Linker command line:

--edf=C:\Program Files (x86)\Microchip\xc8\v1.32\dat\en_msgs.txt -cs \
  -h+dist/PIC12F1840_PK3_FREE/production\PIC12-MCP23017.X.production.sym \
  --cmf=dist/PIC12F1840_PK3_FREE/production\PIC12-MCP23017.X.production.cmf \
  -z -Q12F1840 -oC:\Users\Omar\AppData\Local\Temp\s6cs.6 \
  -Mdist/PIC12F1840_PK3_FREE/production/PIC12-MCP23017.X.production.map -E1 \
  -ver=XC8 -ASTACK=0200Ch-020efh -pstack=STACK -ACONST=00h-0FFhx16 \
  -ACODE=00h-07FFhx2 -ASTRCODE=00h-0FFFh -AENTRY=00h-0FFhx16 \
  -ASTRING=00h-0FFhx16 -ACOMMON=070h-07Fh -ABANK0=020h-06Fh \
  -ABANK1=0A0h-0EFh -ABANK2=0120h-016Fh -ABIGRAM=02000h-020EFh \
  -ARAM=020h-06Fh,0A0h-0EFh,0120h-016Fh \
  -AABS1=020h-07Fh,0A0h-0EFh,0120h-016Fh -ASFR0=00h-01Fh -ASFR1=080h-09Fh \
  -ASFR2=0100h-011Fh -ASFR3=0180h-01EFh -ASFR4=0200h-026Fh \
  -ASFR5=0280h-02EFh -ASFR6=0300h-036Fh -ASFR7=0380h-03EFh \
  -ASFR8=0400h-046Fh -ASFR9=0480h-04EFh -ASFR10=0500h-056Fh \
  -ASFR11=0580h-05EFh -ASFR12=0600h-066Fh -ASFR13=0680h-06EFh \
  -ASFR14=0700h-076Fh -ASFR15=0780h-07EFh -ASFR16=0800h-086Fh \
  -ASFR17=0880h-08EFh -ASFR18=0900h-096Fh -ASFR19=0980h-09EFh \
  -ASFR20=0A00h-0A6Fh -ASFR21=0A80h-0AEFh -ASFR22=0B00h-0B6Fh \
  -ASFR23=0B80h-0BEFh -ASFR24=0C00h-0C6Fh -ASFR25=0C80h-0CEFh \
  -ASFR26=0D00h-0D6Fh -ASFR27=0D80h-0DEFh -ASFR28=0E00h-0E6Fh \
  -ASFR29=0E80h-0EEFh -ASFR30=0F00h-0F6Fh -ASFR31=0F80h-0FEFh \
  -preset_vec=00h,intentry,init,end_init -ppowerup=CODE -pcinit=CODE \
  -pfunctab=CODE -ACONFIG=08007h-08008h -pconfig=CONFIG -DCONFIG=2 \
  -AIDLOC=08000h-08003h -pidloc=IDLOC -DIDLOC=2 -AEEDATA=00h-0FFh/0F000h \
  -peeprom_data=EEDATA -DEEDATA=2 -DCODE=2 -DSTRCODE=2 -DSTRING=2 -DCONST=2 \
  -DENTRY=2 -k C:\Users\Omar\AppData\Local\Temp\s6cs.obj \
  dist/PIC12F1840_PK3_FREE/production\PIC12-MCP23017.X.production.obj 

Object code version is 3.11

Machine type is 12F1840



                Name                               Link     Load   Length Selector   Space Scale
C:\Users\Omar\AppData\Local\Temp\s6cs.obj
                end_init                              2        2        2        0       0
                reset_vec                             0        0        2        0       0
                config                             8007     8007        2    1000E       0
dist/PIC12F1840_PK3_FREE/production\PIC12-MCP23017.X.production.obj
                cinit                               7FB      7FB        5      FF6       0
                text14                              6D2      6D2       19      DA4       0
                text13                              757      757       52      EAE       0
                text12                              70D      70D       4A      E1A       0
                text11                              69A      69A        8      D34       0
                text10                              678      678        5      CF0       0
                text9                               68C      68C        7      D18       0
                text8                               6AF      6AF        E      D5E       0
                text7                               67D      67D        5      CFA       0
                text6                               6A2      6A2        D      D44       0
                text5                               693      693        7      D26       0
                text4                               682      682        5      D04       0
                text3                               687      687        5      D0E       0
                text2                               6EB      6EB       22      DD6       0
                text1                               6BD      6BD       15      D7A       0
                maintext                            7A9      7A9       52      F52       0
                cstackBANK0                          20       20        B       20       1
                cstackCOMMON                         70       70        E       70       1
                bssBANK0                             2B       2B        1       20       1

TOTAL           Name                               Link     Load   Length     Space
        CLASS   STACK          

        CLASS   CONST          

        CLASS   CODE           
                end_init                              2        2        2         0
                cinit                               7FB      7FB        5         0
                reset_vec                             0        0        2         0
                text14                              6D2      6D2       19         0
                text13                              757      757       52         0
                text12                              70D      70D       4A         0
                text11                              69A      69A        8         0
                text10                              678      678        5         0
                text9                               68C      68C        7         0
                text8                               6AF      6AF        E         0
                text7                               67D      67D        5         0
                text6                               6A2      6A2        D         0
                text5                               693      693        7         0
                text4                               682      682        5         0
                text3                               687      687        5         0
                text2                               6EB      6EB       22         0
                text1                               6BD      6BD       15         0
                maintext                            7A9      7A9       52         0

        CLASS   STRCODE        

        CLASS   ENTRY          

        CLASS   STRING         

        CLASS   COMMON         
                cstackCOMMON                         70       70        E         1

        CLASS   BANK0          
                cstackBANK0                          20       20        B         1
                bssBANK0                             2B       2B        1         1

        CLASS   BANK1          

        CLASS   BANK2          

        CLASS   BIGRAM         

        CLASS   RAM            

        CLASS   ABS1           
                abs_s1                               7E       7E        2         1

        CLASS   SFR0           

        CLASS   SFR1           

        CLASS   SFR2           

        CLASS   SFR3           

        CLASS   SFR4           

        CLASS   SFR5           

        CLASS   SFR6           

        CLASS   SFR7           

        CLASS   SFR8           

        CLASS   SFR9           

        CLASS   SFR10          

        CLASS   SFR11          

        CLASS   SFR12          

        CLASS   SFR13          

        CLASS   SFR14          

        CLASS   SFR15          

        CLASS   SFR16          

        CLASS   SFR17          

        CLASS   SFR18          

        CLASS   SFR19          

        CLASS   SFR20          

        CLASS   SFR21          

        CLASS   SFR22          

        CLASS   SFR23          

        CLASS   SFR24          

        CLASS   SFR25          

        CLASS   SFR26          

        CLASS   SFR27          

        CLASS   SFR28          

        CLASS   SFR29          

        CLASS   SFR30          

        CLASS   SFR31          

        CLASS   CONFIG         
                config                             8007     8007        2         0

        CLASS   IDLOC          

        CLASS   EEDATA         

        CLASS   BANK31         

        CLASS   BANK30         

        CLASS   BANK29         

        CLASS   BANK28         

        CLASS   BANK27         

        CLASS   BANK26         

        CLASS   BANK25         

        CLASS   BANK24         

        CLASS   BANK23         

        CLASS   BANK22         

        CLASS   BANK21         

        CLASS   BANK20         

        CLASS   BANK19         

        CLASS   BANK18         

        CLASS   BANK17         

        CLASS   BANK16         

        CLASS   BANK15         

        CLASS   BANK14         

        CLASS   BANK13         

        CLASS   BANK12         

        CLASS   BANK11         

        CLASS   BANK10         

        CLASS   BANK9          

        CLASS   BANK8          

        CLASS   BANK7          

        CLASS   BANK6          

        CLASS   BANK5          

        CLASS   BANK4          

        CLASS   BANK3          



SEGMENTS        Name                           Load    Length   Top    Selector   Space  Class     Delta

                reset_vec                      000000  000004  000004         0       0  CODE        2
                cstackBANK0                    000020  00000C  00002C        20       1  BANK0       1
                cstackCOMMON                   000070  00000E  00007E        70       1  COMMON      1
                text10                         000678  000005  00067D       CF0       0  CODE        2
                text7                          00067D  000005  000682       CFA       0  CODE        2
                text4                          000682  000005  000687       D04       0  CODE        2
                text3                          000687  000005  00068C       D0E       0  CODE        2
                text9                          00068C  000007  000693       D18       0  CODE        2
                text5                          000693  000007  00069A       D26       0  CODE        2
                text11                         00069A  000008  0006A2       D34       0  CODE        2
                text6                          0006A2  00000D  0006AF       D44       0  CODE        2
                text8                          0006AF  00000E  0006BD       D5E       0  CODE        2
                text1                          0006BD  000015  0006D2       D7A       0  CODE        2
                text14                         0006D2  000019  0006EB       DA4       0  CODE        2
                text2                          0006EB  000022  00070D       DD6       0  CODE        2
                text12                         00070D  00004A  000757       E1A       0  CODE        2
                text13                         000757  000052  0007A9       EAE       0  CODE        2
                maintext                       0007A9  000052  0007FB       F52       0  CODE        2
                cinit                          0007FB  000005  000800       FF6       0  CODE        2
                config                         008007  000002  008009     1000E       0  CONFIG      2


UNUSED ADDRESS RANGES

        Name                Unused          Largest block    Delta
        BANK0            0002C-0006F              44           1
        BANK1            000A0-000EF              50           1
        BANK2            00120-0016F              50           1
        BIGRAM           02000-020EF              F0           1
        CODE             00004-00677             674           2
                         00800-00FFF             800
        CONST            00004-00677             100           2
                         00800-00FFF             100
        EEDATA           0F000-0F0FF             100           2
        ENTRY            00004-00677             100           2
                         00800-00FFF             100
        IDLOC            08000-08003               4           2
        RAM              0002C-0006F              44           1
                         000A0-000EF              50
                         00120-0016F              50
        SFR0             00000-0001F              20           1
        SFR1             00080-0009F              20           1
        SFR10            00500-0056F              70           1
        SFR11            00580-005EF              70           1
        SFR12            00600-0066F              70           1
        SFR13            00680-006EF              70           1
        SFR14            00700-0076F              70           1
        SFR15            00780-007EF              70           1
        SFR16            00800-0086F              70           1
        SFR17            00880-008EF              70           1
        SFR18            00900-0096F              70           1
        SFR19            00980-009EF              70           1
        SFR2             00100-0011F              20           1
        SFR20            00A00-00A6F              70           1
        SFR21            00A80-00AEF              70           1
        SFR22            00B00-00B6F              70           1
        SFR23            00B80-00BEF              70           1
        SFR24            00C00-00C6F              70           1
        SFR25            00C80-00CEF              70           1
        SFR26            00D00-00D6F              70           1
        SFR27            00D80-00DEF              70           1
        SFR28            00E00-00E6F              70           1
        SFR29            00E80-00EEF              70           1
        SFR3             00180-001EF              70           1
        SFR30            00F00-00F6F              70           1
        SFR31            00F80-00FEF              70           1
        SFR4             00200-0026F              70           1
        SFR5             00280-002EF              70           1
        SFR6             00300-0036F              70           1
        SFR7             00380-003EF              70           1
        SFR8             00400-0046F              70           1
        SFR9             00480-004EF              70           1
        STACK            0200C-020EF              E4           1
        STRCODE          00004-00677             674           2
                         00800-00FFF             800
        STRING           00004-00677             100           2
                         00800-00FFF             100

                                  Symbol Table

?___lldiv                          cstackCOMMON 00070
_ANSELAbits                        (abs)        0018C
_OSCCONbits                        (abs)        00099
_SSP1CON2                          (abs)        00216
_SSP1CON2bits                      (abs)        00216
_SSPADD                            (abs)        00212
_SSPBUF                            (abs)        00211
_SSPCON1                           (abs)        00215
_SSPCON2                           (abs)        00216
_SSPSTATbits                       (abs)        00214
_TRISAbits                         (abs)        0008C
__CFG_BOREN$ON                     (abs)        00000
__CFG_BORV$LO                      (abs)        00000
__CFG_CLKOUTEN$OFF                 (abs)        00000
__CFG_CP$OFF                       (abs)        00000
__CFG_CPD$OFF                      (abs)        00000
__CFG_FCMEN$ON                     (abs)        00000
__CFG_FOSC$INTOSC                  (abs)        00000
__CFG_IESO$OFF                     (abs)        00000
__CFG_LVP$OFF                      (abs)        00000
__CFG_MCLRE$OFF                    (abs)        00000
__CFG_PLLEN$OFF                    (abs)        00000
__CFG_PWRTE$ON                     (abs)        00000
__CFG_STVREN$ON                    (abs)        00000
__CFG_WDTE$OFF                     (abs)        00000
__CFG_WRT$OFF                      (abs)        00000
__Habs1                            abs1         00000
__Hbank0                           bank0        00000
__Hbank1                           bank1        00000
__Hbank10                          bank10       00000
__Hbank11                          bank11       00000
__Hbank12                          bank12       00000
__Hbank13                          bank13       00000
__Hbank14                          bank14       00000
__Hbank15                          bank15       00000
__Hbank16                          bank16       00000
__Hbank17                          bank17       00000
__Hbank18                          bank18       00000
__Hbank19                          bank19       00000
__Hbank2                           bank2        00000
__Hbank20                          bank20       00000
__Hbank21                          bank21       00000
__Hbank22                          bank22       00000
__Hbank23                          bank23       00000
__Hbank24                          bank24       00000
__Hbank25                          bank25       00000
__Hbank26                          bank26       00000
__Hbank27                          bank27       00000
__Hbank28                          bank28       00000
__Hbank29                          bank29       00000
__Hbank3                           bank3        00000
__Hbank30                          bank30       00000
__Hbank31                          bank31       00000
__Hbank4                           bank4        00000
__Hbank5                           bank5        00000
__Hbank6                           bank6        00000
__Hbank7                           bank7        00000
__Hbank8                           bank8        00000
__Hbank9                           bank9        00000
__Hbigram                          bigram       00000
__HbssBANK0                        bssBANK0     00000
__Hcinit                           cinit        00800
__Hclrtext                         clrtext      00000
__Hcode                            code         00000
__Hcommon                          common       00000
__Hconfig                          config       08009
__HcstackBANK0                     cstackBANK0  00000
__HcstackCOMMON                    cstackCOMMON 00000
__Heeprom_data                     eeprom_data  00000
__Hend_init                        end_init     00004
__Hfunctab                         functab      00000
__Hidloc                           idloc        00000
__Hinit                            init         00002
__Hintentry                        intentry     00002
__Hmaintext                        maintext     00000
__Hpowerup                         powerup      00000
__Hram                             ram          00000
__Hreset_vec                       reset_vec    00002
__Hsfr0                            sfr0         00000
__Hsfr1                            sfr1         00000
__Hsfr10                           sfr10        00000
__Hsfr11                           sfr11        00000
__Hsfr12                           sfr12        00000
__Hsfr13                           sfr13        00000
__Hsfr14                           sfr14        00000
__Hsfr15                           sfr15        00000
__Hsfr16                           sfr16        00000
__Hsfr17                           sfr17        00000
__Hsfr18                           sfr18        00000
__Hsfr19                           sfr19        00000
__Hsfr2                            sfr2         00000
__Hsfr20                           sfr20        00000
__Hsfr21                           sfr21        00000
__Hsfr22                           sfr22        00000
__Hsfr23                           sfr23        00000
__Hsfr24                           sfr24        00000
__Hsfr25                           sfr25        00000
__Hsfr26                           sfr26        00000
__Hsfr27                           sfr27        00000
__Hsfr28                           sfr28        00000
__Hsfr29                           sfr29        00000
__Hsfr3                            sfr3         00000
__Hsfr30                           sfr30        00000
__Hsfr31                           sfr31        00000
__Hsfr4                            sfr4         00000
__Hsfr5                            sfr5         00000
__Hsfr6                            sfr6         00000
__Hsfr7                            sfr7         00000
__Hsfr8                            sfr8         00000
__Hsfr9                            sfr9         00000
__Hspace_0                         (abs)        08009
__Hspace_1                         (abs)        0007E
__Hspace_2                         (abs)        00000
__Hspace_3                         (abs)        00000
__Hstack                           stack        00000
__Hstrings                         strings      00000
__Htext                            text         00000
__Labs1                            abs1         00000
__Lbank0                           bank0        00000
__Lbank1                           bank1        00000
__Lbank10                          bank10       00000
__Lbank11                          bank11       00000
__Lbank12                          bank12       00000
__Lbank13                          bank13       00000
__Lbank14                          bank14       00000
__Lbank15                          bank15       00000
__Lbank16                          bank16       00000
__Lbank17                          bank17       00000
__Lbank18                          bank18       00000
__Lbank19                          bank19       00000
__Lbank2                           bank2        00000
__Lbank20                          bank20       00000
__Lbank21                          bank21       00000
__Lbank22                          bank22       00000
__Lbank23                          bank23       00000
__Lbank24                          bank24       00000
__Lbank25                          bank25       00000
__Lbank26                          bank26       00000
__Lbank27                          bank27       00000
__Lbank28                          bank28       00000
__Lbank29                          bank29       00000
__Lbank3                           bank3        00000
__Lbank30                          bank30       00000
__Lbank31                          bank31       00000
__Lbank4                           bank4        00000
__Lbank5                           bank5        00000
__Lbank6                           bank6        00000
__Lbank7                           bank7        00000
__Lbank8                           bank8        00000
__Lbank9                           bank9        00000
__Lbigram                          bigram       00000
__LbssBANK0                        bssBANK0     00000
__Lcinit                           cinit        007FB
__Lclrtext                         clrtext      00000
__Lcode                            code         00000
__Lcommon                          common       00000
__Lconfig                          config       08007
__LcstackBANK0                     cstackBANK0  00000
__LcstackCOMMON                    cstackCOMMON 00000
__Leeprom_data                     eeprom_data  00000
__Lend_init                        end_init     00002
__Lfunctab                         functab      00000
__Lidloc                           idloc        00000
__Linit                            init         00002
__Lintentry                        intentry     00002
__Lmaintext                        maintext     00000
__Lpowerup                         powerup      00000
__Lram                             ram          00000
__Lreset_vec                       reset_vec    00000
__Lsfr0                            sfr0         00000
__Lsfr1                            sfr1         00000
__Lsfr10                           sfr10        00000
__Lsfr11                           sfr11        00000
__Lsfr12                           sfr12        00000
__Lsfr13                           sfr13        00000
__Lsfr14                           sfr14        00000
__Lsfr15                           sfr15        00000
__Lsfr16                           sfr16        00000
__Lsfr17                           sfr17        00000
__Lsfr18                           sfr18        00000
__Lsfr19                           sfr19        00000
__Lsfr2                            sfr2         00000
__Lsfr20                           sfr20        00000
__Lsfr21                           sfr21        00000
__Lsfr22                           sfr22        00000
__Lsfr23                           sfr23        00000
__Lsfr24                           sfr24        00000
__Lsfr25                           sfr25        00000
__Lsfr26                           sfr26        00000
__Lsfr27                           sfr27        00000
__Lsfr28                           sfr28        00000
__Lsfr29                           sfr29        00000
__Lsfr3                            sfr3         00000
__Lsfr30                           sfr30        00000
__Lsfr31                           sfr31        00000
__Lsfr4                            sfr4         00000
__Lsfr5                            sfr5         00000
__Lsfr6                            sfr6         00000
__Lsfr7                            sfr7         00000
__Lsfr8                            sfr8         00000
__Lsfr9                            sfr9         00000
__Lspace_0                         (abs)        00000
__Lspace_1                         (abs)        00000
__Lspace_2                         (abs)        00000
__Lspace_3                         (abs)        00000
__Lstack                           stack        00000
__Lstrings                         strings      00000
__Ltext                            text         00000
__S0                               (abs)        08009
__S1                               (abs)        0007E
__S2                               (abs)        00000
__S3                               (abs)        00000
___int_sp                          stack        00000
___latbits                         (abs)        00001
___lldiv                           text13       00757
___lldiv@counter                   cstackCOMMON 0007D
___lldiv@dividend                  cstackCOMMON 00074
___lldiv@divisor                   cstackCOMMON 00070
___lldiv@quotient                  cstackCOMMON 00079
___sp                              stack        00000
__end_of___lldiv                   text13       007A9
__end_of__initialization           cinit        007FC
__end_of_delay_ms                  text14       006EB
__end_of_i2c_init                  text12       00757
__end_of_i2c_read_data             text8        006BD
__end_of_i2c_restart               text7        00682
__end_of_i2c_send_address          text6        006AF
__end_of_i2c_send_data             text5        0069A
__end_of_i2c_start                 text4        00687
__end_of_i2c_stop                  text3        0068C
__end_of_i2c_wait                  text9        00693
__end_of_main                      maintext     007FB
__end_of_mcp23017_init             text10       0067D
__end_of_mcp23017_read_reg         text2        0070D
__end_of_mcp23017_set_slave_addr   text11       006A2
__end_of_mcp23017_write_reg        text1        006D2
__initialization                   cinit        007FB
__pbssBANK0                        bssBANK0     0002B
__pcstackBANK0                     cstackBANK0  00020
__pcstackCOMMON                    cstackCOMMON 00070
__pmaintext                        maintext     007A9
__ptext0                           text0        00000
__ptext1                           text1        006BD
__ptext10                          text10       00678
__ptext11                          text11       0069A
__ptext12                          text12       0070D
__ptext13                          text13       00757
__ptext14                          text14       006D2
__ptext2                           text2        006EB
__ptext3                           text3        00687
__ptext4                           text4        00682
__ptext5                           text5        00693
__ptext6                           text6        006A2
__ptext7                           text7        0067D
__ptext8                           text8        006AF
__ptext9                           text9        0068C
__size_of___lldiv                  (abs)        00000
__size_of_delay_ms                 (abs)        00000
__size_of_i2c_init                 (abs)        00000
__size_of_i2c_read_data            (abs)        00000
__size_of_i2c_restart              (abs)        00000
__size_of_i2c_send_address         (abs)        00000
__size_of_i2c_send_data            (abs)        00000
__size_of_i2c_start                (abs)        00000
__size_of_i2c_stop                 (abs)        00000
__size_of_i2c_wait                 (abs)        00000
__size_of_main                     (abs)        00000
__size_of_mcp23017_init            (abs)        00000
__size_of_mcp23017_read_reg        (abs)        00000
__size_of_mcp23017_set_slave_addr  (abs)        00000
__size_of_mcp23017_write_reg       (abs)        00000
_delay_ms                          text14       006D2
_g_slave_address_7b                bssBANK0     0002B
_i2c_init                          text12       0070D
_i2c_read_data                     text8        006AF
_i2c_restart                       text7        0067D
_i2c_send_address                  text6        006A2
_i2c_send_data                     text5        00693
_i2c_start                         text4        00682
_i2c_stop                          text3        00687
_i2c_wait                          text9        0068C
_main                              maintext     007A9
_mcp23017_init                     text10       00678
_mcp23017_read_reg                 text2        006EB
_mcp23017_set_slave_addr           text11       0069A
_mcp23017_write_reg                text1        006BD
btemp                              (abs)        0007E
delay_ms@c                         cstackCOMMON 00072
delay_ms@t_ms                      cstackCOMMON 00070
end_of_initialization              cinit        007FC
i2c_init@clock_hz                  cstackBANK0  00020
i2c_read_data@read_data            cstackCOMMON 00071
i2c_send_address@address           cstackCOMMON 00072
i2c_send_address@mode              cstackCOMMON 00070
i2c_send_data@data                 cstackCOMMON 00070
intlevel0                          functab      00000
intlevel1                          functab      00000
intlevel2                          functab      00000
intlevel3                          functab      00000
intlevel4                          functab      00000
intlevel5                          functab      00000
ltemp                              (abs)        0007E
ltemp0                             (abs)        0007E
ltemp1                             (abs)        00082
ltemp2                             (abs)        00086
ltemp3                             (abs)        00080
main@c                             cstackBANK0  0002A
main@value                         cstackBANK0  00029
mcp23017_init@address_3b           cstackCOMMON 00072
mcp23017_read_reg@reg_address      cstackCOMMON 00074
mcp23017_read_reg@value            cstackCOMMON 00075
mcp23017_set_slave_addr@address_3b cstackCOMMON 00071
mcp23017_write_reg@reg_address     cstackCOMMON 00074
mcp23017_write_reg@value           cstackCOMMON 00073
pic14e$flags                       (abs)        0007E
reset_vec                          reset_vec    00000
stackhi                            (abs)        020EF
stacklo                            (abs)        0200C
start                              init         00002
start_initialization               cinit        007FB
ttemp                              (abs)        0007E
ttemp0                             (abs)        0007E
ttemp1                             (abs)        00081
ttemp2                             (abs)        00084
ttemp3                             (abs)        00087
ttemp4                             (abs)        0007F
wtemp                              (abs)        0007E
wtemp0                             (abs)        0007E
wtemp1                             (abs)        00080
wtemp2                             (abs)        00082
wtemp3                             (abs)        00084
wtemp4                             (abs)        00086
wtemp5                             (abs)        00088
wtemp6                             (abs)        0007F


FUNCTION INFORMATION:

 *************** function _main *****************
 Defined at:
		line 53 in file "main.c"
 Parameters:    Size  Location     Type
		None
 Auto vars:     Size  Location     Type
  c               1   10[BANK0 ] unsigned char 
  value           1    9[BANK0 ] unsigned char 
 Return value:  Size  Location     Type
		None               void
 Registers used:
		wreg, status,2, status,0, pclath, cstack
 Tracked objects:
		On entry : 
		On exit  : 
		Unchanged: 
 Data sizes:     COMMON   BANK0   BANK1   BANK2
      Params:         0       0       0       0
      Locals:         0       2       0       0
      Temps:          0       1       0       0
      Totals:         0       3       0       0
Total ram usage:        3 bytes
 Hardware stack levels required when called:    3
 This function calls:
		_delay_ms
		_i2c_init
		_mcp23017_init
		_mcp23017_read_reg
		_mcp23017_write_reg
 This function is called by:
		Startup code after reset
 This function uses a non-reentrant model


 *************** function _mcp23017_write_reg *****************
 Defined at:
		line 60 in file "mcp23017.c"
 Parameters:    Size  Location     Type
  reg_address     1    wreg     unsigned char 
  value           1    3[COMMON] unsigned char 
 Auto vars:     Size  Location     Type
  reg_address     1    4[COMMON] unsigned char 
 Return value:  Size  Location     Type
		None               void
 Registers used:
		wreg, status,2, status,0, pclath, cstack
 Tracked objects:
		On entry : 
		On exit  : 
		Unchanged: 
 Data sizes:     COMMON   BANK0   BANK1   BANK2
      Params:         1       0       0       0
      Locals:         1       0       0       0
      Temps:          0       0       0       0
      Totals:         2       0       0       0
Total ram usage:        2 bytes
 Hardware stack levels used:    1
 Hardware stack levels required when called:    2
 This function calls:
		_i2c_send_address
		_i2c_send_data
		_i2c_start
		_i2c_stop
 This function is called by:
		_main
 This function uses a non-reentrant model


 *************** function _mcp23017_read_reg *****************
 Defined at:
		line 69 in file "mcp23017.c"
 Parameters:    Size  Location     Type
  reg_address     1    wreg     unsigned char 
 Auto vars:     Size  Location     Type
  reg_address     1    4[COMMON] unsigned char 
  value           1    5[COMMON] unsigned char 
 Return value:  Size  Location     Type
                  1    wreg      unsigned char 
 Registers used:
		wreg, status,2, status,0, pclath, cstack
 Tracked objects:
		On entry : 
		On exit  : 
		Unchanged: 
 Data sizes:     COMMON   BANK0   BANK1   BANK2
      Params:         0       0       0       0
      Locals:         2       0       0       0
      Temps:          1       0       0       0
      Totals:         3       0       0       0
Total ram usage:        3 bytes
 Hardware stack levels used:    1
 Hardware stack levels required when called:    2
 This function calls:
		_i2c_read_data
		_i2c_restart
		_i2c_send_address
		_i2c_send_data
		_i2c_start
		_i2c_stop
 This function is called by:
		_main
 This function uses a non-reentrant model


 *************** function _i2c_stop *****************
 Defined at:
		line 92 in file "pic12f1840_i2c.c"
 Parameters:    Size  Location     Type
		None
 Auto vars:     Size  Location     Type
		None
 Return value:  Size  Location     Type
		None               void
 Registers used:
		wreg, status,2, status,0, pclath, cstack
 Tracked objects:
		On entry : 
		On exit  : 
		Unchanged: 
 Data sizes:     COMMON   BANK0   BANK1   BANK2
      Params:         0       0       0       0
      Locals:         0       0       0       0
      Temps:          0       0       0       0
      Totals:         0       0       0       0
Total ram usage:        0 bytes
 Hardware stack levels used:    1
 Hardware stack levels required when called:    1
 This function calls:
		_i2c_wait
 This function is called by:
		_mcp23017_write_reg
		_mcp23017_read_reg
 This function uses a non-reentrant model


 *************** function _i2c_start *****************
 Defined at:
		line 82 in file "pic12f1840_i2c.c"
 Parameters:    Size  Location     Type
		None
 Auto vars:     Size  Location     Type
		None
 Return value:  Size  Location     Type
		None               void
 Registers used:
		wreg, status,2, status,0, pclath, cstack
 Tracked objects:
		On entry : 
		On exit  : 
		Unchanged: 
 Data sizes:     COMMON   BANK0   BANK1   BANK2
      Params:         0       0       0       0
      Locals:         0       0       0       0
      Temps:          0       0       0       0
      Totals:         0       0       0       0
Total ram usage:        0 bytes
 Hardware stack levels used:    1
 Hardware stack levels required when called:    1
 This function calls:
		_i2c_wait
 This function is called by:
		_mcp23017_write_reg
		_mcp23017_read_reg
 This function uses a non-reentrant model


 *************** function _i2c_send_data *****************
 Defined at:
		line 115 in file "pic12f1840_i2c.c"
 Parameters:    Size  Location     Type
  data            1    wreg     unsigned char 
 Auto vars:     Size  Location     Type
  data            1    0[COMMON] unsigned char 
 Return value:  Size  Location     Type
		None               void
 Registers used:
		wreg, status,2, status,0, pclath, cstack
 Tracked objects:
		On entry : 
		On exit  : 
		Unchanged: 
 Data sizes:     COMMON   BANK0   BANK1   BANK2
      Params:         0       0       0       0
      Locals:         1       0       0       0
      Temps:          0       0       0       0
      Totals:         1       0       0       0
Total ram usage:        1 bytes
 Hardware stack levels used:    1
 Hardware stack levels required when called:    1
 This function calls:
		_i2c_wait
 This function is called by:
		_mcp23017_write_reg
		_mcp23017_read_reg
 This function uses a non-reentrant model


 *************** function _i2c_send_address *****************
 Defined at:
		line 108 in file "pic12f1840_i2c.c"
 Parameters:    Size  Location     Type
  address         1    wreg     unsigned char 
  mode            1    0[COMMON] unsigned char 
 Auto vars:     Size  Location     Type
  address         1    2[COMMON] unsigned char 
 Return value:  Size  Location     Type
		None               void
 Registers used:
		wreg, status,2, status,0, pclath, cstack
 Tracked objects:
		On entry : 
		On exit  : 
		Unchanged: 
 Data sizes:     COMMON   BANK0   BANK1   BANK2
      Params:         1       0       0       0
      Locals:         1       0       0       0
      Temps:          1       0       0       0
      Totals:         3       0       0       0
Total ram usage:        3 bytes
 Hardware stack levels used:    1
 Hardware stack levels required when called:    1
 This function calls:
		_i2c_wait
 This function is called by:
		_mcp23017_write_reg
		_mcp23017_read_reg
 This function uses a non-reentrant model


 *************** function _i2c_restart *****************
 Defined at:
		line 87 in file "pic12f1840_i2c.c"
 Parameters:    Size  Location     Type
		None
 Auto vars:     Size  Location     Type
		None
 Return value:  Size  Location     Type
		None               void
 Registers used:
		wreg, status,2, status,0, pclath, cstack
 Tracked objects:
		On entry : 
		On exit  : 
		Unchanged: 
 Data sizes:     COMMON   BANK0   BANK1   BANK2
      Params:         0       0       0       0
      Locals:         0       0       0       0
      Temps:          0       0       0       0
      Totals:         0       0       0       0
Total ram usage:        0 bytes
 Hardware stack levels used:    1
 Hardware stack levels required when called:    1
 This function calls:
		_i2c_wait
 This function is called by:
		_mcp23017_read_reg
 This function uses a non-reentrant model


 *************** function _i2c_read_data *****************
 Defined at:
		line 120 in file "pic12f1840_i2c.c"
 Parameters:    Size  Location     Type
		None
 Auto vars:     Size  Location     Type
  read_data       1    1[COMMON] unsigned char 
 Return value:  Size  Location     Type
                  1    wreg      unsigned char 
 Registers used:
		wreg, status,2, status,0, pclath, cstack
 Tracked objects:
		On entry : 
		On exit  : 
		Unchanged: 
 Data sizes:     COMMON   BANK0   BANK1   BANK2
      Params:         0       0       0       0
      Locals:         1       0       0       0
      Temps:          1       0       0       0
      Totals:         2       0       0       0
Total ram usage:        2 bytes
 Hardware stack levels used:    1
 Hardware stack levels required when called:    1
 This function calls:
		_i2c_wait
 This function is called by:
		_mcp23017_read_reg
 This function uses a non-reentrant model


 *************** function _i2c_wait *****************
 Defined at:
		line 76 in file "pic12f1840_i2c.c"
 Parameters:    Size  Location     Type
		None
 Auto vars:     Size  Location     Type
		None
 Return value:  Size  Location     Type
		None               void
 Registers used:
		wreg, status,2
 Tracked objects:
		On entry : 
		On exit  : 
		Unchanged: 
 Data sizes:     COMMON   BANK0   BANK1   BANK2
      Params:         0       0       0       0
      Locals:         0       0       0       0
      Temps:          0       0       0       0
      Totals:         0       0       0       0
Total ram usage:        0 bytes
 Hardware stack levels used:    1
 This function calls:
		Nothing
 This function is called by:
		_i2c_start
		_i2c_restart
		_i2c_stop
		_i2c_send_address
		_i2c_send_data
		_i2c_read_data
		_i2c_send_ack
		_i2c_read_ack
 This function uses a non-reentrant model


 *************** function _mcp23017_init *****************
 Defined at:
		line 50 in file "mcp23017.c"
 Parameters:    Size  Location     Type
  address_3b      1    wreg     unsigned char 
 Auto vars:     Size  Location     Type
  address_3b      1    2[COMMON] unsigned char 
 Return value:  Size  Location     Type
		None               void
 Registers used:
		wreg, status,2, status,0, pclath, cstack
 Tracked objects:
		On entry : 
		On exit  : 
		Unchanged: 
 Data sizes:     COMMON   BANK0   BANK1   BANK2
      Params:         0       0       0       0
      Locals:         1       0       0       0
      Temps:          0       0       0       0
      Totals:         1       0       0       0
Total ram usage:        1 bytes
 Hardware stack levels used:    1
 Hardware stack levels required when called:    1
 This function calls:
		_mcp23017_set_slave_addr
 This function is called by:
		_main
 This function uses a non-reentrant model


 *************** function _mcp23017_set_slave_addr *****************
 Defined at:
		line 55 in file "mcp23017.c"
 Parameters:    Size  Location     Type
  address_3b      1    wreg     unsigned char 
 Auto vars:     Size  Location     Type
  address_3b      1    1[COMMON] unsigned char 
 Return value:  Size  Location     Type
		None               void
 Registers used:
		wreg, status,2
 Tracked objects:
		On entry : 
		On exit  : 
		Unchanged: 
 Data sizes:     COMMON   BANK0   BANK1   BANK2
      Params:         0       0       0       0
      Locals:         1       0       0       0
      Temps:          1       0       0       0
      Totals:         2       0       0       0
Total ram usage:        2 bytes
 Hardware stack levels used:    1
 This function calls:
		Nothing
 This function is called by:
		_mcp23017_init
 This function uses a non-reentrant model


 *************** function _i2c_init *****************
 Defined at:
		line 51 in file "pic12f1840_i2c.c"
 Parameters:    Size  Location     Type
  clock_hz        4    0[BANK0 ] unsigned long 
 Auto vars:     Size  Location     Type
		None
 Return value:  Size  Location     Type
		None               void
 Registers used:
		wreg, status,2, status,0, pclath, cstack
 Tracked objects:
		On entry : 
		On exit  : 
		Unchanged: 
 Data sizes:     COMMON   BANK0   BANK1   BANK2
      Params:         0       4       0       0
      Locals:         0       0       0       0
      Temps:          0       4       0       0
      Totals:         0       8       0       0
Total ram usage:        8 bytes
 Hardware stack levels used:    1
 Hardware stack levels required when called:    1
 This function calls:
		___lldiv
 This function is called by:
		_main
 This function uses a non-reentrant model


 *************** function ___lldiv *****************
 Defined at:
		line 6 in file "C:\Program Files (x86)\Microchip\xc8\v1.32\sources\common\lldiv.c"
 Parameters:    Size  Location     Type
  divisor         4    0[COMMON] unsigned long 
  dividend        4    4[COMMON] unsigned long 
 Auto vars:     Size  Location     Type
  quotient        4    9[COMMON] unsigned long 
  counter         1   13[COMMON] unsigned char 
 Return value:  Size  Location     Type
                  4    0[COMMON] unsigned long 
 Registers used:
		wreg, status,2, status,0
 Tracked objects:
		On entry : 
		On exit  : 
		Unchanged: 
 Data sizes:     COMMON   BANK0   BANK1   BANK2
      Params:         8       0       0       0
      Locals:         5       0       0       0
      Temps:          1       0       0       0
      Totals:        14       0       0       0
Total ram usage:       14 bytes
 Hardware stack levels used:    1
 This function calls:
		Nothing
 This function is called by:
		_i2c_init
 This function uses a non-reentrant model


 *************** function _delay_ms *****************
 Defined at:
		line 73 in file "main.c"
 Parameters:    Size  Location     Type
  t_ms            2    0[COMMON] unsigned int 
 Auto vars:     Size  Location     Type
  c               2    2[COMMON] unsigned int 
 Return value:  Size  Location     Type
		None               void
 Registers used:
		wreg, status,2, status,0
 Tracked objects:
		On entry : 
		On exit  : 
		Unchanged: 
 Data sizes:     COMMON   BANK0   BANK1   BANK2
      Params:         2       0       0       0
      Locals:         2       0       0       0
      Temps:          0       0       0       0
      Totals:         4       0       0       0
Total ram usage:        4 bytes
 Hardware stack levels used:    1
 This function calls:
		Nothing
 This function is called by:
		_main
 This function uses a non-reentrant model



MODULE INFORMATION

Module		Function		Class		Link	Load	Size
C:\Program Files (x86)\Microchip\xc8\v1.32\sources\common\lldiv.c
		___lldiv       		CODE           	0757	0000	82

C:\Program Files (x86)\Microchip\xc8\v1.32\sources\common\lldiv.c estimated size: 82

shared
		__initializatio		CODE           	07FB	0000	1

shared estimated size: 1

pic12f1840_i2c.c
		_i2c_send_data 		CODE           	0693	0000	7
		_i2c_send_addre		CODE           	06A2	0000	13
		_i2c_start     		CODE           	0682	0000	5
		_i2c_restart   		CODE           	067D	0000	5
		_i2c_stop      		CODE           	0687	0000	5
		_i2c_wait      		CODE           	068C	0000	7
		_i2c_init      		CODE           	070D	0000	74
		_i2c_read_data 		CODE           	06AF	0000	14

pic12f1840_i2c.c estimated size: 130

mcp23017.c
		_mcp23017_set_s		CODE           	069A	0000	8
		_mcp23017_init 		CODE           	0678	0000	5
		_mcp23017_read_		CODE           	06EB	0000	34
		_mcp23017_write		CODE           	06BD	0000	21

mcp23017.c estimated size: 68

main.c
		_main          		CODE           	07A9	0000	82
		_delay_ms      		CODE           	06D2	0000	25

main.c estimated size: 107

